Aug 25 11:13:51 isucon-summer-0-10 kernel: [    0.000000] Initializing cgroup subsys cpuset
Aug 25 11:13:51 isucon-summer-0-10 kernel: [    0.000000] Initializing cgroup subsys cpu
Aug 25 11:13:51 isucon-summer-0-10 kernel: [    0.000000] Initializing cgroup subsys cpuacct
Aug 25 11:13:51 isucon-summer-0-10 kernel: [    0.000000] Linux version 4.4.0-91-generic (buildd@lcy01-11) (gcc version 5.4.0 20160609 (Ubuntu 5.4.0-6ubuntu1~16.04.4) ) #114-Ubuntu SMP Tue Aug 8 11:56:56 UTC 2017 (Ubuntu 4.4.0-91.114-generic 4.4.76)
Aug 25 11:13:51 isucon-summer-0-10 kernel: [    0.000000] Command line: BOOT_IMAGE=/boot/vmlinuz-4.4.0-91-generic root=UUID=90234f41-0948-407a-bc42-e4a4208e02d5 ro noresume nomodeset consoleblank=0 quiet transparent_hugepage=always elevator=noop net.ifnames=0 biosdevname=0
Aug 25 11:13:51 isucon-summer-0-10 kernel: [    0.000000] KERNEL supported cpus:
Aug 25 11:13:51 isucon-summer-0-10 kernel: [    0.000000]   Intel GenuineIntel
Aug 25 11:13:51 isucon-summer-0-10 kernel: [    0.000000]   AMD AuthenticAMD
Aug 25 11:13:51 isucon-summer-0-10 kernel: [    0.000000]   Centaur CentaurHauls
Aug 25 11:13:51 isucon-summer-0-10 kernel: [    0.000000] Disabled fast string operations
Aug 25 11:13:51 isucon-summer-0-10 kernel: [    0.000000] x86/fpu: xstate_offset[2]:  576, xstate_sizes[2]:  256
Aug 25 11:13:51 isucon-summer-0-10 kernel: [    0.000000] x86/fpu: Supporting XSAVE feature 0x01: 'x87 floating point registers'
Aug 25 11:13:51 isucon-summer-0-10 kernel: [    0.000000] x86/fpu: Supporting XSAVE feature 0x02: 'SSE registers'
Aug 25 11:13:51 isucon-summer-0-10 kernel: [    0.000000] x86/fpu: Supporting XSAVE feature 0x04: 'AVX registers'
Aug 25 11:13:51 isucon-summer-0-10 kernel: [    0.000000] x86/fpu: Enabled xstate features 0x7, context size is 832 bytes, using 'standard' format.
Aug 25 11:13:51 isucon-summer-0-10 kernel: [    0.000000] x86/fpu: Using 'eager' FPU context switches.
Aug 25 11:13:51 isucon-summer-0-10 kernel: [    0.000000] e820: BIOS-provided physical RAM map:
Aug 25 11:13:51 isucon-summer-0-10 kernel: [    0.000000] BIOS-e820: [mem 0x0000000000000000-0x000000000009dbff] usable
Aug 25 11:13:51 isucon-summer-0-10 kernel: [    0.000000] BIOS-e820: [mem 0x000000000009dc00-0x000000000009ffff] reserved
Aug 25 11:13:51 isucon-summer-0-10 kernel: [    0.000000] BIOS-e820: [mem 0x00000000000f0000-0x00000000000fffff] reserved
Aug 25 11:13:51 isucon-summer-0-10 kernel: [    0.000000] BIOS-e820: [mem 0x0000000000100000-0x00000000bfffcfff] usable
Aug 25 11:13:51 isucon-summer-0-10 kernel: [    0.000000] BIOS-e820: [mem 0x00000000bfffd000-0x00000000bfffffff] reserved
Aug 25 11:13:51 isucon-summer-0-10 kernel: [    0.000000] BIOS-e820: [mem 0x00000000fffbc000-0x00000000ffffffff] reserved
Aug 25 11:13:51 isucon-summer-0-10 kernel: [    0.000000] NX (Execute Disable) protection: active
Aug 25 11:13:51 isucon-summer-0-10 kernel: [    0.000000] SMBIOS 2.4 present.
Aug 25 11:13:51 isucon-summer-0-10 kernel: [    0.000000] DMI: SAKURA Internet Inc. SAKURA CLOUD KVM, BIOS 2.4 06/30/2016
Aug 25 11:13:51 isucon-summer-0-10 kernel: [    0.000000] Hypervisor detected: KVM
Aug 25 11:13:51 isucon-summer-0-10 kernel: [    0.000000] e820: update [mem 0x00000000-0x00000fff] usable ==> reserved
Aug 25 11:13:51 isucon-summer-0-10 kernel: [    0.000000] e820: remove [mem 0x000a0000-0x000fffff] usable
Aug 25 11:13:51 isucon-summer-0-10 kernel: [    0.000000] e820: last_pfn = 0xbfffd max_arch_pfn = 0x400000000
Aug 25 11:13:51 isucon-summer-0-10 kernel: [    0.000000] MTRR default type: write-back
Aug 25 11:13:51 isucon-summer-0-10 kernel: [    0.000000] MTRR fixed ranges enabled:
Aug 25 11:13:51 isucon-summer-0-10 kernel: [    0.000000]   00000-9FFFF write-back
Aug 25 11:13:51 isucon-summer-0-10 kernel: [    0.000000]   A0000-BFFFF uncachable
Aug 25 11:13:51 isucon-summer-0-10 kernel: [    0.000000]   C0000-FFFFF write-protect
Aug 25 11:13:51 isucon-summer-0-10 kernel: [    0.000000] MTRR variable ranges enabled:
Aug 25 11:13:51 isucon-summer-0-10 kernel: [    0.000000]   0 base 0000E0000000 mask 3FFFE0000000 uncachable
Aug 25 11:13:51 isucon-summer-0-10 kernel: [    0.000000]   1 disabled
Aug 25 11:13:51 isucon-summer-0-10 kernel: [    0.000000]   2 disabled
Aug 25 11:13:51 isucon-summer-0-10 kernel: [    0.000000]   3 disabled
Aug 25 11:13:51 isucon-summer-0-10 kernel: [    0.000000]   4 disabled
Aug 25 11:13:51 isucon-summer-0-10 kernel: [    0.000000]   5 disabled
Aug 25 11:13:51 isucon-summer-0-10 kernel: [    0.000000]   6 disabled
Aug 25 11:13:51 isucon-summer-0-10 kernel: [    0.000000]   7 disabled
Aug 25 11:13:51 isucon-summer-0-10 kernel: [    0.000000] x86/PAT: Configuration [0-7]: WB  WC  UC- UC  WB  WC  UC- WT  
Aug 25 11:13:51 isucon-summer-0-10 kernel: [    0.000000] found SMP MP-table at [mem 0x000fda20-0x000fda2f] mapped at [ffff8800000fda20]
Aug 25 11:13:51 isucon-summer-0-10 kernel: [    0.000000] Scanning 1 areas for low memory corruption
Aug 25 11:13:51 isucon-summer-0-10 kernel: [    0.000000] Base memory trampoline at [ffff880000097000] 97000 size 24576
Aug 25 11:13:51 isucon-summer-0-10 kernel: [    0.000000] Using GB pages for direct mapping
Aug 25 11:13:51 isucon-summer-0-10 kernel: [    0.000000] BRK [0x0220c000, 0x0220cfff] PGTABLE
Aug 25 11:13:51 isucon-summer-0-10 kernel: [    0.000000] BRK [0x0220d000, 0x0220dfff] PGTABLE
Aug 25 11:13:51 isucon-summer-0-10 kernel: [    0.000000] BRK [0x0220e000, 0x0220efff] PGTABLE
Aug 25 11:13:51 isucon-summer-0-10 kernel: [    0.000000] BRK [0x0220f000, 0x0220ffff] PGTABLE
Aug 25 11:13:51 isucon-summer-0-10 kernel: [    0.000000] BRK [0x02210000, 0x02210fff] PGTABLE
Aug 25 11:13:51 isucon-summer-0-10 kernel: [    0.000000] RAMDISK: [mem 0x33eec000-0x35f6dfff]
Aug 25 11:13:51 isucon-summer-0-10 kernel: [    0.000000] ACPI: Early table checksum verification disabled
Aug 25 11:13:51 isucon-summer-0-10 kernel: [    0.000000] ACPI: RSDP 0x00000000000FD9D0 000014 (v00 BOCHS )
Aug 25 11:13:51 isucon-summer-0-10 kernel: [    0.000000] ACPI: RSDT 0x00000000BFFFD520 000034 (v01 BOCHS  BXPCRSDT 00000001 BXPC 00000001)
Aug 25 11:13:51 isucon-summer-0-10 kernel: [    0.000000] ACPI: FACP 0x00000000BFFFFDD0 000074 (v01 BOCHS  BXPCFACP 00000001 BXPC 00000001)
Aug 25 11:13:51 isucon-summer-0-10 kernel: [    0.000000] ACPI: DSDT 0x00000000BFFFD8D0 0024A2 (v01 BXPC   BXDSDT   00000001 INTL 20090123)
Aug 25 11:13:51 isucon-summer-0-10 kernel: [    0.000000] ACPI: FACS 0x00000000BFFFFD80 000040
Aug 25 11:13:51 isucon-summer-0-10 kernel: [    0.000000] ACPI: SSDT 0x00000000BFFFD770 000160 (v01 BOCHS  BXPCSSDT 00000001 BXPC 00000001)
Aug 25 11:13:51 isucon-summer-0-10 kernel: [    0.000000] ACPI: APIC 0x00000000BFFFD670 000088 (v01 BOCHS  BXPCAPIC 00000001 BXPC 00000001)
Aug 25 11:13:51 isucon-summer-0-10 kernel: [    0.000000] ACPI: SSDT 0x00000000BFFFD560 00010F (v01 BXPC   BXSSDTPC 00000001 INTL 20090123)
Aug 25 11:13:51 isucon-summer-0-10 kernel: [    0.000000] ACPI: Local APIC address 0xfee00000
Aug 25 11:13:51 isucon-summer-0-10 kernel: [    0.000000] No NUMA configuration found
Aug 25 11:13:51 isucon-summer-0-10 kernel: [    0.000000] Faking a node at [mem 0x0000000000000000-0x00000000bfffcfff]
Aug 25 11:13:51 isucon-summer-0-10 kernel: [    0.000000] NODE_DATA(0) allocated [mem 0xbfff8000-0xbfffcfff]
Aug 25 11:13:51 isucon-summer-0-10 kernel: [    0.000000] kvm-clock: Using msrs 4b564d01 and 4b564d00
Aug 25 11:13:51 isucon-summer-0-10 kernel: [    0.000000] kvm-clock: cpu 0, msr 0:bfff0001, primary cpu clock
Aug 25 11:13:51 isucon-summer-0-10 kernel: [    0.000000] clocksource: kvm-clock: mask: 0xffffffffffffffff max_cycles: 0x1cd42e4dffb, max_idle_ns: 881590591483 ns
Aug 25 11:13:51 isucon-summer-0-10 kernel: [    0.000000] Zone ranges:
Aug 25 11:13:51 isucon-summer-0-10 kernel: [    0.000000]   DMA      [mem 0x0000000000001000-0x0000000000ffffff]
Aug 25 11:13:51 isucon-summer-0-10 kernel: [    0.000000]   DMA32    [mem 0x0000000001000000-0x00000000bfffcfff]
Aug 25 11:13:51 isucon-summer-0-10 kernel: [    0.000000]   Normal   empty
Aug 25 11:13:51 isucon-summer-0-10 kernel: [    0.000000]   Device   empty
Aug 25 11:13:51 isucon-summer-0-10 kernel: [    0.000000] Movable zone start for each node
Aug 25 11:13:51 isucon-summer-0-10 kernel: [    0.000000] Early memory node ranges
Aug 25 11:13:51 isucon-summer-0-10 kernel: [    0.000000]   node   0: [mem 0x0000000000001000-0x000000000009cfff]
Aug 25 11:13:51 isucon-summer-0-10 kernel: [    0.000000]   node   0: [mem 0x0000000000100000-0x00000000bfffcfff]
Aug 25 11:13:51 isucon-summer-0-10 kernel: [    0.000000] Initmem setup node 0 [mem 0x0000000000001000-0x00000000bfffcfff]
Aug 25 11:13:51 isucon-summer-0-10 kernel: [    0.000000] On node 0 totalpages: 786329
Aug 25 11:13:51 isucon-summer-0-10 kernel: [    0.000000]   DMA zone: 64 pages used for memmap
Aug 25 11:13:51 isucon-summer-0-10 kernel: [    0.000000]   DMA zone: 21 pages reserved
Aug 25 11:13:51 isucon-summer-0-10 kernel: [    0.000000]   DMA zone: 3996 pages, LIFO batch:0
Aug 25 11:13:51 isucon-summer-0-10 kernel: [    0.000000]   DMA32 zone: 12224 pages used for memmap
Aug 25 11:13:51 isucon-summer-0-10 kernel: [    0.000000]   DMA32 zone: 782333 pages, LIFO batch:31
Aug 25 11:13:51 isucon-summer-0-10 kernel: [    0.000000] ACPI: PM-Timer IO Port: 0xb008
Aug 25 11:13:51 isucon-summer-0-10 kernel: [    0.000000] ACPI: Local APIC address 0xfee00000
Aug 25 11:13:51 isucon-summer-0-10 kernel: [    0.000000] ACPI: LAPIC_NMI (acpi_id[0xff] dfl dfl lint[0x1])
Aug 25 11:13:51 isucon-summer-0-10 kernel: [    0.000000] IOAPIC[0]: apic_id 0, version 17, address 0xfec00000, GSI 0-23
Aug 25 11:13:51 isucon-summer-0-10 kernel: [    0.000000] ACPI: INT_SRC_OVR (bus 0 bus_irq 0 global_irq 2 dfl dfl)
Aug 25 11:13:51 isucon-summer-0-10 kernel: [    0.000000] ACPI: INT_SRC_OVR (bus 0 bus_irq 5 global_irq 5 high level)
Aug 25 11:13:51 isucon-summer-0-10 kernel: [    0.000000] ACPI: INT_SRC_OVR (bus 0 bus_irq 9 global_irq 9 high level)
Aug 25 11:13:51 isucon-summer-0-10 kernel: [    0.000000] ACPI: INT_SRC_OVR (bus 0 bus_irq 10 global_irq 10 high level)
Aug 25 11:13:51 isucon-summer-0-10 kernel: [    0.000000] ACPI: INT_SRC_OVR (bus 0 bus_irq 11 global_irq 11 high level)
Aug 25 11:13:51 isucon-summer-0-10 kernel: [    0.000000] ACPI: IRQ0 used by override.
Aug 25 11:13:51 isucon-summer-0-10 kernel: [    0.000000] ACPI: IRQ5 used by override.
Aug 25 11:13:51 isucon-summer-0-10 kernel: [    0.000000] ACPI: IRQ9 used by override.
Aug 25 11:13:51 isucon-summer-0-10 kernel: [    0.000000] ACPI: IRQ10 used by override.
Aug 25 11:13:51 isucon-summer-0-10 kernel: [    0.000000] ACPI: IRQ11 used by override.
Aug 25 11:13:51 isucon-summer-0-10 kernel: [    0.000000] Using ACPI (MADT) for SMP configuration information
Aug 25 11:13:51 isucon-summer-0-10 kernel: [    0.000000] smpboot: Allowing 3 CPUs, 0 hotplug CPUs
Aug 25 11:13:51 isucon-summer-0-10 kernel: [    0.000000] PM: Registered nosave memory: [mem 0x00000000-0x00000fff]
Aug 25 11:13:51 isucon-summer-0-10 kernel: [    0.000000] PM: Registered nosave memory: [mem 0x0009d000-0x0009dfff]
Aug 25 11:13:51 isucon-summer-0-10 kernel: [    0.000000] PM: Registered nosave memory: [mem 0x0009e000-0x0009ffff]
Aug 25 11:13:51 isucon-summer-0-10 kernel: [    0.000000] PM: Registered nosave memory: [mem 0x000a0000-0x000effff]
Aug 25 11:13:51 isucon-summer-0-10 kernel: [    0.000000] PM: Registered nosave memory: [mem 0x000f0000-0x000fffff]
Aug 25 11:13:51 isucon-summer-0-10 kernel: [    0.000000] e820: [mem 0xc0000000-0xfffbbfff] available for PCI devices
Aug 25 11:13:51 isucon-summer-0-10 kernel: [    0.000000] Booting paravirtualized kernel on KVM
Aug 25 11:13:51 isucon-summer-0-10 kernel: [    0.000000] clocksource: refined-jiffies: mask: 0xffffffff max_cycles: 0xffffffff, max_idle_ns: 7645519600211568 ns
Aug 25 11:13:51 isucon-summer-0-10 kernel: [    0.000000] setup_percpu: NR_CPUS:512 nr_cpumask_bits:512 nr_cpu_ids:3 nr_node_ids:1
Aug 25 11:13:51 isucon-summer-0-10 kernel: [    0.000000] PERCPU: Embedded 33 pages/cpu @ffff8800bfc00000 s98264 r8192 d28712 u524288
Aug 25 11:13:51 isucon-summer-0-10 kernel: [    0.000000] pcpu-alloc: s98264 r8192 d28712 u524288 alloc=1*2097152
Aug 25 11:13:51 isucon-summer-0-10 kernel: [    0.000000] pcpu-alloc: [0] 0 1 2 - 
Aug 25 11:13:51 isucon-summer-0-10 kernel: [    0.000000] kvm-stealtime: cpu 0, msr bfc0d9c0
Aug 25 11:13:51 isucon-summer-0-10 kernel: [    0.000000] Built 1 zonelists in Node order, mobility grouping on.  Total pages: 774020
Aug 25 11:13:51 isucon-summer-0-10 kernel: [    0.000000] Policy zone: DMA32
Aug 25 11:13:51 isucon-summer-0-10 kernel: [    0.000000] Kernel command line: BOOT_IMAGE=/boot/vmlinuz-4.4.0-91-generic root=UUID=90234f41-0948-407a-bc42-e4a4208e02d5 ro noresume nomodeset consoleblank=0 quiet transparent_hugepage=always elevator=noop net.ifnames=0 biosdevname=0
Aug 25 11:13:51 isucon-summer-0-10 kernel: [    0.000000] PID hash table entries: 4096 (order: 3, 32768 bytes)
Aug 25 11:13:51 isucon-summer-0-10 kernel: [    0.000000] Calgary: detecting Calgary via BIOS EBDA area
Aug 25 11:13:51 isucon-summer-0-10 kernel: [    0.000000] Calgary: Unable to locate Rio Grande table in EBDA - bailing!
Aug 25 11:13:51 isucon-summer-0-10 kernel: [    0.000000] Memory: 3043588K/3145316K available (8474K kernel code, 1294K rwdata, 3984K rodata, 1488K init, 1316K bss, 101728K reserved, 0K cma-reserved)
Aug 25 11:13:51 isucon-summer-0-10 kernel: [    0.000000] SLUB: HWalign=64, Order=0-3, MinObjects=0, CPUs=3, Nodes=1
Aug 25 11:13:51 isucon-summer-0-10 kernel: [    0.000000] Hierarchical RCU implementation.
Aug 25 11:13:51 isucon-summer-0-10 kernel: [    0.000000] 	Build-time adjustment of leaf fanout to 64.
Aug 25 11:13:51 isucon-summer-0-10 kernel: [    0.000000] 	RCU restricting CPUs from NR_CPUS=512 to nr_cpu_ids=3.
Aug 25 11:13:51 isucon-summer-0-10 kernel: [    0.000000] RCU: Adjusting geometry for rcu_fanout_leaf=64, nr_cpu_ids=3
Aug 25 11:13:51 isucon-summer-0-10 kernel: [    0.000000] NR_IRQS:33024 nr_irqs:448 16
Aug 25 11:13:51 isucon-summer-0-10 kernel: [    0.000000] Console: colour dummy device 80x25
Aug 25 11:13:51 isucon-summer-0-10 kernel: [    0.000000] console [tty0] enabled
Aug 25 11:13:51 isucon-summer-0-10 kernel: [    0.000000] tsc: Detected 2499.998 MHz processor
Aug 25 11:13:51 isucon-summer-0-10 kernel: [    0.008000] Calibrating delay loop (skipped) preset value.. 4999.99 BogoMIPS (lpj=9999992)
Aug 25 11:13:51 isucon-summer-0-10 kernel: [    0.008000] pid_max: default: 32768 minimum: 301
Aug 25 11:13:51 isucon-summer-0-10 kernel: [    0.008000] ACPI: Core revision 20150930
Aug 25 11:13:51 isucon-summer-0-10 kernel: [    0.008000] ACPI: 3 ACPI AML tables successfully acquired and loaded
Aug 25 11:13:51 isucon-summer-0-10 kernel: [    0.008000] Security Framework initialized
Aug 25 11:13:51 isucon-summer-0-10 kernel: [    0.008000] Yama: becoming mindful.
Aug 25 11:13:51 isucon-summer-0-10 kernel: [    0.008000] AppArmor: AppArmor initialized
Aug 25 11:13:51 isucon-summer-0-10 kernel: [    0.008000] Dentry cache hash table entries: 524288 (order: 10, 4194304 bytes)
Aug 25 11:13:51 isucon-summer-0-10 kernel: [    0.008000] Inode-cache hash table entries: 262144 (order: 9, 2097152 bytes)
Aug 25 11:13:51 isucon-summer-0-10 kernel: [    0.008000] Mount-cache hash table entries: 8192 (order: 4, 65536 bytes)
Aug 25 11:13:51 isucon-summer-0-10 kernel: [    0.008000] Mountpoint-cache hash table entries: 8192 (order: 4, 65536 bytes)
Aug 25 11:13:51 isucon-summer-0-10 kernel: [    0.008053] Initializing cgroup subsys io
Aug 25 11:13:51 isucon-summer-0-10 kernel: [    0.008056] Initializing cgroup subsys memory
Aug 25 11:13:51 isucon-summer-0-10 kernel: [    0.008062] Initializing cgroup subsys devices
Aug 25 11:13:51 isucon-summer-0-10 kernel: [    0.008064] Initializing cgroup subsys freezer
Aug 25 11:13:51 isucon-summer-0-10 kernel: [    0.008066] Initializing cgroup subsys net_cls
Aug 25 11:13:51 isucon-summer-0-10 kernel: [    0.008068] Initializing cgroup subsys perf_event
Aug 25 11:13:51 isucon-summer-0-10 kernel: [    0.008070] Initializing cgroup subsys net_prio
Aug 25 11:13:51 isucon-summer-0-10 kernel: [    0.008072] Initializing cgroup subsys hugetlb
Aug 25 11:13:51 isucon-summer-0-10 kernel: [    0.008074] Initializing cgroup subsys pids
Aug 25 11:13:51 isucon-summer-0-10 kernel: [    0.008152] Disabled fast string operations
Aug 25 11:13:51 isucon-summer-0-10 kernel: [    0.008170] mce: CPU supports 10 MCE banks
Aug 25 11:13:51 isucon-summer-0-10 kernel: [    0.008232] Last level iTLB entries: 4KB 0, 2MB 0, 4MB 0
Aug 25 11:13:51 isucon-summer-0-10 kernel: [    0.008234] Last level dTLB entries: 4KB 0, 2MB 0, 4MB 0, 1GB 0
Aug 25 11:13:51 isucon-summer-0-10 kernel: [    0.010217] Freeing SMP alternatives memory: 32K (ffffffff820b9000 - ffffffff820c1000)
Aug 25 11:13:51 isucon-summer-0-10 kernel: [    0.018551] ftrace: allocating 32131 entries in 126 pages
Aug 25 11:13:51 isucon-summer-0-10 kernel: [    0.032102] smpboot: APIC(0) Converting physical 0 to logical package 0
Aug 25 11:13:51 isucon-summer-0-10 kernel: [    0.032105] smpboot: APIC(1) Converting physical 1 to logical package 1
Aug 25 11:13:51 isucon-summer-0-10 kernel: [    0.032106] smpboot: APIC(2) Converting physical 2 to logical package 2
Aug 25 11:13:51 isucon-summer-0-10 kernel: [    0.032107] smpboot: Max logical packages: 3
Aug 25 11:13:51 isucon-summer-0-10 kernel: [    0.032467] x2apic enabled
Aug 25 11:13:51 isucon-summer-0-10 kernel: [    0.032736] Switched APIC routing to physical x2apic.
Aug 25 11:13:51 isucon-summer-0-10 kernel: [    0.034079] ..TIMER: vector=0x30 apic1=0 pin1=2 apic2=-1 pin2=-1
Aug 25 11:13:51 isucon-summer-0-10 kernel: [    0.034116] TSC deadline timer enabled
Aug 25 11:13:51 isucon-summer-0-10 kernel: [    0.034120] smpboot: CPU0: Intel(R) Xeon(R) CPU E5-2640 0 @ 2.50GHz (family: 0x6, model: 0x2d, stepping: 0x7)
Aug 25 11:13:51 isucon-summer-0-10 kernel: [    0.034134] Performance Events: 16-deep LBR, SandyBridge events, Intel PMU driver.
Aug 25 11:13:51 isucon-summer-0-10 kernel: [    0.036000] core: PEBS disabled due to CPU errata, please upgrade microcode
Aug 25 11:13:51 isucon-summer-0-10 kernel: [    0.036000] ... version:                2
Aug 25 11:13:51 isucon-summer-0-10 kernel: [    0.036000] ... bit width:              48
Aug 25 11:13:51 isucon-summer-0-10 kernel: [    0.036000] ... generic registers:      4
Aug 25 11:13:51 isucon-summer-0-10 kernel: [    0.036000] ... value mask:             0000ffffffffffff
Aug 25 11:13:51 isucon-summer-0-10 kernel: [    0.036000] ... max period:             000000007fffffff
Aug 25 11:13:51 isucon-summer-0-10 kernel: [    0.036000] ... fixed-purpose events:   3
Aug 25 11:13:51 isucon-summer-0-10 kernel: [    0.036000] ... event mask:             000000070000000f
Aug 25 11:13:51 isucon-summer-0-10 kernel: [    0.037109] x86: Booting SMP configuration:
Aug 25 11:13:51 isucon-summer-0-10 kernel: [    0.037111] .... node  #0, CPUs:      #1
Aug 25 11:13:51 isucon-summer-0-10 kernel: [    0.008000] kvm-clock: cpu 1, msr 0:bfff0041, secondary cpu clock
Aug 25 11:13:51 isucon-summer-0-10 kernel: [    0.008000] Disabled fast string operations
Aug 25 11:13:51 isucon-summer-0-10 kernel: [    0.040062] kvm-stealtime: cpu 1, msr bfc8d9c0
Aug 25 11:13:51 isucon-summer-0-10 kernel: [    0.040199]  #2
Aug 25 11:13:51 isucon-summer-0-10 kernel: [    0.008000] kvm-clock: cpu 2, msr 0:bfff0081, secondary cpu clock
Aug 25 11:13:51 isucon-summer-0-10 kernel: [    0.008000] Disabled fast string operations
Aug 25 11:13:51 isucon-summer-0-10 kernel: [    0.044040] x86: Booted up 1 node, 3 CPUs
Aug 25 11:13:51 isucon-summer-0-10 kernel: [    0.044045] smpboot: Total of 3 processors activated (14999.98 BogoMIPS)
Aug 25 11:13:51 isucon-summer-0-10 kernel: [    0.044028] kvm-stealtime: cpu 2, msr bfd0d9c0
Aug 25 11:13:51 isucon-summer-0-10 kernel: [    0.044560] devtmpfs: initialized
Aug 25 11:13:51 isucon-summer-0-10 kernel: [    0.046045] evm: security.selinux
Aug 25 11:13:51 isucon-summer-0-10 kernel: [    0.046046] evm: security.SMACK64
Aug 25 11:13:51 isucon-summer-0-10 kernel: [    0.046047] evm: security.SMACK64EXEC
Aug 25 11:13:51 isucon-summer-0-10 kernel: [    0.046048] evm: security.SMACK64TRANSMUTE
Aug 25 11:13:51 isucon-summer-0-10 kernel: [    0.046048] evm: security.SMACK64MMAP
Aug 25 11:13:51 isucon-summer-0-10 kernel: [    0.046049] evm: security.ima
Aug 25 11:13:51 isucon-summer-0-10 kernel: [    0.046050] evm: security.capability
Aug 25 11:13:51 isucon-summer-0-10 kernel: [    0.046086] clocksource: jiffies: mask: 0xffffffff max_cycles: 0xffffffff, max_idle_ns: 7645041785100000 ns
Aug 25 11:13:51 isucon-summer-0-10 kernel: [    0.046086] futex hash table entries: 1024 (order: 4, 65536 bytes)
Aug 25 11:13:51 isucon-summer-0-10 kernel: [    0.046086] pinctrl core: initialized pinctrl subsystem
Aug 25 11:13:51 isucon-summer-0-10 kernel: [    0.046086] RTC time:  2:13:49, date: 08/25/17
Aug 25 11:13:51 isucon-summer-0-10 kernel: [    0.046086] NET: Registered protocol family 16
Aug 25 11:13:51 isucon-summer-0-10 kernel: [    0.060025] cpuidle: using governor ladder
Aug 25 11:13:51 isucon-summer-0-10 kernel: [    0.072021] cpuidle: using governor menu
Aug 25 11:13:51 isucon-summer-0-10 kernel: [    0.072031] PCCT header not found.
Aug 25 11:13:51 isucon-summer-0-10 kernel: [    0.072248] ACPI: bus type PCI registered
Aug 25 11:13:51 isucon-summer-0-10 kernel: [    0.072251] acpiphp: ACPI Hot Plug PCI Controller Driver version: 0.5
Aug 25 11:13:51 isucon-summer-0-10 kernel: [    0.072432] PCI: Using configuration type 1 for base access
Aug 25 11:13:51 isucon-summer-0-10 kernel: [    0.072569] core: PMU erratum BJ122, BV98, HSD29 workaround disabled, HT off
Aug 25 11:13:51 isucon-summer-0-10 kernel: [    0.084141] ACPI: Added _OSI(Module Device)
Aug 25 11:13:51 isucon-summer-0-10 kernel: [    0.084143] ACPI: Added _OSI(Processor Device)
Aug 25 11:13:51 isucon-summer-0-10 kernel: [    0.084145] ACPI: Added _OSI(3.0 _SCP Extensions)
Aug 25 11:13:51 isucon-summer-0-10 kernel: [    0.084146] ACPI: Added _OSI(Processor Aggregator Device)
Aug 25 11:13:51 isucon-summer-0-10 kernel: [    0.085926] ACPI: Interpreter enabled
Aug 25 11:13:51 isucon-summer-0-10 kernel: [    0.085936] ACPI: (supports S0 S5)
Aug 25 11:13:51 isucon-summer-0-10 kernel: [    0.085937] ACPI: Using IOAPIC for interrupt routing
Aug 25 11:13:51 isucon-summer-0-10 kernel: [    0.085951] PCI: Using host bridge windows from ACPI; if necessary, use "pci=nocrs" and report a bug
Aug 25 11:13:51 isucon-summer-0-10 kernel: [    0.089524] ACPI: PCI Root Bridge [PCI0] (domain 0000 [bus 00-ff])
Aug 25 11:13:51 isucon-summer-0-10 kernel: [    0.089529] acpi PNP0A03:00: _OSC: OS supports [ASPM ClockPM Segments MSI]
Aug 25 11:13:51 isucon-summer-0-10 kernel: [    0.089533] acpi PNP0A03:00: _OSC failed (AE_NOT_FOUND); disabling ASPM
Aug 25 11:13:51 isucon-summer-0-10 kernel: [    0.089540] acpi PNP0A03:00: fail to add MMCONFIG information, can't access extended PCI configuration space under this bridge.
Aug 25 11:13:51 isucon-summer-0-10 kernel: [    0.089847] acpiphp: Slot [1] registered
Aug 25 11:13:51 isucon-summer-0-10 kernel: [    0.089873] acpiphp: Slot [2] registered
Aug 25 11:13:51 isucon-summer-0-10 kernel: [    0.089890] acpiphp: Slot [3] registered
Aug 25 11:13:51 isucon-summer-0-10 kernel: [    0.089925] acpiphp: Slot [4] registered
Aug 25 11:13:51 isucon-summer-0-10 kernel: [    0.089946] acpiphp: Slot [5] registered
Aug 25 11:13:51 isucon-summer-0-10 kernel: [    0.089963] acpiphp: Slot [6] registered
Aug 25 11:13:51 isucon-summer-0-10 kernel: [    0.089979] acpiphp: Slot [7] registered
Aug 25 11:13:51 isucon-summer-0-10 kernel: [    0.089995] acpiphp: Slot [8] registered
Aug 25 11:13:51 isucon-summer-0-10 kernel: [    0.090010] acpiphp: Slot [9] registered
Aug 25 11:13:51 isucon-summer-0-10 kernel: [    0.090025] acpiphp: Slot [10] registered
Aug 25 11:13:51 isucon-summer-0-10 kernel: [    0.090041] acpiphp: Slot [11] registered
Aug 25 11:13:51 isucon-summer-0-10 kernel: [    0.090057] acpiphp: Slot [12] registered
Aug 25 11:13:51 isucon-summer-0-10 kernel: [    0.090073] acpiphp: Slot [13] registered
Aug 25 11:13:51 isucon-summer-0-10 kernel: [    0.090089] acpiphp: Slot [14] registered
Aug 25 11:13:51 isucon-summer-0-10 kernel: [    0.090105] acpiphp: Slot [15] registered
Aug 25 11:13:51 isucon-summer-0-10 kernel: [    0.090120] acpiphp: Slot [16] registered
Aug 25 11:13:51 isucon-summer-0-10 kernel: [    0.090136] acpiphp: Slot [17] registered
Aug 25 11:13:51 isucon-summer-0-10 kernel: [    0.090151] acpiphp: Slot [18] registered
Aug 25 11:13:51 isucon-summer-0-10 kernel: [    0.090166] acpiphp: Slot [19] registered
Aug 25 11:13:51 isucon-summer-0-10 kernel: [    0.090183] acpiphp: Slot [20] registered
Aug 25 11:13:51 isucon-summer-0-10 kernel: [    0.090198] acpiphp: Slot [21] registered
Aug 25 11:13:51 isucon-summer-0-10 kernel: [    0.090215] acpiphp: Slot [22] registered
Aug 25 11:13:51 isucon-summer-0-10 kernel: [    0.090231] acpiphp: Slot [23] registered
Aug 25 11:13:51 isucon-summer-0-10 kernel: [    0.090246] acpiphp: Slot [24] registered
Aug 25 11:13:51 isucon-summer-0-10 kernel: [    0.090261] acpiphp: Slot [25] registered
Aug 25 11:13:51 isucon-summer-0-10 kernel: [    0.090277] acpiphp: Slot [26] registered
Aug 25 11:13:51 isucon-summer-0-10 kernel: [    0.090294] acpiphp: Slot [27] registered
Aug 25 11:13:51 isucon-summer-0-10 kernel: [    0.090309] acpiphp: Slot [28] registered
Aug 25 11:13:51 isucon-summer-0-10 kernel: [    0.090325] acpiphp: Slot [29] registered
Aug 25 11:13:51 isucon-summer-0-10 kernel: [    0.090340] acpiphp: Slot [30] registered
Aug 25 11:13:51 isucon-summer-0-10 kernel: [    0.090357] acpiphp: Slot [31] registered
Aug 25 11:13:51 isucon-summer-0-10 kernel: [    0.090616] PCI host bridge to bus 0000:00
Aug 25 11:13:51 isucon-summer-0-10 kernel: [    0.090619] pci_bus 0000:00: root bus resource [io  0x0000-0x0cf7 window]
Aug 25 11:13:51 isucon-summer-0-10 kernel: [    0.090620] pci_bus 0000:00: root bus resource [io  0x0d00-0xffff window]
Aug 25 11:13:51 isucon-summer-0-10 kernel: [    0.090622] pci_bus 0000:00: root bus resource [mem 0x000a0000-0x000bffff window]
Aug 25 11:13:51 isucon-summer-0-10 kernel: [    0.090624] pci_bus 0000:00: root bus resource [mem 0xe0000000-0xfebfffff window]
Aug 25 11:13:51 isucon-summer-0-10 kernel: [    0.090627] pci_bus 0000:00: root bus resource [bus 00-ff]
Aug 25 11:13:51 isucon-summer-0-10 kernel: [    0.090680] pci 0000:00:00.0: [8086:1237] type 00 class 0x060000
Aug 25 11:13:51 isucon-summer-0-10 kernel: [    0.091067] pci 0000:00:01.0: [8086:7000] type 00 class 0x060100
Aug 25 11:13:51 isucon-summer-0-10 kernel: [    0.091521] pci 0000:00:01.1: [8086:7010] type 00 class 0x010180
Aug 25 11:13:51 isucon-summer-0-10 kernel: [    0.091771] pci 0000:00:01.1: reg 0x20: [io  0xc000-0xc00f]
Aug 25 11:13:51 isucon-summer-0-10 kernel: [    0.091871] pci 0000:00:01.1: legacy IDE quirk: reg 0x10: [io  0x01f0-0x01f7]
Aug 25 11:13:51 isucon-summer-0-10 kernel: [    0.091872] pci 0000:00:01.1: legacy IDE quirk: reg 0x14: [io  0x03f6]
Aug 25 11:13:51 isucon-summer-0-10 kernel: [    0.091873] pci 0000:00:01.1: legacy IDE quirk: reg 0x18: [io  0x0170-0x0177]
Aug 25 11:13:51 isucon-summer-0-10 kernel: [    0.091875] pci 0000:00:01.1: legacy IDE quirk: reg 0x1c: [io  0x0376]
Aug 25 11:13:51 isucon-summer-0-10 kernel: [    0.092042] pci 0000:00:01.2: [8086:7020] type 00 class 0x0c0300
Aug 25 11:13:51 isucon-summer-0-10 kernel: [    0.092276] pci 0000:00:01.2: reg 0x20: [io  0xc020-0xc03f]
Aug 25 11:13:51 isucon-summer-0-10 kernel: [    0.092518] pci 0000:00:01.3: [8086:7113] type 00 class 0x068000
Aug 25 11:13:51 isucon-summer-0-10 kernel: [    0.092922] pci 0000:00:01.3: quirk: [io  0xb000-0xb03f] claimed by PIIX4 ACPI
Aug 25 11:13:51 isucon-summer-0-10 kernel: [    0.092937] pci 0000:00:01.3: quirk: [io  0xb100-0xb10f] claimed by PIIX4 SMB
Aug 25 11:13:51 isucon-summer-0-10 kernel: [    0.093137] pci 0000:00:02.0: [1013:00b8] type 00 class 0x030000
Aug 25 11:13:51 isucon-summer-0-10 kernel: [    0.100015] pci 0000:00:02.0: reg 0x10: [mem 0xf0000000-0xf1ffffff pref]
Aug 25 11:13:51 isucon-summer-0-10 kernel: [    0.108016] pci 0000:00:02.0: reg 0x14: [mem 0xf2000000-0xf2000fff]
Aug 25 11:13:51 isucon-summer-0-10 kernel: [    0.148016] pci 0000:00:02.0: reg 0x30: [mem 0xf2010000-0xf201ffff pref]
Aug 25 11:13:51 isucon-summer-0-10 kernel: [    0.148287] pci 0000:00:03.0: [1af4:1000] type 00 class 0x020000
Aug 25 11:13:51 isucon-summer-0-10 kernel: [    0.148439] pci 0000:00:03.0: reg 0x10: [io  0xc040-0xc05f]
Aug 25 11:13:51 isucon-summer-0-10 kernel: [    0.148510] pci 0000:00:03.0: reg 0x14: [mem 0xf2020000-0xf2020fff]
Aug 25 11:13:51 isucon-summer-0-10 kernel: [    0.148886] pci 0000:00:03.0: reg 0x30: [mem 0xf2030000-0xf203ffff pref]
Aug 25 11:13:51 isucon-summer-0-10 kernel: [    0.149127] pci 0000:00:04.0: [1af4:1002] type 00 class 0x050000
Aug 25 11:13:51 isucon-summer-0-10 kernel: [    0.149201] pci 0000:00:04.0: reg 0x10: [io  0xc060-0xc07f]
Aug 25 11:13:51 isucon-summer-0-10 kernel: [    0.149645] pci 0000:00:05.0: [1af4:1001] type 00 class 0x010000
Aug 25 11:13:51 isucon-summer-0-10 kernel: [    0.149813] pci 0000:00:05.0: reg 0x10: [io  0xc080-0xc0bf]
Aug 25 11:13:51 isucon-summer-0-10 kernel: [    0.149881] pci 0000:00:05.0: reg 0x14: [mem 0xf2040000-0xf2040fff]
Aug 25 11:13:51 isucon-summer-0-10 kernel: [    0.150834] ACPI: PCI Interrupt Link [LNKA] (IRQs 5 *10 11)
Aug 25 11:13:51 isucon-summer-0-10 kernel: [    0.150901] ACPI: PCI Interrupt Link [LNKB] (IRQs 5 *10 11)
Aug 25 11:13:51 isucon-summer-0-10 kernel: [    0.150970] ACPI: PCI Interrupt Link [LNKC] (IRQs 5 10 *11)
Aug 25 11:13:51 isucon-summer-0-10 kernel: [    0.151039] ACPI: PCI Interrupt Link [LNKD] (IRQs 5 10 *11)
Aug 25 11:13:51 isucon-summer-0-10 kernel: [    0.151085] ACPI: PCI Interrupt Link [LNKS] (IRQs *9)
Aug 25 11:13:51 isucon-summer-0-10 kernel: [    0.151432] ACPI: Enabled 16 GPEs in block 00 to 0F
Aug 25 11:13:51 isucon-summer-0-10 kernel: [    0.152024] vgaarb: setting as boot device: PCI:0000:00:02.0
Aug 25 11:13:51 isucon-summer-0-10 kernel: [    0.152026] vgaarb: device added: PCI:0000:00:02.0,decodes=io+mem,owns=io+mem,locks=none
Aug 25 11:13:51 isucon-summer-0-10 kernel: [    0.152028] vgaarb: loaded
Aug 25 11:13:51 isucon-summer-0-10 kernel: [    0.152029] vgaarb: bridge control possible 0000:00:02.0
Aug 25 11:13:51 isucon-summer-0-10 kernel: [    0.152269] SCSI subsystem initialized
Aug 25 11:13:51 isucon-summer-0-10 kernel: [    0.152322] libata version 3.00 loaded.
Aug 25 11:13:51 isucon-summer-0-10 kernel: [    0.152322] ACPI: bus type USB registered
Aug 25 11:13:51 isucon-summer-0-10 kernel: [    0.152322] usbcore: registered new interface driver usbfs
Aug 25 11:13:51 isucon-summer-0-10 kernel: [    0.152322] usbcore: registered new interface driver hub
Aug 25 11:13:51 isucon-summer-0-10 kernel: [    0.152322] usbcore: registered new device driver usb
Aug 25 11:13:51 isucon-summer-0-10 kernel: [    0.152322] ioremap error for 0xbffff000-0xc0000000, requested 0x2, got 0x0
Aug 25 11:13:51 isucon-summer-0-10 kernel: [    0.152322] dmi: Firmware registration failed.
Aug 25 11:13:51 isucon-summer-0-10 kernel: [    0.152322] PCI: Using ACPI for IRQ routing
Aug 25 11:13:51 isucon-summer-0-10 kernel: [    0.152322] PCI: pci_cache_line_size set to 64 bytes
Aug 25 11:13:51 isucon-summer-0-10 kernel: [    0.152322] e820: reserve RAM buffer [mem 0x0009dc00-0x0009ffff]
Aug 25 11:13:51 isucon-summer-0-10 kernel: [    0.152322] e820: reserve RAM buffer [mem 0xbfffd000-0xbfffffff]
Aug 25 11:13:51 isucon-summer-0-10 kernel: [    0.152322] NetLabel: Initializing
Aug 25 11:13:51 isucon-summer-0-10 kernel: [    0.152322] NetLabel:  domain hash size = 128
Aug 25 11:13:51 isucon-summer-0-10 kernel: [    0.152322] NetLabel:  protocols = UNLABELED CIPSOv4
Aug 25 11:13:51 isucon-summer-0-10 kernel: [    0.152322] NetLabel:  unlabeled traffic allowed by default
Aug 25 11:13:51 isucon-summer-0-10 kernel: [    0.152342] amd_nb: Cannot enumerate AMD northbridges
Aug 25 11:13:51 isucon-summer-0-10 kernel: [    0.152342] clocksource: Switched to clocksource kvm-clock
Aug 25 11:13:51 isucon-summer-0-10 kernel: [    0.158307] AppArmor: AppArmor Filesystem Enabled
Aug 25 11:13:51 isucon-summer-0-10 kernel: [    0.158386] pnp: PnP ACPI init
Aug 25 11:13:51 isucon-summer-0-10 kernel: [    0.158473] pnp 00:00: Plug and Play ACPI device, IDs PNP0b00 (active)
Aug 25 11:13:51 isucon-summer-0-10 kernel: [    0.158523] pnp 00:01: Plug and Play ACPI device, IDs PNP0303 (active)
Aug 25 11:13:51 isucon-summer-0-10 kernel: [    0.158555] pnp 00:02: Plug and Play ACPI device, IDs PNP0f13 (active)
Aug 25 11:13:51 isucon-summer-0-10 kernel: [    0.158574] pnp 00:03: [dma 2]
Aug 25 11:13:51 isucon-summer-0-10 kernel: [    0.158593] pnp 00:03: Plug and Play ACPI device, IDs PNP0700 (active)
Aug 25 11:13:51 isucon-summer-0-10 kernel: [    0.158692] pnp 00:04: Plug and Play ACPI device, IDs PNP0501 (active)
Aug 25 11:13:51 isucon-summer-0-10 kernel: [    0.158835] pnp: PnP ACPI: found 5 devices
Aug 25 11:13:51 isucon-summer-0-10 kernel: [    0.166758] clocksource: acpi_pm: mask: 0xffffff max_cycles: 0xffffff, max_idle_ns: 2085701024 ns
Aug 25 11:13:51 isucon-summer-0-10 kernel: [    0.166783] pci_bus 0000:00: resource 4 [io  0x0000-0x0cf7 window]
Aug 25 11:13:51 isucon-summer-0-10 kernel: [    0.166785] pci_bus 0000:00: resource 5 [io  0x0d00-0xffff window]
Aug 25 11:13:51 isucon-summer-0-10 kernel: [    0.166786] pci_bus 0000:00: resource 6 [mem 0x000a0000-0x000bffff window]
Aug 25 11:13:51 isucon-summer-0-10 kernel: [    0.166788] pci_bus 0000:00: resource 7 [mem 0xe0000000-0xfebfffff window]
Aug 25 11:13:51 isucon-summer-0-10 kernel: [    0.166822] NET: Registered protocol family 2
Aug 25 11:13:51 isucon-summer-0-10 kernel: [    0.167026] TCP established hash table entries: 32768 (order: 6, 262144 bytes)
Aug 25 11:13:51 isucon-summer-0-10 kernel: [    0.167104] TCP bind hash table entries: 32768 (order: 7, 524288 bytes)
Aug 25 11:13:51 isucon-summer-0-10 kernel: [    0.167167] TCP: Hash tables configured (established 32768 bind 32768)
Aug 25 11:13:51 isucon-summer-0-10 kernel: [    0.167197] UDP hash table entries: 2048 (order: 4, 65536 bytes)
Aug 25 11:13:51 isucon-summer-0-10 kernel: [    0.167211] UDP-Lite hash table entries: 2048 (order: 4, 65536 bytes)
Aug 25 11:13:51 isucon-summer-0-10 kernel: [    0.167259] NET: Registered protocol family 1
Aug 25 11:13:51 isucon-summer-0-10 kernel: [    0.167273] pci 0000:00:00.0: Limiting direct PCI/PCI transfers
Aug 25 11:13:51 isucon-summer-0-10 kernel: [    0.167289] pci 0000:00:01.0: PIIX3: Enabling Passive Release
Aug 25 11:13:51 isucon-summer-0-10 kernel: [    0.167305] pci 0000:00:01.0: Activating ISA DMA hang workarounds
Aug 25 11:13:51 isucon-summer-0-10 kernel: [    0.167553] ACPI: PCI Interrupt Link [LNKD] enabled at IRQ 11
Aug 25 11:13:51 isucon-summer-0-10 kernel: [    0.167802] pci 0000:00:02.0: Video device with shadowed ROM
Aug 25 11:13:51 isucon-summer-0-10 kernel: [    0.167830] PCI: CLS 0 bytes, default 64
Aug 25 11:13:51 isucon-summer-0-10 kernel: [    0.167878] Unpacking initramfs...
Aug 25 11:13:51 isucon-summer-0-10 kernel: [    0.678595] Freeing initrd memory: 33288K (ffff880033eec000 - ffff880035f6e000)
Aug 25 11:13:51 isucon-summer-0-10 kernel: [    0.679675] RAPL PMU detected, API unit is 2^-32 Joules, 3 fixed counters 10737418240 ms ovfl timer
Aug 25 11:13:51 isucon-summer-0-10 kernel: [    0.679678] hw unit of domain pp0-core 2^-0 Joules
Aug 25 11:13:51 isucon-summer-0-10 kernel: [    0.679679] hw unit of domain package 2^-0 Joules
Aug 25 11:13:51 isucon-summer-0-10 kernel: [    0.679680] hw unit of domain dram 2^-0 Joules
Aug 25 11:13:51 isucon-summer-0-10 kernel: [    0.679799] Scanning for low memory corruption every 60 seconds
Aug 25 11:13:51 isucon-summer-0-10 kernel: [    0.680181] audit: initializing netlink subsys (disabled)
Aug 25 11:13:51 isucon-summer-0-10 kernel: [    0.680201] audit: type=2000 audit(1503627231.498:1): initialized
Aug 25 11:13:51 isucon-summer-0-10 kernel: [    0.680517] Initialise system trusted keyring
Aug 25 11:13:51 isucon-summer-0-10 kernel: [    0.680711] HugeTLB registered 1 GB page size, pre-allocated 0 pages
Aug 25 11:13:51 isucon-summer-0-10 kernel: [    0.680712] HugeTLB registered 2 MB page size, pre-allocated 0 pages
Aug 25 11:13:51 isucon-summer-0-10 kernel: [    0.682110] zbud: loaded
Aug 25 11:13:51 isucon-summer-0-10 kernel: [    0.682327] VFS: Disk quotas dquot_6.6.0
Aug 25 11:13:51 isucon-summer-0-10 kernel: [    0.682357] VFS: Dquot-cache hash table entries: 512 (order 0, 4096 bytes)
Aug 25 11:13:51 isucon-summer-0-10 kernel: [    0.682615] squashfs: version 4.0 (2009/01/31) Phillip Lougher
Aug 25 11:13:51 isucon-summer-0-10 kernel: [    0.682921] fuse init (API version 7.23)
Aug 25 11:13:51 isucon-summer-0-10 kernel: [    0.683049] Key type big_key registered
Aug 25 11:13:51 isucon-summer-0-10 kernel: [    0.683064] Allocating IMA MOK and blacklist keyrings.
Aug 25 11:13:51 isucon-summer-0-10 kernel: [    0.683764] Key type asymmetric registered
Aug 25 11:13:51 isucon-summer-0-10 kernel: [    0.683767] Asymmetric key parser 'x509' registered
Aug 25 11:13:51 isucon-summer-0-10 kernel: [    0.683803] Block layer SCSI generic (bsg) driver version 0.4 loaded (major 249)
Aug 25 11:13:51 isucon-summer-0-10 kernel: [    0.683836] io scheduler noop registered (default)
Aug 25 11:13:51 isucon-summer-0-10 kernel: [    0.683839] io scheduler deadline registered
Aug 25 11:13:51 isucon-summer-0-10 kernel: [    0.683867] io scheduler cfq registered
Aug 25 11:13:51 isucon-summer-0-10 kernel: [    0.683956] pci_hotplug: PCI Hot Plug PCI Core version: 0.5
Aug 25 11:13:51 isucon-summer-0-10 kernel: [    0.683962] pciehp: PCI Express Hot Plug Controller Driver version: 0.4
Aug 25 11:13:51 isucon-summer-0-10 kernel: [    0.683987] efifb: probing for efifb
Aug 25 11:13:51 isucon-summer-0-10 kernel: [    0.683997] efifb: framebuffer at 0xf0000000, mapped to 0xffffc90000800000, using 1408k, total 1408k
Aug 25 11:13:51 isucon-summer-0-10 kernel: [    0.683999] efifb: mode is 800x600x24, linelength=2400, pages=1
Aug 25 11:13:51 isucon-summer-0-10 kernel: [    0.683999] efifb: scrolling: redraw
Aug 25 11:13:51 isucon-summer-0-10 kernel: [    0.684018] efifb: Truecolor: size=0:8:8:8, shift=0:16:8:0
Aug 25 11:13:51 isucon-summer-0-10 kernel: [    0.686399] Console: switching to colour frame buffer device 100x37
Aug 25 11:13:51 isucon-summer-0-10 kernel: [    0.688108] fb0: EFI VGA frame buffer device
Aug 25 11:13:51 isucon-summer-0-10 kernel: [    0.688121] intel_idle: does not run on family 6 model 45
Aug 25 11:13:51 isucon-summer-0-10 kernel: [    0.688188] input: Power Button as /devices/LNXSYSTM:00/LNXPWRBN:00/input/input0
Aug 25 11:13:51 isucon-summer-0-10 kernel: [    0.688192] ACPI: Power Button [PWRF]
Aug 25 11:13:51 isucon-summer-0-10 kernel: [    0.688494] GHES: HEST is not enabled!
Aug 25 11:13:51 isucon-summer-0-10 kernel: [    0.688768] ACPI: PCI Interrupt Link [LNKC] enabled at IRQ 10
Aug 25 11:13:51 isucon-summer-0-10 kernel: [    0.688806] virtio-pci 0000:00:03.0: virtio_pci: leaving for legacy driver
Aug 25 11:13:51 isucon-summer-0-10 kernel: [    0.689033] virtio-pci 0000:00:04.0: virtio_pci: leaving for legacy driver
Aug 25 11:13:51 isucon-summer-0-10 kernel: [    0.689272] ACPI: PCI Interrupt Link [LNKA] enabled at IRQ 10
Aug 25 11:13:51 isucon-summer-0-10 kernel: [    0.689305] virtio-pci 0000:00:05.0: virtio_pci: leaving for legacy driver
Aug 25 11:13:51 isucon-summer-0-10 kernel: [    0.689855] Serial: 8250/16550 driver, 32 ports, IRQ sharing enabled
Aug 25 11:13:51 isucon-summer-0-10 kernel: [    0.711181] 00:04: ttyS0 at I/O 0x3f8 (irq = 4, base_baud = 115200) is a 16550A
Aug 25 11:13:51 isucon-summer-0-10 kernel: [    0.712388] Linux agpgart interface v0.103
Aug 25 11:13:51 isucon-summer-0-10 kernel: [    0.714126] loop: module loaded
Aug 25 11:13:51 isucon-summer-0-10 kernel: [    0.744084]  vda: vda1 vda2 vda3
Aug 25 11:13:51 isucon-summer-0-10 kernel: [    0.744510] ata_piix 0000:00:01.1: version 2.13
Aug 25 11:13:51 isucon-summer-0-10 kernel: [    0.745154] scsi host0: ata_piix
Aug 25 11:13:51 isucon-summer-0-10 kernel: [    0.745394] scsi host1: ata_piix
Aug 25 11:13:51 isucon-summer-0-10 kernel: [    0.745475] ata1: PATA max MWDMA2 cmd 0x1f0 ctl 0x3f6 bmdma 0xc000 irq 14
Aug 25 11:13:51 isucon-summer-0-10 kernel: [    0.745477] ata2: PATA max MWDMA2 cmd 0x170 ctl 0x376 bmdma 0xc008 irq 15
Aug 25 11:13:51 isucon-summer-0-10 kernel: [    0.745642] libphy: Fixed MDIO Bus: probed
Aug 25 11:13:51 isucon-summer-0-10 kernel: [    0.745647] tun: Universal TUN/TAP device driver, 1.6
Aug 25 11:13:51 isucon-summer-0-10 kernel: [    0.745647] tun: (C) 1999-2004 Max Krasnyansky <maxk@qualcomm.com>
Aug 25 11:13:51 isucon-summer-0-10 kernel: [    0.802030] PPP generic driver version 2.4.2
Aug 25 11:13:51 isucon-summer-0-10 kernel: [    0.802137] ehci_hcd: USB 2.0 'Enhanced' Host Controller (EHCI) Driver
Aug 25 11:13:51 isucon-summer-0-10 kernel: [    0.802143] ehci-pci: EHCI PCI platform driver
Aug 25 11:13:51 isucon-summer-0-10 kernel: [    0.802155] ehci-platform: EHCI generic platform driver
Aug 25 11:13:51 isucon-summer-0-10 kernel: [    0.802163] ohci_hcd: USB 1.1 'Open' Host Controller (OHCI) Driver
Aug 25 11:13:51 isucon-summer-0-10 kernel: [    0.802167] ohci-pci: OHCI PCI platform driver
Aug 25 11:13:51 isucon-summer-0-10 kernel: [    0.802175] ohci-platform: OHCI generic platform driver
Aug 25 11:13:51 isucon-summer-0-10 kernel: [    0.802182] uhci_hcd: USB Universal Host Controller Interface driver
Aug 25 11:13:51 isucon-summer-0-10 kernel: [    0.802408] uhci_hcd 0000:00:01.2: UHCI Host Controller
Aug 25 11:13:51 isucon-summer-0-10 kernel: [    0.802416] uhci_hcd 0000:00:01.2: new USB bus registered, assigned bus number 1
Aug 25 11:13:51 isucon-summer-0-10 kernel: [    0.802430] uhci_hcd 0000:00:01.2: detected 2 ports
Aug 25 11:13:51 isucon-summer-0-10 kernel: [    0.802477] uhci_hcd 0000:00:01.2: irq 11, io base 0x0000c020
Aug 25 11:13:51 isucon-summer-0-10 kernel: [    0.802554] usb usb1: New USB device found, idVendor=1d6b, idProduct=0001
Aug 25 11:13:51 isucon-summer-0-10 kernel: [    0.802556] usb usb1: New USB device strings: Mfr=3, Product=2, SerialNumber=1
Aug 25 11:13:51 isucon-summer-0-10 kernel: [    0.802557] usb usb1: Product: UHCI Host Controller
Aug 25 11:13:51 isucon-summer-0-10 kernel: [    0.802558] usb usb1: Manufacturer: Linux 4.4.0-91-generic uhci_hcd
Aug 25 11:13:51 isucon-summer-0-10 kernel: [    0.802560] usb usb1: SerialNumber: 0000:00:01.2
Aug 25 11:13:51 isucon-summer-0-10 kernel: [    0.802658] hub 1-0:1.0: USB hub found
Aug 25 11:13:51 isucon-summer-0-10 kernel: [    0.802665] hub 1-0:1.0: 2 ports detected
Aug 25 11:13:51 isucon-summer-0-10 kernel: [    0.802814] i8042: PNP: PS/2 Controller [PNP0303:KBD,PNP0f13:MOU] at 0x60,0x64 irq 1,12
Aug 25 11:13:51 isucon-summer-0-10 kernel: [    0.803421] serio: i8042 KBD port at 0x60,0x64 irq 1
Aug 25 11:13:51 isucon-summer-0-10 kernel: [    0.803426] serio: i8042 AUX port at 0x60,0x64 irq 12
Aug 25 11:13:51 isucon-summer-0-10 kernel: [    0.803535] mousedev: PS/2 mouse device common for all mice
Aug 25 11:13:51 isucon-summer-0-10 kernel: [    0.803719] rtc_cmos 00:00: RTC can wake from S4
Aug 25 11:13:51 isucon-summer-0-10 kernel: [    0.803991] input: AT Translated Set 2 keyboard as /devices/platform/i8042/serio0/input/input1
Aug 25 11:13:51 isucon-summer-0-10 kernel: [    0.804231] rtc_cmos 00:00: rtc core: registered rtc_cmos as rtc0
Aug 25 11:13:51 isucon-summer-0-10 kernel: [    0.804301] rtc_cmos 00:00: alarms up to one day, 114 bytes nvram
Aug 25 11:13:51 isucon-summer-0-10 kernel: [    0.804309] i2c /dev entries driver
Aug 25 11:13:51 isucon-summer-0-10 kernel: [    0.804358] device-mapper: uevent: version 1.0.3
Aug 25 11:13:51 isucon-summer-0-10 kernel: [    0.804420] device-mapper: ioctl: 4.34.0-ioctl (2015-10-28) initialised: dm-devel@redhat.com
Aug 25 11:13:51 isucon-summer-0-10 kernel: [    0.804438] ledtrig-cpu: registered to indicate activity on CPUs
Aug 25 11:13:51 isucon-summer-0-10 kernel: [    0.804871] NET: Registered protocol family 10
Aug 25 11:13:51 isucon-summer-0-10 kernel: [    0.805083] NET: Registered protocol family 17
Aug 25 11:13:51 isucon-summer-0-10 kernel: [    0.805093] Key type dns_resolver registered
Aug 25 11:13:51 isucon-summer-0-10 kernel: [    0.805306] microcode: CPU0 sig=0x206d7, pf=0x1, revision=0x1
Aug 25 11:13:51 isucon-summer-0-10 kernel: [    0.805315] microcode: CPU1 sig=0x206d7, pf=0x1, revision=0x1
Aug 25 11:13:51 isucon-summer-0-10 kernel: [    0.805342] microcode: CPU2 sig=0x206d7, pf=0x1, revision=0x1
Aug 25 11:13:51 isucon-summer-0-10 kernel: [    0.805373] microcode: Microcode Update Driver: v2.01 <tigran@aivazian.fsnet.co.uk>, Peter Oruba
Aug 25 11:13:51 isucon-summer-0-10 kernel: [    0.805524] registered taskstats version 1
Aug 25 11:13:51 isucon-summer-0-10 kernel: [    0.805543] Loading compiled-in X.509 certificates
Aug 25 11:13:51 isucon-summer-0-10 kernel: [    0.806409] Loaded X.509 cert 'Build time autogenerated kernel key: 0777615d5208f86b8b4bd2fb3aecc97a191f2831'
Aug 25 11:13:51 isucon-summer-0-10 kernel: [    0.806429] zswap: loaded using pool lzo/zbud
Aug 25 11:13:51 isucon-summer-0-10 kernel: [    0.808210] Key type trusted registered
Aug 25 11:13:51 isucon-summer-0-10 kernel: [    0.811188] Key type encrypted registered
Aug 25 11:13:51 isucon-summer-0-10 kernel: [    0.811195] AppArmor: AppArmor sha1 policy hashing enabled
Aug 25 11:13:51 isucon-summer-0-10 kernel: [    0.811198] ima: No TPM chip found, activating TPM-bypass!
Aug 25 11:13:51 isucon-summer-0-10 kernel: [    0.811220] evm: HMAC attrs: 0x1
Aug 25 11:13:51 isucon-summer-0-10 kernel: [    0.811453]   Magic number: 13:268:208
Aug 25 11:13:51 isucon-summer-0-10 kernel: [    0.811478] vc vcsa: hash matches
Aug 25 11:13:51 isucon-summer-0-10 kernel: [    0.811669] rtc_cmos 00:00: setting system clock to 2017-08-25 02:13:50 UTC (1503627230)
Aug 25 11:13:51 isucon-summer-0-10 kernel: [    0.811816] BIOS EDD facility v0.16 2004-Jun-25, 0 devices found
Aug 25 11:13:51 isucon-summer-0-10 kernel: [    0.811818] EDD information not available.
Aug 25 11:13:51 isucon-summer-0-10 kernel: [    0.900450] ata1.01: ATAPI: QEMU DVD-ROM, 0.12.1, max UDMA/100
Aug 25 11:13:51 isucon-summer-0-10 kernel: [    0.900881] ata1.01: configured for MWDMA2
Aug 25 11:13:51 isucon-summer-0-10 kernel: [    0.901426] scsi 0:0:1:0: CD-ROM            QEMU     QEMU DVD-ROM     0.12 PQ: 0 ANSI: 5
Aug 25 11:13:51 isucon-summer-0-10 kernel: [    0.908595] sr 0:0:1:0: [sr0] scsi3-mmc drive: 4x/4x xa/form2 tray
Aug 25 11:13:51 isucon-summer-0-10 kernel: [    0.908600] cdrom: Uniform CD-ROM driver Revision: 3.20
Aug 25 11:13:51 isucon-summer-0-10 kernel: [    0.908791] sr 0:0:1:0: Attached scsi CD-ROM sr0
Aug 25 11:13:51 isucon-summer-0-10 kernel: [    0.908914] sr 0:0:1:0: Attached scsi generic sg0 type 5
Aug 25 11:13:51 isucon-summer-0-10 kernel: [    0.924317] ata2.01: NODEV after polling detection
Aug 25 11:13:51 isucon-summer-0-10 kernel: [    0.924539] ata2.00: ATAPI: QEMU DVD-ROM, 0.12.1, max UDMA/100
Aug 25 11:13:51 isucon-summer-0-10 kernel: [    0.924928] ata2.00: configured for MWDMA2
Aug 25 11:13:51 isucon-summer-0-10 kernel: [    0.925354] scsi 1:0:0:0: CD-ROM            QEMU     QEMU DVD-ROM     0.12 PQ: 0 ANSI: 5
Aug 25 11:13:51 isucon-summer-0-10 kernel: [    0.932407] sr 1:0:0:0: [sr1] scsi3-mmc drive: 4x/4x xa/form2 tray
Aug 25 11:13:51 isucon-summer-0-10 kernel: [    0.932602] sr 1:0:0:0: Attached scsi CD-ROM sr1
Aug 25 11:13:51 isucon-summer-0-10 kernel: [    0.932878] sr 1:0:0:0: Attached scsi generic sg1 type 5
Aug 25 11:13:51 isucon-summer-0-10 kernel: [    0.934355] Freeing unused kernel memory: 1488K (ffffffff81f45000 - ffffffff820b9000)
Aug 25 11:13:51 isucon-summer-0-10 kernel: [    0.934358] Write protecting the kernel read-only data: 14336k
Aug 25 11:13:51 isucon-summer-0-10 kernel: [    0.935125] Freeing unused kernel memory: 1752K (ffff88000184a000 - ffff880001a00000)
Aug 25 11:13:51 isucon-summer-0-10 kernel: [    0.935433] Freeing unused kernel memory: 112K (ffff880001de4000 - ffff880001e00000)
Aug 25 11:13:51 isucon-summer-0-10 kernel: [    0.945721] random: systemd-udevd: uninitialized urandom read (16 bytes read, 1 bits of entropy available)
Aug 25 11:13:51 isucon-summer-0-10 kernel: [    0.945824] random: systemd-udevd: uninitialized urandom read (16 bytes read, 1 bits of entropy available)
Aug 25 11:13:51 isucon-summer-0-10 kernel: [    0.945839] random: systemd-udevd: uninitialized urandom read (16 bytes read, 1 bits of entropy available)
Aug 25 11:13:51 isucon-summer-0-10 kernel: [    0.946292] random: udevadm: uninitialized urandom read (16 bytes read, 1 bits of entropy available)
Aug 25 11:13:51 isucon-summer-0-10 kernel: [    0.946336] random: udevadm: uninitialized urandom read (16 bytes read, 1 bits of entropy available)
Aug 25 11:13:51 isucon-summer-0-10 kernel: [    0.946516] random: udevadm: uninitialized urandom read (16 bytes read, 1 bits of entropy available)
Aug 25 11:13:51 isucon-summer-0-10 kernel: [    0.946565] random: udevadm: uninitialized urandom read (16 bytes read, 1 bits of entropy available)
Aug 25 11:13:51 isucon-summer-0-10 kernel: [    0.946614] random: udevadm: uninitialized urandom read (16 bytes read, 1 bits of entropy available)
Aug 25 11:13:51 isucon-summer-0-10 kernel: [    0.946663] random: udevadm: uninitialized urandom read (16 bytes read, 1 bits of entropy available)
Aug 25 11:13:51 isucon-summer-0-10 kernel: [    0.946710] random: udevadm: uninitialized urandom read (16 bytes read, 1 bits of entropy available)
Aug 25 11:13:51 isucon-summer-0-10 kernel: [    0.971652] Floppy drive(s): fd0 is 1.44M
Aug 25 11:13:51 isucon-summer-0-10 kernel: [    0.980418] [drm] Initialized drm 1.1.0 20060810
Aug 25 11:13:51 isucon-summer-0-10 kernel: [    0.984764] FDC 0 is a S82078B
Aug 25 11:13:51 isucon-summer-0-10 kernel: [    0.985537] input: VirtualPS/2 VMware VMMouse as /devices/platform/i8042/serio1/input/input4
Aug 25 11:13:51 isucon-summer-0-10 kernel: [    0.985867] input: VirtualPS/2 VMware VMMouse as /devices/platform/i8042/serio1/input/input3
Aug 25 11:13:51 isucon-summer-0-10 kernel: [    1.100892] EXT4-fs (vda3): mounted filesystem with ordered data mode. Opts: (null)
Aug 25 11:13:51 isucon-summer-0-10 kernel: [    1.116016] usb 1-1: new full-speed USB device number 2 using uhci_hcd
Aug 25 11:13:51 isucon-summer-0-10 kernel: [    1.449575] usb 1-1: New USB device found, idVendor=0627, idProduct=0001
Aug 25 11:13:51 isucon-summer-0-10 kernel: [    1.449578] usb 1-1: New USB device strings: Mfr=1, Product=3, SerialNumber=5
Aug 25 11:13:51 isucon-summer-0-10 kernel: [    1.449580] usb 1-1: Product: QEMU USB Tablet
Aug 25 11:13:51 isucon-summer-0-10 kernel: [    1.449582] usb 1-1: Manufacturer: QEMU 0.12.1
Aug 25 11:13:51 isucon-summer-0-10 kernel: [    1.449583] usb 1-1: SerialNumber: 42
Aug 25 11:13:51 isucon-summer-0-10 kernel: [    1.605697] hidraw: raw HID events driver (C) Jiri Kosina
Aug 25 11:13:51 isucon-summer-0-10 kernel: [    1.609928] EXT4-fs (vda3): re-mounted. Opts: errors=remount-ro
Aug 25 11:13:51 isucon-summer-0-10 kernel: [    1.617687] usbcore: registered new interface driver usbhid
Aug 25 11:13:51 isucon-summer-0-10 kernel: [    1.617690] usbhid: USB HID core driver
Aug 25 11:13:51 isucon-summer-0-10 kernel: [    1.624035] input: QEMU 0.12.1 QEMU USB Tablet as /devices/pci0000:00/0000:00:01.2/usb1/1-1/1-1:1.0/0003:0627:0001.0001/input/input5
Aug 25 11:13:51 isucon-summer-0-10 kernel: [    1.626113] hid-generic 0003:0627:0001.0001: input,hidraw0: USB HID v0.01 Pointer [QEMU 0.12.1 QEMU USB Tablet] on usb-0000:00:01.2-1/input0
Aug 25 11:13:51 isucon-summer-0-10 kernel: [    1.676089] tsc: Refined TSC clocksource calibration: 2499.946 MHz
Aug 25 11:13:51 isucon-summer-0-10 kernel: [    1.676093] clocksource: tsc: mask: 0xffffffffffffffff max_cycles: 0x240906e6e39, max_idle_ns: 440795256645 ns
Aug 25 11:13:51 isucon-summer-0-10 kernel: [    1.763093] piix4_smbus 0000:00:01.3: SMBus Host Controller at 0xb100, revision 0
Aug 25 11:13:51 isucon-summer-0-10 kernel: [    1.780550] audit: type=1400 audit(1503627231.468:2): apparmor="STATUS" operation="profile_load" profile="unconfined" name="/usr/sbin/ntpd" pid=401 comm="apparmor_parser"
Aug 25 11:13:51 isucon-summer-0-10 kernel: [    1.782546] audit: type=1400 audit(1503627231.468:3): apparmor="STATUS" operation="profile_load" profile="unconfined" name="/usr/sbin/mysqld" pid=400 comm="apparmor_parser"
Aug 25 11:13:51 isucon-summer-0-10 kernel: [    1.783659] audit: type=1400 audit(1503627231.468:4): apparmor="STATUS" operation="profile_load" profile="unconfined" name="/sbin/dhclient" pid=399 comm="apparmor_parser"
Aug 25 11:13:51 isucon-summer-0-10 kernel: [    1.783665] audit: type=1400 audit(1503627231.468:5): apparmor="STATUS" operation="profile_load" profile="unconfined" name="/usr/lib/NetworkManager/nm-dhcp-client.action" pid=399 comm="apparmor_parser"
Aug 25 11:13:51 isucon-summer-0-10 kernel: [    1.783672] audit: type=1400 audit(1503627231.468:6): apparmor="STATUS" operation="profile_load" profile="unconfined" name="/usr/lib/NetworkManager/nm-dhcp-helper" pid=399 comm="apparmor_parser"
Aug 25 11:13:51 isucon-summer-0-10 kernel: [    1.783674] audit: type=1400 audit(1503627231.468:7): apparmor="STATUS" operation="profile_load" profile="unconfined" name="/usr/lib/connman/scripts/dhclient-script" pid=399 comm="apparmor_parser"
Aug 25 11:13:51 isucon-summer-0-10 kernel: [    1.788171] audit: type=1400 audit(1503627231.476:8): apparmor="STATUS" operation="profile_load" profile="unconfined" name="/usr/sbin/tcpdump" pid=408 comm="apparmor_parser"
Aug 25 11:13:51 isucon-summer-0-10 kernel: [    1.821192] Adding 4194300k swap on /dev/vda2.  Priority:-1 extents:1 across:4194300k FS
Aug 25 11:13:51 isucon-summer-0-10 kernel: [    1.830556] AVX version of gcm_enc/dec engaged.
Aug 25 11:13:51 isucon-summer-0-10 kernel: [    1.830559] AES CTR mode by8 optimization enabled
Aug 25 11:13:51 isucon-summer-0-10 kernel: [    1.883855] intel_rapl: no valid rapl domains found in package 0
Aug 25 11:13:51 isucon-summer-0-10 kernel: [    1.922956] intel_rapl: no valid rapl domains found in package 0
Aug 25 11:13:51 isucon-summer-0-10 kernel: [    1.929902] ppdev: user-space parallel port driver
Aug 25 11:13:52 isucon-summer-0-10 kernel: [    2.338309] audit: type=1400 audit(1503627232.023:9): apparmor="DENIED" operation="open" profile="/usr/sbin/mysqld" name="/proc/699/status" pid=699 comm="mysqld" requested_mask="r" denied_mask="r" fsuid=110 ouid=110
Aug 25 11:13:52 isucon-summer-0-10 kernel: [    2.338350] audit: type=1400 audit(1503627232.023:10): apparmor="DENIED" operation="open" profile="/usr/sbin/mysqld" name="/sys/devices/system/node/" pid=699 comm="mysqld" requested_mask="r" denied_mask="r" fsuid=110 ouid=0
Aug 25 11:14:26 isucon-summer-0-10 kernel: [   36.009282] random: nonblocking pool is initialized
Aug 25 15:28:02 isucon-summer-0-10 kernel: [15251.754542] cfg80211: World regulatory domain updated:
Aug 25 15:28:02 isucon-summer-0-10 kernel: [15251.754546] cfg80211:  DFS Master region: unset
Aug 25 15:28:02 isucon-summer-0-10 kernel: [15251.754548] cfg80211:   (start_freq - end_freq @ bandwidth), (max_antenna_gain, max_eirp), (dfs_cac_time)
Aug 25 15:28:02 isucon-summer-0-10 kernel: [15251.754550] cfg80211:   (2402000 KHz - 2472000 KHz @ 40000 KHz), (N/A, 2000 mBm), (N/A)
Aug 25 15:28:02 isucon-summer-0-10 kernel: [15251.754551] cfg80211:   (2457000 KHz - 2482000 KHz @ 40000 KHz), (N/A, 2000 mBm), (N/A)
Aug 25 15:28:02 isucon-summer-0-10 kernel: [15251.754552] cfg80211:   (2474000 KHz - 2494000 KHz @ 20000 KHz), (N/A, 2000 mBm), (N/A)
Aug 25 15:28:02 isucon-summer-0-10 kernel: [15251.754554] cfg80211:   (5170000 KHz - 5250000 KHz @ 80000 KHz, 160000 KHz AUTO), (N/A, 2000 mBm), (N/A)
Aug 25 15:28:02 isucon-summer-0-10 kernel: [15251.754556] cfg80211:   (5250000 KHz - 5330000 KHz @ 80000 KHz, 160000 KHz AUTO), (N/A, 2000 mBm), (0 s)
Aug 25 15:28:02 isucon-summer-0-10 kernel: [15251.754557] cfg80211:   (5490000 KHz - 5730000 KHz @ 160000 KHz), (N/A, 2000 mBm), (0 s)
Aug 25 15:28:02 isucon-summer-0-10 kernel: [15251.754558] cfg80211:   (5735000 KHz - 5835000 KHz @ 80000 KHz), (N/A, 2000 mBm), (N/A)
Aug 25 15:28:02 isucon-summer-0-10 kernel: [15251.754559] cfg80211:   (57240000 KHz - 63720000 KHz @ 2160000 KHz), (N/A, 0 mBm), (N/A)
Aug 25 15:54:27 isucon-summer-0-10 kernel: [16836.589733] audit_printk_skb: 3 callbacks suppressed
Aug 25 15:54:27 isucon-summer-0-10 kernel: [16836.589738] audit: type=1400 audit(1503644067.485:12): apparmor="DENIED" operation="open" profile="/usr/sbin/mysqld" name="/proc/5792/status" pid=5792 comm="mysqld" requested_mask="r" denied_mask="r" fsuid=110 ouid=110
Aug 25 15:54:27 isucon-summer-0-10 kernel: [16836.589876] audit: type=1400 audit(1503644067.485:13): apparmor="DENIED" operation="open" profile="/usr/sbin/mysqld" name="/sys/devices/system/node/" pid=5792 comm="mysqld" requested_mask="r" denied_mask="r" fsuid=110 ouid=0
Aug 25 15:54:27 isucon-summer-0-10 kernel: [16836.589974] audit: type=1400 audit(1503644067.485:14): apparmor="DENIED" operation="open" profile="/usr/sbin/mysqld" name="/proc/5792/status" pid=5792 comm="mysqld" requested_mask="r" denied_mask="r" fsuid=110 ouid=110
Aug 25 16:27:09 isucon-summer-0-10 kernel: [18798.716682] audit: type=1400 audit(1503646029.613:15): apparmor="DENIED" operation="open" profile="/usr/sbin/mysqld" name="/proc/8522/status" pid=8522 comm="mysqld" requested_mask="r" denied_mask="r" fsuid=110 ouid=110
Aug 25 16:27:09 isucon-summer-0-10 kernel: [18798.716713] audit: type=1400 audit(1503646029.613:16): apparmor="DENIED" operation="open" profile="/usr/sbin/mysqld" name="/sys/devices/system/node/" pid=8522 comm="mysqld" requested_mask="r" denied_mask="r" fsuid=110 ouid=0
Aug 25 16:27:09 isucon-summer-0-10 kernel: [18798.716753] audit: type=1400 audit(1503646029.613:17): apparmor="DENIED" operation="open" profile="/usr/sbin/mysqld" name="/proc/8522/status" pid=8522 comm="mysqld" requested_mask="r" denied_mask="r" fsuid=110 ouid=110
Aug 25 17:21:43 isucon-summer-0-10 kernel: [22072.745763] audit: type=1400 audit(1503649303.643:18): apparmor="DENIED" operation="open" profile="/usr/sbin/mysqld" name="/proc/10316/status" pid=10316 comm="mysqld" requested_mask="r" denied_mask="r" fsuid=110 ouid=110
Aug 25 17:21:43 isucon-summer-0-10 kernel: [22072.745813] audit: type=1400 audit(1503649303.643:19): apparmor="DENIED" operation="open" profile="/usr/sbin/mysqld" name="/sys/devices/system/node/" pid=10316 comm="mysqld" requested_mask="r" denied_mask="r" fsuid=110 ouid=0
Aug 25 17:21:43 isucon-summer-0-10 kernel: [22072.745871] audit: type=1400 audit(1503649303.643:20): apparmor="DENIED" operation="open" profile="/usr/sbin/mysqld" name="/proc/10316/status" pid=10316 comm="mysqld" requested_mask="r" denied_mask="r" fsuid=110 ouid=110
Aug 25 17:33:53 isucon-summer-0-10 kernel: [22802.280410] audit: type=1400 audit(1503650033.179:21): apparmor="DENIED" operation="open" profile="/usr/sbin/mysqld" name="/proc/14446/status" pid=14446 comm="mysqld" requested_mask="r" denied_mask="r" fsuid=110 ouid=110
Aug 25 17:33:53 isucon-summer-0-10 kernel: [22802.280456] audit: type=1400 audit(1503650033.179:22): apparmor="DENIED" operation="open" profile="/usr/sbin/mysqld" name="/sys/devices/system/node/" pid=14446 comm="mysqld" requested_mask="r" denied_mask="r" fsuid=110 ouid=0
Aug 25 17:33:53 isucon-summer-0-10 kernel: [22802.280513] audit: type=1400 audit(1503650033.179:23): apparmor="DENIED" operation="open" profile="/usr/sbin/mysqld" name="/proc/14446/status" pid=14446 comm="mysqld" requested_mask="r" denied_mask="r" fsuid=110 ouid=110
Aug 25 17:35:30 isucon-summer-0-10 kernel: [22899.452433] audit: type=1400 audit(1503650130.351:24): apparmor="DENIED" operation="open" profile="/usr/sbin/mysqld" name="/proc/14550/status" pid=14550 comm="mysqld" requested_mask="r" denied_mask="r" fsuid=110 ouid=110
Aug 25 17:35:30 isucon-summer-0-10 kernel: [22899.452474] audit: type=1400 audit(1503650130.351:25): apparmor="DENIED" operation="open" profile="/usr/sbin/mysqld" name="/sys/devices/system/node/" pid=14550 comm="mysqld" requested_mask="r" denied_mask="r" fsuid=110 ouid=0
Aug 25 17:35:30 isucon-summer-0-10 kernel: [22899.452513] audit: type=1400 audit(1503650130.351:26): apparmor="DENIED" operation="open" profile="/usr/sbin/mysqld" name="/proc/14550/status" pid=14550 comm="mysqld" requested_mask="r" denied_mask="r" fsuid=110 ouid=110
Aug 25 17:35:58 isucon-summer-0-10 kernel: [22927.647527] audit: type=1400 audit(1503650158.543:27): apparmor="DENIED" operation="open" profile="/usr/sbin/mysqld" name="/proc/14649/status" pid=14649 comm="mysqld" requested_mask="r" denied_mask="r" fsuid=110 ouid=110
Aug 25 17:35:58 isucon-summer-0-10 kernel: [22927.647556] audit: type=1400 audit(1503650158.543:28): apparmor="DENIED" operation="open" profile="/usr/sbin/mysqld" name="/sys/devices/system/node/" pid=14649 comm="mysqld" requested_mask="r" denied_mask="r" fsuid=110 ouid=0
Aug 25 17:35:58 isucon-summer-0-10 kernel: [22927.647591] audit: type=1400 audit(1503650158.543:29): apparmor="DENIED" operation="open" profile="/usr/sbin/mysqld" name="/proc/14649/status" pid=14649 comm="mysqld" requested_mask="r" denied_mask="r" fsuid=110 ouid=110
