Aug 15 00:21:41 isucon6 rsyslogd: [origin software="rsyslogd" swVersion="8.16.0" x-pid="464" x-info="http://www.rsyslog.com"] start
Aug 15 00:21:41 isucon6 rsyslogd-2222: command 'KLogPermitNonKernelFacility' is currently not permitted - did you already set it via a RainerScript command (v6+ config)? [v8.16.0 try http://www.rsyslog.com/e/2222 ]
Aug 15 00:21:41 isucon6 rsyslogd: rsyslogd's groupid changed to 108
Aug 15 00:21:41 isucon6 rsyslogd: rsyslogd's userid changed to 104
Aug 15 00:21:41 isucon6 rsyslogd-2039: Could not open output pipe '/dev/xconsole':: No such file or directory [v8.16.0 try http://www.rsyslog.com/e/2039 ]
Aug 15 00:21:41 isucon6 rsyslogd-2007: action 'action 10' suspended, next retry is Tue Aug 15 00:22:11 2017 [v8.16.0 try http://www.rsyslog.com/e/2007 ]
Aug 15 00:21:41 isucon6 kernel: [    0.000000] Initializing cgroup subsys cpuset
Aug 15 00:21:41 isucon6 kernel: [    0.000000] Initializing cgroup subsys cpu
Aug 15 00:21:41 isucon6 kernel: [    0.000000] Initializing cgroup subsys cpuacct
Aug 15 00:21:41 isucon6 kernel: [    0.000000] Linux version 4.4.0-79-generic (buildd@lcy01-30) (gcc version 5.4.0 20160609 (Ubuntu 5.4.0-6ubuntu1~16.04.4) ) #100-Ubuntu SMP Wed May 17 19:58:14 UTC 2017 (Ubuntu 4.4.0-79.100-generic 4.4.67)
Aug 15 00:21:41 isucon6 kernel: [    0.000000] Command line: BOOT_IMAGE=/boot/vmlinuz-4.4.0-79-generic root=UUID=90234f41-0948-407a-bc42-e4a4208e02d5 ro noresume nomodeset consoleblank=0 quiet transparent_hugepage=always elevator=noop net.ifnames=0 biosdevname=0
Aug 15 00:21:41 isucon6 kernel: [    0.000000] KERNEL supported cpus:
Aug 15 00:21:41 isucon6 kernel: [    0.000000]   Intel GenuineIntel
Aug 15 00:21:41 isucon6 kernel: [    0.000000]   AMD AuthenticAMD
Aug 15 00:21:41 isucon6 kernel: [    0.000000]   Centaur CentaurHauls
Aug 15 00:21:41 isucon6 kernel: [    0.000000] Disabled fast string operations
Aug 15 00:21:41 isucon6 kernel: [    0.000000] x86/fpu: xstate_offset[2]:  576, xstate_sizes[2]:  256
Aug 15 00:21:41 isucon6 kernel: [    0.000000] x86/fpu: Supporting XSAVE feature 0x01: 'x87 floating point registers'
Aug 15 00:21:41 isucon6 kernel: [    0.000000] x86/fpu: Supporting XSAVE feature 0x02: 'SSE registers'
Aug 15 00:21:41 isucon6 kernel: [    0.000000] x86/fpu: Supporting XSAVE feature 0x04: 'AVX registers'
Aug 15 00:21:41 isucon6 kernel: [    0.000000] x86/fpu: Enabled xstate features 0x7, context size is 832 bytes, using 'standard' format.
Aug 15 00:21:41 isucon6 kernel: [    0.000000] x86/fpu: Using 'eager' FPU context switches.
Aug 15 00:21:41 isucon6 kernel: [    0.000000] e820: BIOS-provided physical RAM map:
Aug 15 00:21:41 isucon6 kernel: [    0.000000] BIOS-e820: [mem 0x0000000000000000-0x000000000009dbff] usable
Aug 15 00:21:41 isucon6 kernel: [    0.000000] BIOS-e820: [mem 0x000000000009dc00-0x000000000009ffff] reserved
Aug 15 00:21:41 isucon6 kernel: [    0.000000] BIOS-e820: [mem 0x00000000000f0000-0x00000000000fffff] reserved
Aug 15 00:21:41 isucon6 kernel: [    0.000000] BIOS-e820: [mem 0x0000000000100000-0x000000003fffcfff] usable
Aug 15 00:21:41 isucon6 kernel: [    0.000000] BIOS-e820: [mem 0x000000003fffd000-0x000000003fffffff] reserved
Aug 15 00:21:41 isucon6 kernel: [    0.000000] BIOS-e820: [mem 0x00000000fffbc000-0x00000000ffffffff] reserved
Aug 15 00:21:41 isucon6 kernel: [    0.000000] NX (Execute Disable) protection: active
Aug 15 00:21:41 isucon6 kernel: [    0.000000] SMBIOS 2.4 present.
Aug 15 00:21:41 isucon6 kernel: [    0.000000] DMI: SAKURA Internet Inc. SAKURA CLOUD KVM, BIOS 2.4 05/17/2017
Aug 15 00:21:41 isucon6 kernel: [    0.000000] Hypervisor detected: KVM
Aug 15 00:21:41 isucon6 kernel: [    0.000000] e820: update [mem 0x00000000-0x00000fff] usable ==> reserved
Aug 15 00:21:41 isucon6 kernel: [    0.000000] e820: remove [mem 0x000a0000-0x000fffff] usable
Aug 15 00:21:41 isucon6 kernel: [    0.000000] e820: last_pfn = 0x3fffd max_arch_pfn = 0x400000000
Aug 15 00:21:41 isucon6 kernel: [    0.000000] MTRR default type: write-back
Aug 15 00:21:41 isucon6 kernel: [    0.000000] MTRR fixed ranges enabled:
Aug 15 00:21:41 isucon6 kernel: [    0.000000]   00000-9FFFF write-back
Aug 15 00:21:41 isucon6 kernel: [    0.000000]   A0000-BFFFF uncachable
Aug 15 00:21:41 isucon6 kernel: [    0.000000]   C0000-FFFFF write-protect
Aug 15 00:21:41 isucon6 kernel: [    0.000000] MTRR variable ranges enabled:
Aug 15 00:21:41 isucon6 kernel: [    0.000000]   0 base 0000E0000000 mask 3FFFE0000000 uncachable
Aug 15 00:21:41 isucon6 kernel: [    0.000000]   1 disabled
Aug 15 00:21:41 isucon6 kernel: [    0.000000]   2 disabled
Aug 15 00:21:41 isucon6 kernel: [    0.000000]   3 disabled
Aug 15 00:21:41 isucon6 kernel: [    0.000000]   4 disabled
Aug 15 00:21:41 isucon6 kernel: [    0.000000]   5 disabled
Aug 15 00:21:41 isucon6 kernel: [    0.000000]   6 disabled
Aug 15 00:21:41 isucon6 kernel: [    0.000000]   7 disabled
Aug 15 00:21:41 isucon6 kernel: [    0.000000] x86/PAT: Configuration [0-7]: WB  WC  UC- UC  WB  WC  UC- WT  
Aug 15 00:21:41 isucon6 kernel: [    0.000000] found SMP MP-table at [mem 0x000fda50-0x000fda5f] mapped at [ffff8800000fda50]
Aug 15 00:21:41 isucon6 kernel: [    0.000000] Scanning 1 areas for low memory corruption
Aug 15 00:21:41 isucon6 kernel: [    0.000000] Base memory trampoline at [ffff880000097000] 97000 size 24576
Aug 15 00:21:41 isucon6 kernel: [    0.000000] Using GB pages for direct mapping
Aug 15 00:21:41 isucon6 kernel: [    0.000000] BRK [0x0220b000, 0x0220bfff] PGTABLE
Aug 15 00:21:41 isucon6 kernel: [    0.000000] BRK [0x0220c000, 0x0220cfff] PGTABLE
Aug 15 00:21:41 isucon6 kernel: [    0.000000] BRK [0x0220d000, 0x0220dfff] PGTABLE
Aug 15 00:21:41 isucon6 kernel: [    0.000000] BRK [0x0220e000, 0x0220efff] PGTABLE
Aug 15 00:21:41 isucon6 kernel: [    0.000000] RAMDISK: [mem 0x33ef0000-0x35f6ffff]
Aug 15 00:21:41 isucon6 kernel: [    0.000000] ACPI: Early table checksum verification disabled
Aug 15 00:21:41 isucon6 kernel: [    0.000000] ACPI: RSDP 0x00000000000FDA00 000014 (v00 BOCHS )
Aug 15 00:21:41 isucon6 kernel: [    0.000000] ACPI: RSDT 0x000000003FFFD630 000034 (v01 BOCHS  BXPCRSDT 00000001 BXPC 00000001)
Aug 15 00:21:41 isucon6 kernel: [    0.000000] ACPI: FACP 0x000000003FFFFE20 000074 (v01 BOCHS  BXPCFACP 00000001 BXPC 00000001)
Aug 15 00:21:41 isucon6 kernel: [    0.000000] ACPI: DSDT 0x000000003FFFD910 0024A2 (v01 BXPC   BXDSDT   00000001 INTL 20090123)
Aug 15 00:21:41 isucon6 kernel: [    0.000000] ACPI: FACS 0x000000003FFFFDC0 000040
Aug 15 00:21:41 isucon6 kernel: [    0.000000] ACPI: SSDT 0x000000003FFFD870 00009E (v01 BOCHS  BXPCSSDT 00000001 BXPC 00000001)
Aug 15 00:21:41 isucon6 kernel: [    0.000000] ACPI: APIC 0x000000003FFFD780 000078 (v01 BOCHS  BXPCAPIC 00000001 BXPC 00000001)
Aug 15 00:21:41 isucon6 kernel: [    0.000000] ACPI: SSDT 0x000000003FFFD670 00010F (v01 BXPC   BXSSDTPC 00000001 INTL 20090123)
Aug 15 00:21:41 isucon6 kernel: [    0.000000] ACPI: Local APIC address 0xfee00000
Aug 15 00:21:41 isucon6 kernel: [    0.000000] No NUMA configuration found
Aug 15 00:21:41 isucon6 kernel: [    0.000000] Faking a node at [mem 0x0000000000000000-0x000000003fffcfff]
Aug 15 00:21:41 isucon6 kernel: [    0.000000] NODE_DATA(0) allocated [mem 0x3fff8000-0x3fffcfff]
Aug 15 00:21:41 isucon6 kernel: [    0.000000] kvm-clock: Using msrs 4b564d01 and 4b564d00
Aug 15 00:21:41 isucon6 kernel: [    0.000000] kvm-clock: cpu 0, msr 0:3fff0001, primary cpu clock
Aug 15 00:21:41 isucon6 kernel: [    0.000000] clocksource: kvm-clock: mask: 0xffffffffffffffff max_cycles: 0x1cd42e4dffb, max_idle_ns: 881590591483 ns
Aug 15 00:21:41 isucon6 kernel: [    0.000000] Zone ranges:
Aug 15 00:21:41 isucon6 kernel: [    0.000000]   DMA      [mem 0x0000000000001000-0x0000000000ffffff]
Aug 15 00:21:41 isucon6 kernel: [    0.000000]   DMA32    [mem 0x0000000001000000-0x000000003fffcfff]
Aug 15 00:21:41 isucon6 kernel: [    0.000000]   Normal   empty
Aug 15 00:21:41 isucon6 kernel: [    0.000000]   Device   empty
Aug 15 00:21:41 isucon6 kernel: [    0.000000] Movable zone start for each node
Aug 15 00:21:41 isucon6 kernel: [    0.000000] Early memory node ranges
Aug 15 00:21:41 isucon6 kernel: [    0.000000]   node   0: [mem 0x0000000000001000-0x000000000009cfff]
Aug 15 00:21:41 isucon6 kernel: [    0.000000]   node   0: [mem 0x0000000000100000-0x000000003fffcfff]
Aug 15 00:21:41 isucon6 kernel: [    0.000000] Initmem setup node 0 [mem 0x0000000000001000-0x000000003fffcfff]
Aug 15 00:21:41 isucon6 kernel: [    0.000000] On node 0 totalpages: 262041
Aug 15 00:21:41 isucon6 kernel: [    0.000000]   DMA zone: 64 pages used for memmap
Aug 15 00:21:41 isucon6 kernel: [    0.000000]   DMA zone: 21 pages reserved
Aug 15 00:21:41 isucon6 kernel: [    0.000000]   DMA zone: 3996 pages, LIFO batch:0
Aug 15 00:21:41 isucon6 kernel: [    0.000000]   DMA32 zone: 4032 pages used for memmap
Aug 15 00:21:41 isucon6 kernel: [    0.000000]   DMA32 zone: 258045 pages, LIFO batch:31
Aug 15 00:21:41 isucon6 kernel: [    0.000000] ACPI: PM-Timer IO Port: 0xb008
Aug 15 00:21:41 isucon6 kernel: [    0.000000] ACPI: Local APIC address 0xfee00000
Aug 15 00:21:41 isucon6 kernel: [    0.000000] ACPI: LAPIC_NMI (acpi_id[0xff] dfl dfl lint[0x1])
Aug 15 00:21:41 isucon6 kernel: [    0.000000] IOAPIC[0]: apic_id 0, version 17, address 0xfec00000, GSI 0-23
Aug 15 00:21:41 isucon6 kernel: [    0.000000] ACPI: INT_SRC_OVR (bus 0 bus_irq 0 global_irq 2 dfl dfl)
Aug 15 00:21:41 isucon6 kernel: [    0.000000] ACPI: INT_SRC_OVR (bus 0 bus_irq 5 global_irq 5 high level)
Aug 15 00:21:41 isucon6 kernel: [    0.000000] ACPI: INT_SRC_OVR (bus 0 bus_irq 9 global_irq 9 high level)
Aug 15 00:21:41 isucon6 kernel: [    0.000000] ACPI: INT_SRC_OVR (bus 0 bus_irq 10 global_irq 10 high level)
Aug 15 00:21:41 isucon6 kernel: [    0.000000] ACPI: INT_SRC_OVR (bus 0 bus_irq 11 global_irq 11 high level)
Aug 15 00:21:41 isucon6 kernel: [    0.000000] ACPI: IRQ0 used by override.
Aug 15 00:21:41 isucon6 kernel: [    0.000000] ACPI: IRQ5 used by override.
Aug 15 00:21:41 isucon6 kernel: [    0.000000] ACPI: IRQ9 used by override.
Aug 15 00:21:41 isucon6 kernel: [    0.000000] ACPI: IRQ10 used by override.
Aug 15 00:21:41 isucon6 kernel: [    0.000000] ACPI: IRQ11 used by override.
Aug 15 00:21:41 isucon6 kernel: [    0.000000] Using ACPI (MADT) for SMP configuration information
Aug 15 00:21:41 isucon6 kernel: [    0.000000] smpboot: Allowing 1 CPUs, 0 hotplug CPUs
Aug 15 00:21:41 isucon6 kernel: [    0.000000] PM: Registered nosave memory: [mem 0x00000000-0x00000fff]
Aug 15 00:21:41 isucon6 kernel: [    0.000000] PM: Registered nosave memory: [mem 0x0009d000-0x0009dfff]
Aug 15 00:21:41 isucon6 kernel: [    0.000000] PM: Registered nosave memory: [mem 0x0009e000-0x0009ffff]
Aug 15 00:21:41 isucon6 kernel: [    0.000000] PM: Registered nosave memory: [mem 0x000a0000-0x000effff]
Aug 15 00:21:41 isucon6 kernel: [    0.000000] PM: Registered nosave memory: [mem 0x000f0000-0x000fffff]
Aug 15 00:21:41 isucon6 kernel: [    0.000000] e820: [mem 0x40000000-0xfffbbfff] available for PCI devices
Aug 15 00:21:41 isucon6 kernel: [    0.000000] Booting paravirtualized kernel on KVM
Aug 15 00:21:41 isucon6 kernel: [    0.000000] clocksource: refined-jiffies: mask: 0xffffffff max_cycles: 0xffffffff, max_idle_ns: 7645519600211568 ns
Aug 15 00:21:41 isucon6 kernel: [    0.000000] setup_percpu: NR_CPUS:512 nr_cpumask_bits:512 nr_cpu_ids:1 nr_node_ids:1
Aug 15 00:21:41 isucon6 kernel: [    0.000000] PERCPU: Embedded 33 pages/cpu @ffff88003fc00000 s98264 r8192 d28712 u2097152
Aug 15 00:21:41 isucon6 kernel: [    0.000000] pcpu-alloc: s98264 r8192 d28712 u2097152 alloc=1*2097152
Aug 15 00:21:41 isucon6 kernel: [    0.000000] pcpu-alloc: [0] 0 
Aug 15 00:21:41 isucon6 kernel: [    0.000000] kvm-stealtime: cpu 0, msr 3fc0d9c0
Aug 15 00:21:41 isucon6 kernel: [    0.000000] Built 1 zonelists in Node order, mobility grouping on.  Total pages: 257924
Aug 15 00:21:41 isucon6 kernel: [    0.000000] Policy zone: DMA32
Aug 15 00:21:41 isucon6 kernel: [    0.000000] Kernel command line: BOOT_IMAGE=/boot/vmlinuz-4.4.0-79-generic root=UUID=90234f41-0948-407a-bc42-e4a4208e02d5 ro noresume nomodeset consoleblank=0 quiet transparent_hugepage=always elevator=noop net.ifnames=0 biosdevname=0
Aug 15 00:21:41 isucon6 kernel: [    0.000000] PID hash table entries: 4096 (order: 3, 32768 bytes)
Aug 15 00:21:41 isucon6 kernel: [    0.000000] Calgary: detecting Calgary via BIOS EBDA area
Aug 15 00:21:41 isucon6 kernel: [    0.000000] Calgary: Unable to locate Rio Grande table in EBDA - bailing!
Aug 15 00:21:41 isucon6 kernel: [    0.000000] Memory: 979480K/1048164K available (8469K kernel code, 1294K rwdata, 3984K rodata, 1484K init, 1316K bss, 68684K reserved, 0K cma-reserved)
Aug 15 00:21:41 isucon6 kernel: [    0.000000] SLUB: HWalign=64, Order=0-3, MinObjects=0, CPUs=1, Nodes=1
Aug 15 00:21:41 isucon6 kernel: [    0.000000] Hierarchical RCU implementation.
Aug 15 00:21:41 isucon6 kernel: [    0.000000] 	Build-time adjustment of leaf fanout to 64.
Aug 15 00:21:41 isucon6 kernel: [    0.000000] 	RCU restricting CPUs from NR_CPUS=512 to nr_cpu_ids=1.
Aug 15 00:21:41 isucon6 kernel: [    0.000000] RCU: Adjusting geometry for rcu_fanout_leaf=64, nr_cpu_ids=1
Aug 15 00:21:41 isucon6 kernel: [    0.000000] NR_IRQS:33024 nr_irqs:256 16
Aug 15 00:21:41 isucon6 kernel: [    0.000000] Console: colour dummy device 80x25
Aug 15 00:21:41 isucon6 kernel: [    0.000000] console [tty0] enabled
Aug 15 00:21:41 isucon6 kernel: [    0.000000] tsc: Detected 2499.998 MHz processor
Aug 15 00:21:41 isucon6 kernel: [    0.008000] Calibrating delay loop (skipped) preset value.. 4999.99 BogoMIPS (lpj=9999992)
Aug 15 00:21:41 isucon6 kernel: [    0.008000] pid_max: default: 32768 minimum: 301
Aug 15 00:21:41 isucon6 kernel: [    0.008000] ACPI: Core revision 20150930
Aug 15 00:21:41 isucon6 kernel: [    0.008000] ACPI: 3 ACPI AML tables successfully acquired and loaded
Aug 15 00:21:41 isucon6 kernel: [    0.008000] Security Framework initialized
Aug 15 00:21:41 isucon6 kernel: [    0.008000] Yama: becoming mindful.
Aug 15 00:21:41 isucon6 kernel: [    0.008000] AppArmor: AppArmor initialized
Aug 15 00:21:41 isucon6 kernel: [    0.008000] Dentry cache hash table entries: 131072 (order: 8, 1048576 bytes)
Aug 15 00:21:41 isucon6 kernel: [    0.008000] Inode-cache hash table entries: 65536 (order: 7, 524288 bytes)
Aug 15 00:21:41 isucon6 kernel: [    0.008000] Mount-cache hash table entries: 2048 (order: 2, 16384 bytes)
Aug 15 00:21:41 isucon6 kernel: [    0.008000] Mountpoint-cache hash table entries: 2048 (order: 2, 16384 bytes)
Aug 15 00:21:41 isucon6 kernel: [    0.008000] Initializing cgroup subsys io
Aug 15 00:21:41 isucon6 kernel: [    0.008000] Initializing cgroup subsys memory
Aug 15 00:21:41 isucon6 kernel: [    0.008000] Initializing cgroup subsys devices
Aug 15 00:21:41 isucon6 kernel: [    0.008000] Initializing cgroup subsys freezer
Aug 15 00:21:41 isucon6 kernel: [    0.008000] Initializing cgroup subsys net_cls
Aug 15 00:21:41 isucon6 kernel: [    0.008000] Initializing cgroup subsys perf_event
Aug 15 00:21:41 isucon6 kernel: [    0.008000] Initializing cgroup subsys net_prio
Aug 15 00:21:41 isucon6 kernel: [    0.008000] Initializing cgroup subsys hugetlb
Aug 15 00:21:41 isucon6 kernel: [    0.008000] Initializing cgroup subsys pids
Aug 15 00:21:41 isucon6 kernel: [    0.008000] Disabled fast string operations
Aug 15 00:21:41 isucon6 kernel: [    0.008000] mce: CPU supports 10 MCE banks
Aug 15 00:21:41 isucon6 kernel: [    0.008000] Last level iTLB entries: 4KB 0, 2MB 0, 4MB 0
Aug 15 00:21:41 isucon6 kernel: [    0.008000] Last level dTLB entries: 4KB 0, 2MB 0, 4MB 0, 1GB 0
Aug 15 00:21:41 isucon6 kernel: [    0.023192] Freeing SMP alternatives memory: 32K (ffffffff820b8000 - ffffffff820c0000)
Aug 15 00:21:41 isucon6 kernel: [    0.031291] ftrace: allocating 32127 entries in 126 pages
Aug 15 00:21:41 isucon6 kernel: [    0.044117] smpboot: APIC(0) Converting physical 0 to logical package 0
Aug 15 00:21:41 isucon6 kernel: [    0.044120] smpboot: Max logical packages: 1
Aug 15 00:21:41 isucon6 kernel: [    0.044404] x2apic enabled
Aug 15 00:21:41 isucon6 kernel: [    0.044623] Switched APIC routing to physical x2apic.
Aug 15 00:21:41 isucon6 kernel: [    0.048899] ..TIMER: vector=0x30 apic1=0 pin1=2 apic2=-1 pin2=-1
Aug 15 00:21:41 isucon6 kernel: [    0.048935] TSC deadline timer enabled
Aug 15 00:21:41 isucon6 kernel: [    0.048939] smpboot: CPU0: Intel(R) Xeon(R) CPU E5-2640 0 @ 2.50GHz (family: 0x6, model: 0x2d, stepping: 0x7)
Aug 15 00:21:41 isucon6 kernel: [    0.048953] Performance Events: 16-deep LBR, SandyBridge events, Intel PMU driver.
Aug 15 00:21:41 isucon6 kernel: [    0.052000] core: PEBS disabled due to CPU errata, please upgrade microcode
Aug 15 00:21:41 isucon6 kernel: [    0.052000] ... version:                2
Aug 15 00:21:41 isucon6 kernel: [    0.052000] ... bit width:              48
Aug 15 00:21:41 isucon6 kernel: [    0.052000] ... generic registers:      4
Aug 15 00:21:41 isucon6 kernel: [    0.052000] ... value mask:             0000ffffffffffff
Aug 15 00:21:41 isucon6 kernel: [    0.052000] ... max period:             000000007fffffff
Aug 15 00:21:41 isucon6 kernel: [    0.052000] ... fixed-purpose events:   3
Aug 15 00:21:41 isucon6 kernel: [    0.052000] ... event mask:             000000070000000f
Aug 15 00:21:41 isucon6 kernel: [    0.052540] x86: Booted up 1 node, 1 CPUs
Aug 15 00:21:41 isucon6 kernel: [    0.052542] smpboot: Total of 1 processors activated (4999.99 BogoMIPS)
Aug 15 00:21:41 isucon6 kernel: [    0.052846] devtmpfs: initialized
Aug 15 00:21:41 isucon6 kernel: [    0.054621] evm: security.selinux
Aug 15 00:21:41 isucon6 kernel: [    0.054623] evm: security.SMACK64
Aug 15 00:21:41 isucon6 kernel: [    0.054623] evm: security.SMACK64EXEC
Aug 15 00:21:41 isucon6 kernel: [    0.054624] evm: security.SMACK64TRANSMUTE
Aug 15 00:21:41 isucon6 kernel: [    0.054625] evm: security.SMACK64MMAP
Aug 15 00:21:41 isucon6 kernel: [    0.054625] evm: security.ima
Aug 15 00:21:41 isucon6 kernel: [    0.054626] evm: security.capability
Aug 15 00:21:41 isucon6 kernel: [    0.054760] clocksource: jiffies: mask: 0xffffffff max_cycles: 0xffffffff, max_idle_ns: 7645041785100000 ns
Aug 15 00:21:41 isucon6 kernel: [    0.054769] futex hash table entries: 256 (order: 2, 16384 bytes)
Aug 15 00:21:41 isucon6 kernel: [    0.054838] pinctrl core: initialized pinctrl subsystem
Aug 15 00:21:41 isucon6 kernel: [    0.054979] RTC time: 15:21:38, date: 08/14/17
Aug 15 00:21:41 isucon6 kernel: [    0.055108] NET: Registered protocol family 16
Aug 15 00:21:41 isucon6 kernel: [    0.055283] cpuidle: using governor ladder
Aug 15 00:21:41 isucon6 kernel: [    0.055286] cpuidle: using governor menu
Aug 15 00:21:41 isucon6 kernel: [    0.055287] PCCT header not found.
Aug 15 00:21:41 isucon6 kernel: [    0.055385] ACPI: bus type PCI registered
Aug 15 00:21:41 isucon6 kernel: [    0.055387] acpiphp: ACPI Hot Plug PCI Controller Driver version: 0.5
Aug 15 00:21:41 isucon6 kernel: [    0.055481] PCI: Using configuration type 1 for base access
Aug 15 00:21:41 isucon6 kernel: [    0.055550] core: PMU erratum BJ122, BV98, HSD29 workaround disabled, HT off
Aug 15 00:21:41 isucon6 kernel: [    0.057128] ACPI: Added _OSI(Module Device)
Aug 15 00:21:41 isucon6 kernel: [    0.057130] ACPI: Added _OSI(Processor Device)
Aug 15 00:21:41 isucon6 kernel: [    0.057132] ACPI: Added _OSI(3.0 _SCP Extensions)
Aug 15 00:21:41 isucon6 kernel: [    0.057134] ACPI: Added _OSI(Processor Aggregator Device)
Aug 15 00:21:41 isucon6 kernel: [    0.058650] ACPI: Interpreter enabled
Aug 15 00:21:41 isucon6 kernel: [    0.058659] ACPI: (supports S0 S5)
Aug 15 00:21:41 isucon6 kernel: [    0.058660] ACPI: Using IOAPIC for interrupt routing
Aug 15 00:21:41 isucon6 kernel: [    0.058671] PCI: Using host bridge windows from ACPI; if necessary, use "pci=nocrs" and report a bug
Aug 15 00:21:41 isucon6 kernel: [    0.061332] ACPI: PCI Root Bridge [PCI0] (domain 0000 [bus 00-ff])
Aug 15 00:21:41 isucon6 kernel: [    0.061339] acpi PNP0A03:00: _OSC: OS supports [ASPM ClockPM Segments MSI]
Aug 15 00:21:41 isucon6 kernel: [    0.061346] acpi PNP0A03:00: _OSC failed (AE_NOT_FOUND); disabling ASPM
Aug 15 00:21:41 isucon6 kernel: [    0.061356] acpi PNP0A03:00: fail to add MMCONFIG information, can't access extended PCI configuration space under this bridge.
Aug 15 00:21:41 isucon6 kernel: [    0.061637] acpiphp: Slot [1] registered
Aug 15 00:21:41 isucon6 kernel: [    0.061659] acpiphp: Slot [2] registered
Aug 15 00:21:41 isucon6 kernel: [    0.061675] acpiphp: Slot [3] registered
Aug 15 00:21:41 isucon6 kernel: [    0.061691] acpiphp: Slot [4] registered
Aug 15 00:21:41 isucon6 kernel: [    0.061706] acpiphp: Slot [5] registered
Aug 15 00:21:41 isucon6 kernel: [    0.061722] acpiphp: Slot [6] registered
Aug 15 00:21:41 isucon6 kernel: [    0.061738] acpiphp: Slot [7] registered
Aug 15 00:21:41 isucon6 kernel: [    0.061753] acpiphp: Slot [8] registered
Aug 15 00:21:41 isucon6 kernel: [    0.061768] acpiphp: Slot [9] registered
Aug 15 00:21:41 isucon6 kernel: [    0.061784] acpiphp: Slot [10] registered
Aug 15 00:21:41 isucon6 kernel: [    0.061800] acpiphp: Slot [11] registered
Aug 15 00:21:41 isucon6 kernel: [    0.061814] acpiphp: Slot [12] registered
Aug 15 00:21:41 isucon6 kernel: [    0.061829] acpiphp: Slot [13] registered
Aug 15 00:21:41 isucon6 kernel: [    0.061844] acpiphp: Slot [14] registered
Aug 15 00:21:41 isucon6 kernel: [    0.061859] acpiphp: Slot [15] registered
Aug 15 00:21:41 isucon6 kernel: [    0.061873] acpiphp: Slot [16] registered
Aug 15 00:21:41 isucon6 kernel: [    0.061889] acpiphp: Slot [17] registered
Aug 15 00:21:41 isucon6 kernel: [    0.061904] acpiphp: Slot [18] registered
Aug 15 00:21:41 isucon6 kernel: [    0.061919] acpiphp: Slot [19] registered
Aug 15 00:21:41 isucon6 kernel: [    0.061934] acpiphp: Slot [20] registered
Aug 15 00:21:41 isucon6 kernel: [    0.061949] acpiphp: Slot [21] registered
Aug 15 00:21:41 isucon6 kernel: [    0.061964] acpiphp: Slot [22] registered
Aug 15 00:21:41 isucon6 kernel: [    0.061979] acpiphp: Slot [23] registered
Aug 15 00:21:41 isucon6 kernel: [    0.061994] acpiphp: Slot [24] registered
Aug 15 00:21:41 isucon6 kernel: [    0.062009] acpiphp: Slot [25] registered
Aug 15 00:21:41 isucon6 kernel: [    0.062024] acpiphp: Slot [26] registered
Aug 15 00:21:41 isucon6 kernel: [    0.062049] acpiphp: Slot [27] registered
Aug 15 00:21:41 isucon6 kernel: [    0.062070] acpiphp: Slot [28] registered
Aug 15 00:21:41 isucon6 kernel: [    0.062097] acpiphp: Slot [29] registered
Aug 15 00:21:41 isucon6 kernel: [    0.062115] acpiphp: Slot [30] registered
Aug 15 00:21:41 isucon6 kernel: [    0.062131] acpiphp: Slot [31] registered
Aug 15 00:21:41 isucon6 kernel: [    0.062419] PCI host bridge to bus 0000:00
Aug 15 00:21:41 isucon6 kernel: [    0.062422] pci_bus 0000:00: root bus resource [io  0x0000-0x0cf7 window]
Aug 15 00:21:41 isucon6 kernel: [    0.062424] pci_bus 0000:00: root bus resource [io  0x0d00-0xffff window]
Aug 15 00:21:41 isucon6 kernel: [    0.062425] pci_bus 0000:00: root bus resource [mem 0x000a0000-0x000bffff window]
Aug 15 00:21:41 isucon6 kernel: [    0.062427] pci_bus 0000:00: root bus resource [mem 0xe0000000-0xfebfffff window]
Aug 15 00:21:41 isucon6 kernel: [    0.062429] pci_bus 0000:00: root bus resource [bus 00-ff]
Aug 15 00:21:41 isucon6 kernel: [    0.062457] pci 0000:00:00.0: [8086:1237] type 00 class 0x060000
Aug 15 00:21:41 isucon6 kernel: [    0.062769] pci 0000:00:01.0: [8086:7000] type 00 class 0x060100
Aug 15 00:21:41 isucon6 kernel: [    0.063217] pci 0000:00:01.1: [8086:7010] type 00 class 0x010180
Aug 15 00:21:41 isucon6 kernel: [    0.063449] pci 0000:00:01.1: reg 0x20: [io  0xc000-0xc00f]
Aug 15 00:21:41 isucon6 kernel: [    0.063541] pci 0000:00:01.1: legacy IDE quirk: reg 0x10: [io  0x01f0-0x01f7]
Aug 15 00:21:41 isucon6 kernel: [    0.063542] pci 0000:00:01.1: legacy IDE quirk: reg 0x14: [io  0x03f6]
Aug 15 00:21:41 isucon6 kernel: [    0.063543] pci 0000:00:01.1: legacy IDE quirk: reg 0x18: [io  0x0170-0x0177]
Aug 15 00:21:41 isucon6 kernel: [    0.063544] pci 0000:00:01.1: legacy IDE quirk: reg 0x1c: [io  0x0376]
Aug 15 00:21:41 isucon6 kernel: [    0.063675] pci 0000:00:01.2: [8086:7020] type 00 class 0x0c0300
Aug 15 00:21:41 isucon6 kernel: [    0.063890] pci 0000:00:01.2: reg 0x20: [io  0xc020-0xc03f]
Aug 15 00:21:41 isucon6 kernel: [    0.064140] pci 0000:00:01.3: [8086:7113] type 00 class 0x068000
Aug 15 00:21:41 isucon6 kernel: [    0.064466] pci 0000:00:01.3: quirk: [io  0xb000-0xb03f] claimed by PIIX4 ACPI
Aug 15 00:21:41 isucon6 kernel: [    0.064474] pci 0000:00:01.3: quirk: [io  0xb100-0xb10f] claimed by PIIX4 SMB
Aug 15 00:21:41 isucon6 kernel: [    0.064653] pci 0000:00:02.0: [1013:00b8] type 00 class 0x030000
Aug 15 00:21:41 isucon6 kernel: [    0.076000] pci 0000:00:02.0: reg 0x10: [mem 0xf0000000-0xf1ffffff pref]
Aug 15 00:21:41 isucon6 kernel: [    0.084019] pci 0000:00:02.0: reg 0x14: [mem 0xf2000000-0xf2000fff]
Aug 15 00:21:41 isucon6 kernel: [    0.132031] pci 0000:00:02.0: reg 0x30: [mem 0xf2010000-0xf201ffff pref]
Aug 15 00:21:41 isucon6 kernel: [    0.132378] pci 0000:00:03.0: [1af4:1000] type 00 class 0x020000
Aug 15 00:21:41 isucon6 kernel: [    0.132574] pci 0000:00:03.0: reg 0x10: [io  0xc040-0xc05f]
Aug 15 00:21:41 isucon6 kernel: [    0.132656] pci 0000:00:03.0: reg 0x14: [mem 0xf2020000-0xf2020fff]
Aug 15 00:21:41 isucon6 kernel: [    0.133035] pci 0000:00:03.0: reg 0x30: [mem 0xf2030000-0xf203ffff pref]
Aug 15 00:21:41 isucon6 kernel: [    0.133357] pci 0000:00:04.0: [1af4:1002] type 00 class 0x050000
Aug 15 00:21:41 isucon6 kernel: [    0.133467] pci 0000:00:04.0: reg 0x10: [io  0xc060-0xc07f]
Aug 15 00:21:41 isucon6 kernel: [    0.134081] pci 0000:00:05.0: [1af4:1001] type 00 class 0x010000
Aug 15 00:21:41 isucon6 kernel: [    0.134270] pci 0000:00:05.0: reg 0x10: [io  0xc080-0xc0bf]
Aug 15 00:21:41 isucon6 kernel: [    0.134354] pci 0000:00:05.0: reg 0x14: [mem 0xf2040000-0xf2040fff]
Aug 15 00:21:41 isucon6 kernel: [    0.135566] ACPI: PCI Interrupt Link [LNKA] (IRQs 5 *10 11)
Aug 15 00:21:41 isucon6 kernel: [    0.135677] ACPI: PCI Interrupt Link [LNKB] (IRQs 5 *10 11)
Aug 15 00:21:41 isucon6 kernel: [    0.135784] ACPI: PCI Interrupt Link [LNKC] (IRQs 5 10 *11)
Aug 15 00:21:41 isucon6 kernel: [    0.135888] ACPI: PCI Interrupt Link [LNKD] (IRQs 5 10 *11)
Aug 15 00:21:41 isucon6 kernel: [    0.135935] ACPI: PCI Interrupt Link [LNKS] (IRQs *9)
Aug 15 00:21:41 isucon6 kernel: [    0.136334] ACPI: Enabled 16 GPEs in block 00 to 0F
Aug 15 00:21:41 isucon6 kernel: [    0.136549] vgaarb: setting as boot device: PCI:0000:00:02.0
Aug 15 00:21:41 isucon6 kernel: [    0.136552] vgaarb: device added: PCI:0000:00:02.0,decodes=io+mem,owns=io+mem,locks=none
Aug 15 00:21:41 isucon6 kernel: [    0.136554] vgaarb: loaded
Aug 15 00:21:41 isucon6 kernel: [    0.136556] vgaarb: bridge control possible 0000:00:02.0
Aug 15 00:21:41 isucon6 kernel: [    0.136902] SCSI subsystem initialized
Aug 15 00:21:41 isucon6 kernel: [    0.136964] libata version 3.00 loaded.
Aug 15 00:21:41 isucon6 kernel: [    0.137001] ACPI: bus type USB registered
Aug 15 00:21:41 isucon6 kernel: [    0.137025] usbcore: registered new interface driver usbfs
Aug 15 00:21:41 isucon6 kernel: [    0.137040] usbcore: registered new interface driver hub
Aug 15 00:21:41 isucon6 kernel: [    0.137057] usbcore: registered new device driver usb
Aug 15 00:21:41 isucon6 kernel: [    0.137200] ioremap error for 0x3ffff000-0x40000000, requested 0x2, got 0x0
Aug 15 00:21:41 isucon6 kernel: [    0.137208] dmi: Firmware registration failed.
Aug 15 00:21:41 isucon6 kernel: [    0.137275] PCI: Using ACPI for IRQ routing
Aug 15 00:21:41 isucon6 kernel: [    0.137277] PCI: pci_cache_line_size set to 64 bytes
Aug 15 00:21:41 isucon6 kernel: [    0.137446] e820: reserve RAM buffer [mem 0x0009dc00-0x0009ffff]
Aug 15 00:21:41 isucon6 kernel: [    0.137449] e820: reserve RAM buffer [mem 0x3fffd000-0x3fffffff]
Aug 15 00:21:41 isucon6 kernel: [    0.137627] NetLabel: Initializing
Aug 15 00:21:41 isucon6 kernel: [    0.137629] NetLabel:  domain hash size = 128
Aug 15 00:21:41 isucon6 kernel: [    0.137630] NetLabel:  protocols = UNLABELED CIPSOv4
Aug 15 00:21:41 isucon6 kernel: [    0.137643] NetLabel:  unlabeled traffic allowed by default
Aug 15 00:21:41 isucon6 kernel: [    0.137765] amd_nb: Cannot enumerate AMD northbridges
Aug 15 00:21:41 isucon6 kernel: [    0.137782] clocksource: Switched to clocksource kvm-clock
Aug 15 00:21:41 isucon6 kernel: [    0.144902] AppArmor: AppArmor Filesystem Enabled
Aug 15 00:21:41 isucon6 kernel: [    0.144996] pnp: PnP ACPI init
Aug 15 00:21:41 isucon6 kernel: [    0.145115] pnp 00:00: Plug and Play ACPI device, IDs PNP0b00 (active)
Aug 15 00:21:41 isucon6 kernel: [    0.145189] pnp 00:01: Plug and Play ACPI device, IDs PNP0303 (active)
Aug 15 00:21:41 isucon6 kernel: [    0.145240] pnp 00:02: Plug and Play ACPI device, IDs PNP0f13 (active)
Aug 15 00:21:41 isucon6 kernel: [    0.145270] pnp 00:03: [dma 2]
Aug 15 00:21:41 isucon6 kernel: [    0.145298] pnp 00:03: Plug and Play ACPI device, IDs PNP0700 (active)
Aug 15 00:21:41 isucon6 kernel: [    0.145437] pnp 00:04: Plug and Play ACPI device, IDs PNP0501 (active)
Aug 15 00:21:41 isucon6 kernel: [    0.145645] pnp: PnP ACPI: found 5 devices
Aug 15 00:21:41 isucon6 kernel: [    0.152512] clocksource: acpi_pm: mask: 0xffffff max_cycles: 0xffffff, max_idle_ns: 2085701024 ns
Aug 15 00:21:41 isucon6 kernel: [    0.152534] pci_bus 0000:00: resource 4 [io  0x0000-0x0cf7 window]
Aug 15 00:21:41 isucon6 kernel: [    0.152537] pci_bus 0000:00: resource 5 [io  0x0d00-0xffff window]
Aug 15 00:21:41 isucon6 kernel: [    0.152539] pci_bus 0000:00: resource 6 [mem 0x000a0000-0x000bffff window]
Aug 15 00:21:41 isucon6 kernel: [    0.152541] pci_bus 0000:00: resource 7 [mem 0xe0000000-0xfebfffff window]
Aug 15 00:21:41 isucon6 kernel: [    0.152588] NET: Registered protocol family 2
Aug 15 00:21:41 isucon6 kernel: [    0.152802] TCP established hash table entries: 8192 (order: 4, 65536 bytes)
Aug 15 00:21:41 isucon6 kernel: [    0.152830] TCP bind hash table entries: 8192 (order: 5, 131072 bytes)
Aug 15 00:21:41 isucon6 kernel: [    0.152856] TCP: Hash tables configured (established 8192 bind 8192)
Aug 15 00:21:41 isucon6 kernel: [    0.152892] UDP hash table entries: 512 (order: 2, 16384 bytes)
Aug 15 00:21:41 isucon6 kernel: [    0.152900] UDP-Lite hash table entries: 512 (order: 2, 16384 bytes)
Aug 15 00:21:41 isucon6 kernel: [    0.152949] NET: Registered protocol family 1
Aug 15 00:21:41 isucon6 kernel: [    0.152970] pci 0000:00:00.0: Limiting direct PCI/PCI transfers
Aug 15 00:21:41 isucon6 kernel: [    0.152990] pci 0000:00:01.0: PIIX3: Enabling Passive Release
Aug 15 00:21:41 isucon6 kernel: [    0.153015] pci 0000:00:01.0: Activating ISA DMA hang workarounds
Aug 15 00:21:41 isucon6 kernel: [    0.153368] ACPI: PCI Interrupt Link [LNKD] enabled at IRQ 11
Aug 15 00:21:41 isucon6 kernel: [    0.153659] pci 0000:00:02.0: Video device with shadowed ROM
Aug 15 00:21:41 isucon6 kernel: [    0.153698] PCI: CLS 0 bytes, default 64
Aug 15 00:21:41 isucon6 kernel: [    0.153770] Unpacking initramfs...
Aug 15 00:21:41 isucon6 kernel: [    0.665178] Freeing initrd memory: 33280K (ffff880033ef0000 - ffff880035f70000)
Aug 15 00:21:41 isucon6 kernel: [    0.666114] RAPL PMU detected, API unit is 2^-32 Joules, 3 fixed counters 10737418240 ms ovfl timer
Aug 15 00:21:41 isucon6 kernel: [    0.666116] hw unit of domain pp0-core 2^-0 Joules
Aug 15 00:21:41 isucon6 kernel: [    0.666117] hw unit of domain package 2^-0 Joules
Aug 15 00:21:41 isucon6 kernel: [    0.666118] hw unit of domain dram 2^-0 Joules
Aug 15 00:21:41 isucon6 kernel: [    0.666179] Scanning for low memory corruption every 60 seconds
Aug 15 00:21:41 isucon6 kernel: [    0.666510] audit: initializing netlink subsys (disabled)
Aug 15 00:21:41 isucon6 kernel: [    0.666528] audit: type=2000 audit(1502724101.161:1): initialized
Aug 15 00:21:41 isucon6 kernel: [    0.666824] Initialise system trusted keyring
Aug 15 00:21:41 isucon6 kernel: [    0.666904] HugeTLB registered 1 GB page size, pre-allocated 0 pages
Aug 15 00:21:41 isucon6 kernel: [    0.666905] HugeTLB registered 2 MB page size, pre-allocated 0 pages
Aug 15 00:21:41 isucon6 kernel: [    0.668263] zbud: loaded
Aug 15 00:21:41 isucon6 kernel: [    0.668435] VFS: Disk quotas dquot_6.6.0
Aug 15 00:21:41 isucon6 kernel: [    0.668464] VFS: Dquot-cache hash table entries: 512 (order 0, 4096 bytes)
Aug 15 00:21:41 isucon6 kernel: [    0.668689] squashfs: version 4.0 (2009/01/31) Phillip Lougher
Aug 15 00:21:41 isucon6 kernel: [    0.668893] fuse init (API version 7.23)
Aug 15 00:21:41 isucon6 kernel: [    0.669006] Key type big_key registered
Aug 15 00:21:41 isucon6 kernel: [    0.669021] Allocating IMA MOK and blacklist keyrings.
Aug 15 00:21:41 isucon6 kernel: [    0.669222] Key type asymmetric registered
Aug 15 00:21:41 isucon6 kernel: [    0.669225] Asymmetric key parser 'x509' registered
Aug 15 00:21:41 isucon6 kernel: [    0.669257] Block layer SCSI generic (bsg) driver version 0.4 loaded (major 249)
Aug 15 00:21:41 isucon6 kernel: [    0.669278] io scheduler noop registered (default)
Aug 15 00:21:41 isucon6 kernel: [    0.669281] io scheduler deadline registered
Aug 15 00:21:41 isucon6 kernel: [    0.669306] io scheduler cfq registered
Aug 15 00:21:41 isucon6 kernel: [    0.669395] pci_hotplug: PCI Hot Plug PCI Core version: 0.5
Aug 15 00:21:41 isucon6 kernel: [    0.669401] pciehp: PCI Express Hot Plug Controller Driver version: 0.4
Aug 15 00:21:41 isucon6 kernel: [    0.669431] efifb: probing for efifb
Aug 15 00:21:41 isucon6 kernel: [    0.669440] efifb: framebuffer at 0xf0000000, mapped to 0xffffc90000200000, using 1408k, total 1408k
Aug 15 00:21:41 isucon6 kernel: [    0.669441] efifb: mode is 800x600x24, linelength=2400, pages=1
Aug 15 00:21:41 isucon6 kernel: [    0.669442] efifb: scrolling: redraw
Aug 15 00:21:41 isucon6 kernel: [    0.669443] efifb: Truecolor: size=0:8:8:8, shift=0:16:8:0
Aug 15 00:21:41 isucon6 kernel: [    0.671704] Console: switching to colour frame buffer device 100x37
Aug 15 00:21:41 isucon6 kernel: [    0.673389] fb0: EFI VGA frame buffer device
Aug 15 00:21:41 isucon6 kernel: [    0.673405] intel_idle: does not run on family 6 model 45
Aug 15 00:21:41 isucon6 kernel: [    0.673468] input: Power Button as /devices/LNXSYSTM:00/LNXPWRBN:00/input/input0
Aug 15 00:21:41 isucon6 kernel: [    0.673475] ACPI: Power Button [PWRF]
Aug 15 00:21:41 isucon6 kernel: [    0.673662] GHES: HEST is not enabled!
Aug 15 00:21:41 isucon6 kernel: [    0.673989] ACPI: PCI Interrupt Link [LNKC] enabled at IRQ 10
Aug 15 00:21:41 isucon6 kernel: [    0.674039] virtio-pci 0000:00:03.0: virtio_pci: leaving for legacy driver
Aug 15 00:21:41 isucon6 kernel: [    0.674326] virtio-pci 0000:00:04.0: virtio_pci: leaving for legacy driver
Aug 15 00:21:41 isucon6 kernel: [    0.674664] ACPI: PCI Interrupt Link [LNKA] enabled at IRQ 10
Aug 15 00:21:41 isucon6 kernel: [    0.674710] virtio-pci 0000:00:05.0: virtio_pci: leaving for legacy driver
Aug 15 00:21:41 isucon6 kernel: [    0.675345] Serial: 8250/16550 driver, 32 ports, IRQ sharing enabled
Aug 15 00:21:41 isucon6 kernel: [    0.697335] 00:04: ttyS0 at I/O 0x3f8 (irq = 4, base_baud = 115200) is a 16550A
Aug 15 00:21:41 isucon6 kernel: [    0.698523] Linux agpgart interface v0.103
Aug 15 00:21:41 isucon6 kernel: [    0.699559] loop: module loaded
Aug 15 00:21:41 isucon6 kernel: [    0.733243]  vda: vda1 vda2 vda3
Aug 15 00:21:41 isucon6 kernel: [    0.733614] ata_piix 0000:00:01.1: version 2.13
Aug 15 00:21:41 isucon6 kernel: [    0.734014] scsi host0: ata_piix
Aug 15 00:21:41 isucon6 kernel: [    0.734101] scsi host1: ata_piix
Aug 15 00:21:41 isucon6 kernel: [    0.734138] ata1: PATA max MWDMA2 cmd 0x1f0 ctl 0x3f6 bmdma 0xc000 irq 14
Aug 15 00:21:41 isucon6 kernel: [    0.734139] ata2: PATA max MWDMA2 cmd 0x170 ctl 0x376 bmdma 0xc008 irq 15
Aug 15 00:21:41 isucon6 kernel: [    0.734210] libphy: Fixed MDIO Bus: probed
Aug 15 00:21:41 isucon6 kernel: [    0.734213] tun: Universal TUN/TAP device driver, 1.6
Aug 15 00:21:41 isucon6 kernel: [    0.734214] tun: (C) 1999-2004 Max Krasnyansky <maxk@qualcomm.com>
Aug 15 00:21:41 isucon6 kernel: [    0.790710] PPP generic driver version 2.4.2
Aug 15 00:21:41 isucon6 kernel: [    0.790822] ehci_hcd: USB 2.0 'Enhanced' Host Controller (EHCI) Driver
Aug 15 00:21:41 isucon6 kernel: [    0.790831] ehci-pci: EHCI PCI platform driver
Aug 15 00:21:41 isucon6 kernel: [    0.790845] ehci-platform: EHCI generic platform driver
Aug 15 00:21:41 isucon6 kernel: [    0.790857] ohci_hcd: USB 1.1 'Open' Host Controller (OHCI) Driver
Aug 15 00:21:41 isucon6 kernel: [    0.790863] ohci-pci: OHCI PCI platform driver
Aug 15 00:21:41 isucon6 kernel: [    0.790876] ohci-platform: OHCI generic platform driver
Aug 15 00:21:41 isucon6 kernel: [    0.790889] uhci_hcd: USB Universal Host Controller Interface driver
Aug 15 00:21:41 isucon6 kernel: [    0.791142] uhci_hcd 0000:00:01.2: UHCI Host Controller
Aug 15 00:21:41 isucon6 kernel: [    0.791149] uhci_hcd 0000:00:01.2: new USB bus registered, assigned bus number 1
Aug 15 00:21:41 isucon6 kernel: [    0.791162] uhci_hcd 0000:00:01.2: detected 2 ports
Aug 15 00:21:41 isucon6 kernel: [    0.791222] uhci_hcd 0000:00:01.2: irq 11, io base 0x0000c020
Aug 15 00:21:41 isucon6 kernel: [    0.791300] usb usb1: New USB device found, idVendor=1d6b, idProduct=0001
Aug 15 00:21:41 isucon6 kernel: [    0.791303] usb usb1: New USB device strings: Mfr=3, Product=2, SerialNumber=1
Aug 15 00:21:41 isucon6 kernel: [    0.791305] usb usb1: Product: UHCI Host Controller
Aug 15 00:21:41 isucon6 kernel: [    0.791307] usb usb1: Manufacturer: Linux 4.4.0-79-generic uhci_hcd
Aug 15 00:21:41 isucon6 kernel: [    0.791309] usb usb1: SerialNumber: 0000:00:01.2
Aug 15 00:21:41 isucon6 kernel: [    0.791452] hub 1-0:1.0: USB hub found
Aug 15 00:21:41 isucon6 kernel: [    0.791463] hub 1-0:1.0: 2 ports detected
Aug 15 00:21:41 isucon6 kernel: [    0.791649] i8042: PNP: PS/2 Controller [PNP0303:KBD,PNP0f13:MOU] at 0x60,0x64 irq 1,12
Aug 15 00:21:41 isucon6 kernel: [    0.792436] serio: i8042 KBD port at 0x60,0x64 irq 1
Aug 15 00:21:41 isucon6 kernel: [    0.792443] serio: i8042 AUX port at 0x60,0x64 irq 12
Aug 15 00:21:41 isucon6 kernel: [    0.792575] mousedev: PS/2 mouse device common for all mice
Aug 15 00:21:41 isucon6 kernel: [    0.792814] input: AT Translated Set 2 keyboard as /devices/platform/i8042/serio0/input/input1
Aug 15 00:21:41 isucon6 kernel: [    0.793082] rtc_cmos 00:00: RTC can wake from S4
Aug 15 00:21:41 isucon6 kernel: [    0.793304] rtc_cmos 00:00: rtc core: registered rtc_cmos as rtc0
Aug 15 00:21:41 isucon6 kernel: [    0.793372] rtc_cmos 00:00: alarms up to one day, 114 bytes nvram
Aug 15 00:21:41 isucon6 kernel: [    0.793380] i2c /dev entries driver
Aug 15 00:21:41 isucon6 kernel: [    0.793436] device-mapper: uevent: version 1.0.3
Aug 15 00:21:41 isucon6 kernel: [    0.793504] device-mapper: ioctl: 4.34.0-ioctl (2015-10-28) initialised: dm-devel@redhat.com
Aug 15 00:21:41 isucon6 kernel: [    0.793533] ledtrig-cpu: registered to indicate activity on CPUs
Aug 15 00:21:41 isucon6 kernel: [    0.793814] NET: Registered protocol family 10
Aug 15 00:21:41 isucon6 kernel: [    0.793989] NET: Registered protocol family 17
Aug 15 00:21:41 isucon6 kernel: [    0.794002] Key type dns_resolver registered
Aug 15 00:21:41 isucon6 kernel: [    0.794163] microcode: CPU0 sig=0x206d7, pf=0x1, revision=0x1
Aug 15 00:21:41 isucon6 kernel: [    0.794193] microcode: Microcode Update Driver: v2.01 <tigran@aivazian.fsnet.co.uk>, Peter Oruba
Aug 15 00:21:41 isucon6 kernel: [    0.794365] registered taskstats version 1
Aug 15 00:21:41 isucon6 kernel: [    0.794380] Loading compiled-in X.509 certificates
Aug 15 00:21:41 isucon6 kernel: [    0.795255] Loaded X.509 cert 'Build time autogenerated kernel key: 761c03361fb5ffec61c19dca354b3d4126495503'
Aug 15 00:21:41 isucon6 kernel: [    0.795279] zswap: loaded using pool lzo/zbud
Aug 15 00:21:41 isucon6 kernel: [    0.796808] Key type trusted registered
Aug 15 00:21:41 isucon6 kernel: [    0.799338] Key type encrypted registered
Aug 15 00:21:41 isucon6 kernel: [    0.799343] AppArmor: AppArmor sha1 policy hashing enabled
Aug 15 00:21:41 isucon6 kernel: [    0.799347] ima: No TPM chip found, activating TPM-bypass!
Aug 15 00:21:41 isucon6 kernel: [    0.799365] evm: HMAC attrs: 0x1
Aug 15 00:21:41 isucon6 kernel: [    0.799628]   Magic number: 13:477:386
Aug 15 00:21:41 isucon6 kernel: [    0.799724] rtc_cmos 00:00: setting system clock to 2017-08-14 15:21:39 UTC (1502724099)
Aug 15 00:21:41 isucon6 kernel: [    0.799791] BIOS EDD facility v0.16 2004-Jun-25, 0 devices found
Aug 15 00:21:41 isucon6 kernel: [    0.799793] EDD information not available.
Aug 15 00:21:41 isucon6 kernel: [    0.888498] ata1.01: ATAPI: QEMU DVD-ROM, 0.12.1, max UDMA/100
Aug 15 00:21:41 isucon6 kernel: [    0.888947] ata1.01: configured for MWDMA2
Aug 15 00:21:41 isucon6 kernel: [    0.889380] scsi 0:0:1:0: CD-ROM            QEMU     QEMU DVD-ROM     0.12 PQ: 0 ANSI: 5
Aug 15 00:21:41 isucon6 kernel: [    0.896625] ata2.01: NODEV after polling detection
Aug 15 00:21:41 isucon6 kernel: [    0.897016] ata2.00: ATAPI: QEMU DVD-ROM, 0.12.1, max UDMA/100
Aug 15 00:21:41 isucon6 kernel: [    0.897134] sr 0:0:1:0: [sr0] scsi3-mmc drive: 4x/4x xa/form2 tray
Aug 15 00:21:41 isucon6 kernel: [    0.897136] cdrom: Uniform CD-ROM driver Revision: 3.20
Aug 15 00:21:41 isucon6 kernel: [    0.897252] sr 0:0:1:0: Attached scsi CD-ROM sr0
Aug 15 00:21:41 isucon6 kernel: [    0.897715] sr 0:0:1:0: Attached scsi generic sg0 type 5
Aug 15 00:21:41 isucon6 kernel: [    0.897853] ata2.00: configured for MWDMA2
Aug 15 00:21:41 isucon6 kernel: [    0.898243] scsi 1:0:0:0: CD-ROM            QEMU     QEMU DVD-ROM     0.12 PQ: 0 ANSI: 5
Aug 15 00:21:41 isucon6 kernel: [    0.904431] sr 1:0:0:0: [sr1] scsi3-mmc drive: 4x/4x xa/form2 tray
Aug 15 00:21:41 isucon6 kernel: [    0.904548] sr 1:0:0:0: Attached scsi CD-ROM sr1
Aug 15 00:21:41 isucon6 kernel: [    0.904833] sr 1:0:0:0: Attached scsi generic sg1 type 5
Aug 15 00:21:41 isucon6 kernel: [    0.906224] Freeing unused kernel memory: 1484K (ffffffff81f45000 - ffffffff820b8000)
Aug 15 00:21:41 isucon6 kernel: [    0.906226] Write protecting the kernel read-only data: 14336k
Aug 15 00:21:41 isucon6 kernel: [    0.906829] Freeing unused kernel memory: 1760K (ffff880001848000 - ffff880001a00000)
Aug 15 00:21:41 isucon6 kernel: [    0.907106] Freeing unused kernel memory: 112K (ffff880001de4000 - ffff880001e00000)
Aug 15 00:21:41 isucon6 kernel: [    0.916987] random: udevadm: uninitialized urandom read (16 bytes read, 1 bits of entropy available)
Aug 15 00:21:41 isucon6 kernel: [    0.917055] random: udevadm: uninitialized urandom read (16 bytes read, 1 bits of entropy available)
Aug 15 00:21:41 isucon6 kernel: [    0.917162] random: udevadm: uninitialized urandom read (16 bytes read, 1 bits of entropy available)
Aug 15 00:21:41 isucon6 kernel: [    0.917215] random: udevadm: uninitialized urandom read (16 bytes read, 1 bits of entropy available)
Aug 15 00:21:41 isucon6 kernel: [    0.917271] random: udevadm: uninitialized urandom read (16 bytes read, 1 bits of entropy available)
Aug 15 00:21:41 isucon6 kernel: [    0.917358] random: udevadm: uninitialized urandom read (16 bytes read, 1 bits of entropy available)
Aug 15 00:21:41 isucon6 kernel: [    0.917443] random: udevadm: uninitialized urandom read (16 bytes read, 1 bits of entropy available)
Aug 15 00:21:41 isucon6 kernel: [    0.917500] random: udevadm: uninitialized urandom read (16 bytes read, 1 bits of entropy available)
Aug 15 00:21:41 isucon6 kernel: [    0.917578] random: udevadm: uninitialized urandom read (16 bytes read, 1 bits of entropy available)
Aug 15 00:21:41 isucon6 kernel: [    0.917634] random: udevadm: uninitialized urandom read (16 bytes read, 1 bits of entropy available)
Aug 15 00:21:41 isucon6 kernel: [    0.989517] [drm] Initialized drm 1.1.0 20060810
Aug 15 00:21:41 isucon6 kernel: [    0.993664] input: VirtualPS/2 VMware VMMouse as /devices/platform/i8042/serio1/input/input4
Aug 15 00:21:41 isucon6 kernel: [    0.993884] input: VirtualPS/2 VMware VMMouse as /devices/platform/i8042/serio1/input/input3
Aug 15 00:21:41 isucon6 kernel: [    0.995494] Floppy drive(s): fd0 is 1.44M
Aug 15 00:21:41 isucon6 kernel: [    1.009843] FDC 0 is a S82078B
Aug 15 00:21:41 isucon6 kernel: [    1.100056] usb 1-1: new full-speed USB device number 2 using uhci_hcd
Aug 15 00:21:41 isucon6 kernel: [    1.124738] EXT4-fs (vda3): mounted filesystem with ordered data mode. Opts: (null)
Aug 15 00:21:41 isucon6 kernel: [    1.454048] usb 1-1: New USB device found, idVendor=0627, idProduct=0001
Aug 15 00:21:41 isucon6 kernel: [    1.454051] usb 1-1: New USB device strings: Mfr=1, Product=3, SerialNumber=5
Aug 15 00:21:41 isucon6 kernel: [    1.454053] usb 1-1: Product: QEMU USB Tablet
Aug 15 00:21:41 isucon6 kernel: [    1.454055] usb 1-1: Manufacturer: QEMU 0.12.1
Aug 15 00:21:41 isucon6 kernel: [    1.454056] usb 1-1: SerialNumber: 42
Aug 15 00:21:41 isucon6 kernel: [    1.664078] tsc: Refined TSC clocksource calibration: 2499.954 MHz
Aug 15 00:21:41 isucon6 kernel: [    1.664084] clocksource: tsc: mask: 0xffffffffffffffff max_cycles: 0x24090e318bd, max_idle_ns: 440795215423 ns
Aug 15 00:21:41 isucon6 kernel: [    1.820713] EXT4-fs (vda3): re-mounted. Opts: errors=remount-ro
Aug 15 00:21:41 isucon6 kernel: [    2.361355] piix4_smbus 0000:00:01.3: SMBus Host Controller at 0xb100, revision 0
Aug 15 00:21:41 isucon6 kernel: [    2.467102] Adding 4194300k swap on /dev/vda2.  Priority:-1 extents:1 across:4194300k FS
Aug 15 00:21:41 isucon6 kernel: [    2.482961] hidraw: raw HID events driver (C) Jiri Kosina
Aug 15 00:21:41 isucon6 kernel: [    2.556300] usbcore: registered new interface driver usbhid
Aug 15 00:21:41 isucon6 kernel: [    2.556304] usbhid: USB HID core driver
Aug 15 00:21:41 isucon6 kernel: [    2.583259] audit: type=1400 audit(1502724101.280:2): apparmor="STATUS" operation="profile_load" profile="unconfined" name="/sbin/dhclient" pid=352 comm="apparmor_parser"
Aug 15 00:21:41 isucon6 kernel: [    2.586108] audit: type=1400 audit(1502724101.284:3): apparmor="STATUS" operation="profile_load" profile="unconfined" name="/usr/lib/NetworkManager/nm-dhcp-client.action" pid=352 comm="apparmor_parser"
Aug 15 00:21:41 isucon6 kernel: [    2.586481] audit: type=1400 audit(1502724101.284:4): apparmor="STATUS" operation="profile_load" profile="unconfined" name="/usr/lib/NetworkManager/nm-dhcp-helper" pid=352 comm="apparmor_parser"
Aug 15 00:21:41 isucon6 kernel: [    2.586809] audit: type=1400 audit(1502724101.284:5): apparmor="STATUS" operation="profile_load" profile="unconfined" name="/usr/lib/connman/scripts/dhclient-script" pid=352 comm="apparmor_parser"
Aug 15 00:21:41 isucon6 kernel: [    2.726371] AVX version of gcm_enc/dec engaged.
Aug 15 00:21:41 isucon6 kernel: [    2.726377] AES CTR mode by8 optimization enabled
Aug 15 00:21:41 isucon6 kernel: [    2.775246] ppdev: user-space parallel port driver
Aug 15 00:21:41 isucon6 kernel: [    2.782704] audit: type=1400 audit(1502724101.480:6): apparmor="STATUS" operation="profile_load" profile="unconfined" name="/usr/sbin/ntpd" pid=376 comm="apparmor_parser"
Aug 15 00:21:41 isucon6 kernel: [    2.812149] input: QEMU 0.12.1 QEMU USB Tablet as /devices/pci0000:00/0000:00:01.2/usb1/1-1/1-1:1.0/0003:0627:0001.0001/input/input5
Aug 15 00:21:41 isucon6 kernel: [    2.812703] hid-generic 0003:0627:0001.0001: input,hidraw0: USB HID v0.01 Pointer [QEMU 0.12.1 QEMU USB Tablet] on usb-0000:00:01.2-1/input0
Aug 15 00:21:41 isucon6 kernel: [    2.853755] intel_rapl: no valid rapl domains found in package 0
Aug 15 00:21:41 isucon6 kernel: [    2.920231] audit: type=1400 audit(1502724101.620:7): apparmor="STATUS" operation="profile_load" profile="unconfined" name="/usr/sbin/tcpdump" pid=437 comm="apparmor_parser"
Aug 15 00:21:41 isucon6 loadkeys[187]: Loading /etc/console-setup/cached.kmap.gz
Aug 15 00:21:41 isucon6 systemd[1]: Started Set console keymap.
Aug 15 00:21:41 isucon6 systemd[1]: Reached target Network (Pre).
Aug 15 00:21:41 isucon6 systemd[1]: Starting Apply Kernel Variables...
Aug 15 00:21:41 isucon6 systemd[1]: Mounting FUSE Control File System...
Aug 15 00:21:41 isucon6 systemd[1]: Starting Create Static Device Nodes in /dev...
Aug 15 00:21:41 isucon6 systemd[1]: Mounted FUSE Control File System.
Aug 15 00:21:41 isucon6 systemd[1]: Started Apply Kernel Variables.
Aug 15 00:21:41 isucon6 systemd[1]: Started Create Static Device Nodes in /dev.
Aug 15 00:21:41 isucon6 systemd[1]: Starting udev Kernel Device Manager...
Aug 15 00:21:41 isucon6 systemd-udevd[247]: Network interface NamePolicy= disabled on kernel command line, ignoring.
Aug 15 00:21:41 isucon6 systemd[1]: Started udev Kernel Device Manager.
Aug 15 00:21:41 isucon6 systemd[1]: Starting Remount Root and Kernel File Systems...
Aug 15 00:21:41 isucon6 systemd[1]: Started Remount Root and Kernel File Systems.
Aug 15 00:21:41 isucon6 systemd[1]: Starting Flush Journal to Persistent Storage...
Aug 15 00:21:41 isucon6 systemd[1]: Reached target Local File Systems (Pre).
Aug 15 00:21:41 isucon6 systemd[1]: Reached target Local File Systems.
Aug 15 00:21:41 isucon6 systemd[1]: Starting LSB: AppArmor initialization...
Aug 15 00:21:41 isucon6 systemd[1]: Starting Set console font and keymap...
Aug 15 00:21:41 isucon6 systemd[1]: Starting Tell Plymouth To Write Out Runtime Data...
Aug 15 00:21:41 isucon6 systemd[1]: Starting udev Coldplug all Devices...
Aug 15 00:21:41 isucon6 systemd[1]: Starting Load/Save Random Seed...
Aug 15 00:21:41 isucon6 systemd[1]: Started Tell Plymouth To Write Out Runtime Data.
Aug 15 00:21:41 isucon6 systemd[1]: Started Load/Save Random Seed.
Aug 15 00:21:41 isucon6 systemd[1]: Started Flush Journal to Persistent Storage.
Aug 15 00:21:41 isucon6 apparmor[254]:  * Starting AppArmor profiles
Aug 15 00:21:41 isucon6 systemd[1]: Starting Create Volatile Files and Directories...
Aug 15 00:21:41 isucon6 systemd-tmpfiles[335]: [/usr/lib/tmpfiles.d/var.conf:14] Duplicate line for path "/var/log", ignoring.
Aug 15 00:21:41 isucon6 systemd[1]: Started Create Volatile Files and Directories.
Aug 15 00:21:41 isucon6 systemd[1]: Reached target System Time Synchronized.
Aug 15 00:21:41 isucon6 systemd[1]: Starting Update UTMP about System Boot/Shutdown...
Aug 15 00:21:41 isucon6 systemd[1]: Started udev Coldplug all Devices.
Aug 15 00:21:41 isucon6 systemd[1]: Started Update UTMP about System Boot/Shutdown.
Aug 15 00:21:41 isucon6 systemd[1]: Started Dispatch Password Requests to Console Directory Watch.
Aug 15 00:21:41 isucon6 systemd[1]: Started Set console font and keymap.
Aug 15 00:21:41 isucon6 systemd[1]: Created slice system-getty.slice.
Aug 15 00:21:41 isucon6 systemd[1]: Found device /dev/disk/by-uuid/f51e7f2e-21bf-4ddb-84bb-1ce3849ec906.
Aug 15 00:21:41 isucon6 systemd[1]: Found device /dev/vda2.
Aug 15 00:21:41 isucon6 systemd[1]: Activating swap Swap Partition...
Aug 15 00:21:41 isucon6 systemd[1]: Activated swap Swap Partition.
Aug 15 00:21:41 isucon6 systemd[1]: Activated swap /dev/disk/by-uuid/f51e7f2e-21bf-4ddb-84bb-1ce3849ec906.
Aug 15 00:21:41 isucon6 systemd[1]: Reached target Swap.
Aug 15 00:21:41 isucon6 systemd[1]: Found device Virtio network device.
Aug 15 00:21:41 isucon6 systemd[1]: Listening on Load/Save RF Kill Switch Status /dev/rfkill Watch.
Aug 15 00:21:41 isucon6 apparmor[254]: Skipping profile in /etc/apparmor.d/disable: usr.sbin.rsyslogd
Aug 15 00:21:41 isucon6 apparmor[254]:    ...done.
Aug 15 00:21:41 isucon6 systemd[1]: Started LSB: AppArmor initialization.
Aug 15 00:21:41 isucon6 systemd[1]: Starting Raise network interfaces...
Aug 15 00:21:41 isucon6 systemd[1]: Reached target System Initialization.
Aug 15 00:21:41 isucon6 systemd[1]: Listening on D-Bus System Message Bus Socket.
Aug 15 00:21:41 isucon6 systemd[1]: Started ACPI Events Check.
Aug 15 00:21:41 isucon6 systemd[1]: Reached target Paths.
Aug 15 00:21:41 isucon6 systemd[1]: Listening on UUID daemon activation socket.
Aug 15 00:21:41 isucon6 systemd[1]: Started Daily Cleanup of Temporary Directories.
Aug 15 00:21:41 isucon6 systemd[1]: Listening on ACPID Listen Socket.
Aug 15 00:21:41 isucon6 systemd[1]: Reached target Sockets.
Aug 15 00:21:41 isucon6 systemd[1]: Reached target Basic System.
Aug 15 00:21:41 isucon6 systemd[1]: Started Regular background program processing daemon.
Aug 15 00:21:41 isucon6 systemd[1]: Starting Login Service...
Aug 15 00:21:41 isucon6 systemd[1]: Started Run anacron jobs.
Aug 15 00:21:41 isucon6 systemd[1]: Starting System Logging Service...
Aug 15 00:21:41 isucon6 systemd[1]: Starting LSB: daemon to balance interrupts for SMP systems...
Aug 15 00:21:41 isucon6 systemd[1]: Starting Permit User Sessions...
Aug 15 00:21:41 isucon6 anacron[463]: Anacron 2.3 started on 2017-08-15
Aug 15 00:21:41 isucon6 anacron[463]: Will run job `cron.daily' in 5 min.
Aug 15 00:21:41 isucon6 anacron[463]: Will run job `cron.weekly' in 10 min.
Aug 15 00:21:41 isucon6 anacron[463]: Will run job `cron.monthly' in 15 min.
Aug 15 00:21:41 isucon6 anacron[463]: Jobs will be executed sequentially
Aug 15 00:21:41 isucon6 systemd[1]: Started ACPI event daemon.
Aug 15 00:21:41 isucon6 systemd[1]: Starting LSB: Set the CPU Frequency Scaling governor to "ondemand"...
Aug 15 00:21:41 isucon6 cron[461]: (CRON) INFO (pidfile fd = 3)
Aug 15 00:21:41 isucon6 systemd[1]: Starting Accounts Service...
Aug 15 00:21:41 isucon6 cron[461]: (CRON) INFO (Running @reboot jobs)
Aug 15 00:21:41 isucon6 systemd[1]: Started D-Bus System Message Bus.
Aug 15 00:21:41 isucon6 dbus[482]: [system] AppArmor D-Bus mediation is enabled
Aug 15 00:21:41 isucon6 systemd[1]: apt-daily.timer: Adding 1h 7.723624s random time.
Aug 15 00:21:41 isucon6 systemd[1]: Started Daily apt activities.
Aug 15 00:21:41 isucon6 systemd[1]: Reached target Timers.
Aug 15 00:21:41 isucon6 systemd[1]: Starting LSB: Record successful boot for GRUB...
Aug 15 00:21:41 isucon6 systemd[1]: Started ifup for eth0.
Aug 15 00:21:41 isucon6 systemd[1]: Started System Logging Service.
Aug 15 00:21:41 isucon6 systemd[1]: Started Permit User Sessions.
Aug 15 00:21:41 isucon6 accounts-daemon[480]: started daemon version 0.6.40
Aug 15 00:21:41 isucon6 irqbalance[465]:  * Starting SMP IRQ Balancer: irqbalance
Aug 15 00:21:41 isucon6 /usr/sbin/irqbalance: Balancing is ineffective on systems with a single cpu.  Shutting down
Aug 15 00:21:41 isucon6 irqbalance[465]:    ...done.
Aug 15 00:21:41 isucon6 systemd[1]: Started LSB: daemon to balance interrupts for SMP systems.
Aug 15 00:21:41 isucon6 systemd[1]: Started LSB: Set the CPU Frequency Scaling governor to "ondemand".
Aug 15 00:21:41 isucon6 acpid: starting up with netlink and the input layer
Aug 15 00:21:41 isucon6 acpid: 1 rule loaded
Aug 15 00:21:41 isucon6 acpid: waiting for events: event logging is off
Aug 15 00:21:41 isucon6 ifup[506]: /sbin/ifup: waiting for lock on /run/network/ifstate.eth0
Aug 15 00:21:41 isucon6 systemd[1]: Started Raise network interfaces.
Aug 15 00:21:41 isucon6 systemd[1]: Started Accounts Service.
Aug 15 00:21:41 isucon6 systemd[1]: Started Login Service.
Aug 15 00:21:41 isucon6 systemd[1]: Reached target Network.
Aug 15 00:21:41 isucon6 systemd[1]: Starting Fail2Ban Service...
Aug 15 00:21:41 isucon6 systemd[1]: Starting OpenBSD Secure Shell server...
Aug 15 00:21:41 isucon6 systemd[1]: Reached target Network is Online.
Aug 15 00:21:41 isucon6 systemd[1]: Starting LSB: Start NTP daemon...
Aug 15 00:21:41 isucon6 systemd[1]: Starting /etc/rc.local Compatibility...
Aug 15 00:21:41 isucon6 systemd[1]: Started LSB: Record successful boot for GRUB.
Aug 15 00:21:41 isucon6 ntp[585]:  * Starting NTP server ntpd
Aug 15 00:21:41 isucon6 ntpd[598]: ntpd 4.2.8p4@1.3265-o Wed Apr  5 13:28:07 UTC 2017 (1): Starting
Aug 15 00:21:41 isucon6 ntpd[598]: Command line: /usr/sbin/ntpd -p /var/run/ntpd.pid -g -u 108:114
Aug 15 00:21:41 isucon6 ntp[585]:    ...done.
Aug 15 00:21:41 isucon6 systemd[1]: Started LSB: Start NTP daemon.
Aug 15 00:21:41 isucon6 ntpd[600]: proto: precision = 0.171 usec (-22)
Aug 15 00:21:41 isucon6 sshd[584]: Could not load host key: /etc/ssh/ssh_host_rsa_key
Aug 15 00:21:41 isucon6 sshd[584]: Could not load host key: /etc/ssh/ssh_host_dsa_key
Aug 15 00:21:41 isucon6 sshd[584]: Could not load host key: /etc/ssh/ssh_host_ecdsa_key
Aug 15 00:21:41 isucon6 sshd[584]: Could not load host key: /etc/ssh/ssh_host_ed25519_key
Aug 15 00:21:41 isucon6 systemd[1]: Started OpenBSD Secure Shell server.
Aug 15 00:21:41 isucon6 ntpd[600]: Listen and drop on 0 v6wildcard [::]:123
Aug 15 00:21:41 isucon6 ntpd[600]: Listen and drop on 1 v4wildcard 0.0.0.0:123
Aug 15 00:21:41 isucon6 ntpd[600]: Listen normally on 2 lo 127.0.0.1:123
Aug 15 00:21:41 isucon6 ntpd[600]: Listen normally on 3 eth0 133.242.237.178:123
Aug 15 00:21:41 isucon6 ntpd[600]: Listen normally on 4 lo [::1]:123
Aug 15 00:21:41 isucon6 ntpd[600]: bind(21) AF_INET6 fe80::9ea3:baff:fe30:4fa6%2#123 flags 0x11 failed: Cannot assign requested address
Aug 15 00:21:41 isucon6 ntpd[600]: unable to create socket on eth0 (5) for fe80::9ea3:baff:fe30:4fa6%2#123
Aug 15 00:21:41 isucon6 ntpd[600]: failed to init interface for address fe80::9ea3:baff:fe30:4fa6%2
Aug 15 00:21:41 isucon6 ntpd[600]: Listening on routing socket on fd #21 for interface updates
Aug 15 00:21:42 isucon6 rc.local[586]: debconf: unable to initialize frontend: Dialog
Aug 15 00:21:42 isucon6 rc.local[586]: debconf: (TERM is not set, so the dialog frontend is not usable.)
Aug 15 00:21:42 isucon6 rc.local[586]: debconf: falling back to frontend: Readline
Aug 15 00:21:42 isucon6 rc.local[586]: debconf: unable to initialize frontend: Readline
Aug 15 00:21:42 isucon6 rc.local[586]: debconf: (This frontend requires a controlling tty.)
Aug 15 00:21:42 isucon6 rc.local[586]: debconf: falling back to frontend: Teletype
Aug 15 00:21:42 isucon6 fail2ban-client[581]: 2017-08-15 00:21:42,564 fail2ban.server         [604]: INFO    Starting Fail2ban v0.9.3
Aug 15 00:21:42 isucon6 fail2ban-client[581]: 2017-08-15 00:21:42,565 fail2ban.server         [604]: INFO    Starting in daemon mode
Aug 15 00:21:42 isucon6 rc.local[586]: Creating SSH2 RSA key; this may take some time ...
Aug 15 00:21:42 isucon6 rc.local[586]: 2048 SHA256:udCiqZhKoaxLXZ6qDtcm8KjPM2lYg6u6GaUk8OVIfYw root@isucon6 (RSA)
Aug 15 00:21:42 isucon6 ntpd[600]: bind(24) AF_INET6 fe80::9ea3:baff:fe30:4fa6%2#123 flags 0x11 failed: Cannot assign requested address
Aug 15 00:21:42 isucon6 ntpd[600]: unable to create socket on eth0 (6) for fe80::9ea3:baff:fe30:4fa6%2#123
Aug 15 00:21:42 isucon6 ntpd[600]: failed to init interface for address fe80::9ea3:baff:fe30:4fa6%2
Aug 15 00:21:42 isucon6 ntpd[600]: Soliciting pool server 91.189.89.198
Aug 15 00:21:43 isucon6 systemd[1]: Started Fail2Ban Service.
Aug 15 00:21:43 isucon6 kernel: [    4.376299] ip_tables: (C) 2000-2006 Netfilter Core Team
Aug 15 00:21:43 isucon6 rc.local[586]: Creating SSH2 DSA key; this may take some time ...
Aug 15 00:21:43 isucon6 rc.local[586]: 1024 SHA256:wmxGU/aLhPcu9IccBEdDHhC99mmTkYcalbvxAhpIK24 root@isucon6 (DSA)
Aug 15 00:21:43 isucon6 rc.local[586]: Creating SSH2 ECDSA key; this may take some time ...
Aug 15 00:21:43 isucon6 rc.local[586]: 256 SHA256:aiwgAQy9T5Qyv8vyasgJkO8arNvrMZHEods5coNHvd4 root@isucon6 (ECDSA)
Aug 15 00:21:43 isucon6 rc.local[586]: Creating SSH2 ED25519 key; this may take some time ...
Aug 15 00:21:43 isucon6 rc.local[586]: 256 SHA256:qZxGcSXqNc5ucOHwhxzacThumb8d3R6CE091Mdc+NHA root@isucon6 (ED25519)
Aug 15 00:21:43 isucon6 systemd[1]: Reloading.
Aug 15 00:21:43 isucon6 systemd[1]: Started ACPI event daemon.
Aug 15 00:21:43 isucon6 systemd[1]: Reloading.
Aug 15 00:21:43 isucon6 ntpd[600]: Soliciting pool server 91.189.91.157
Aug 15 00:21:44 isucon6 systemd[1]: Stopping OpenBSD Secure Shell server...
Aug 15 00:21:44 isucon6 systemd[1]: Started ACPI event daemon.
Aug 15 00:21:44 isucon6 systemd[1]: Stopped OpenBSD Secure Shell server.
Aug 15 00:21:44 isucon6 systemd[1]: Starting OpenBSD Secure Shell server...
Aug 15 00:21:44 isucon6 systemd[1]: Started OpenBSD Secure Shell server.
Aug 15 00:21:44 isucon6 systemd[1]: Started /etc/rc.local Compatibility.
Aug 15 00:21:44 isucon6 systemd[1]: Starting Hold until boot process finishes up...
Aug 15 00:21:44 isucon6 systemd[1]: Starting Terminate Plymouth Boot Screen...
Aug 15 00:21:44 isucon6 systemd[1]: Started Hold until boot process finishes up.
Aug 15 00:21:44 isucon6 systemd[1]: Started Getty on tty1.
Aug 15 00:21:44 isucon6 systemd[1]: Reached target Login Prompts.
Aug 15 00:21:44 isucon6 systemd[1]: Starting Set console scheme...
Aug 15 00:21:44 isucon6 systemd[1]: Started Terminate Plymouth Boot Screen.
Aug 15 00:21:44 isucon6 systemd[1]: Started Set console scheme.
Aug 15 00:21:44 isucon6 systemd[1]: Reached target Multi-User System.
Aug 15 00:21:44 isucon6 systemd[1]: Reached target Graphical Interface.
Aug 15 00:21:44 isucon6 systemd[1]: Starting Update UTMP about System Runlevel Changes...
Aug 15 00:21:44 isucon6 systemd[1]: Started Update UTMP about System Runlevel Changes.
Aug 15 00:21:44 isucon6 systemd[1]: Startup finished in 1.265s (kernel) + 4.171s (userspace) = 5.437s.
Aug 15 00:21:44 isucon6 ntpd[600]: Listen normally on 7 eth0 [fe80::9ea3:baff:fe30:4fa6%2]:123
Aug 15 00:21:44 isucon6 ntpd[600]: new interface(s) found: waking up resolver
Aug 15 00:21:46 isucon6 systemd[1]: Time has been changed
Aug 15 00:21:46 isucon6 systemd[1]: apt-daily.timer: Adding 9h 54min 30.850952s random time.
Aug 15 00:22:01 isucon6 systemd[1]: Created slice User Slice of ubuntu.
Aug 15 00:22:01 isucon6 systemd[1]: Starting User Manager for UID 1000...
Aug 15 00:22:01 isucon6 systemd[1]: Started Session 1 of user ubuntu.
Aug 15 00:22:01 isucon6 systemd[775]: Reached target Sockets.
Aug 15 00:22:01 isucon6 systemd[775]: Reached target Timers.
Aug 15 00:22:01 isucon6 systemd[775]: Reached target Paths.
Aug 15 00:22:01 isucon6 systemd[775]: Reached target Basic System.
Aug 15 00:22:01 isucon6 systemd[775]: Reached target Default.
Aug 15 00:22:01 isucon6 systemd[775]: Startup finished in 35ms.
Aug 15 00:22:01 isucon6 systemd[1]: Started User Manager for UID 1000.
Aug 15 00:22:28 isucon6 kernel: [   47.584339] random: nonblocking pool is initialized
Aug 15 00:22:54 isucon6 ntpd[600]: Soliciting pool server 91.189.89.199
Aug 15 00:22:55 isucon6 ntpd[600]: Soliciting pool server 2001:67c:1560:8003::c7
Aug 15 00:24:04 isucon6 ntpd[600]: Soliciting pool server 2001:67c:1560:8003::c8
Aug 15 00:25:11 isucon6 ntpd[600]: Soliciting pool server 91.189.91.157
Aug 15 00:26:16 isucon6 ansible-apt: Invoked with dpkg_options=force-confdef,force-confold upgrade=safe force=False package=None purge=False state=present update_cache=True default_release=None install_recommends=None deb=None cache_valid_time=None
Aug 15 00:26:17 isucon6 ntpd[600]: Soliciting pool server 2001:67c:1560:8003::c8
Aug 15 00:26:43 isucon6 anacron[463]: Job `cron.daily' started
Aug 15 00:26:43 isucon6 anacron[6840]: Updated timestamp for job `cron.daily' to 2017-08-15
Aug 15 00:26:53 isucon6 anacron[463]: Job `cron.daily' terminated
Aug 15 00:27:11 isucon6 systemd[1]: Reloading.
Aug 15 00:27:11 isucon6 systemd[1]: Reloading.
Aug 15 00:27:11 isucon6 systemd[1]: Started ACPI event daemon.
Aug 15 00:27:13 isucon6 systemd[1]: Reloading.
Aug 15 00:27:13 isucon6 systemd[1]: Started ACPI event daemon.
Aug 15 00:27:13 isucon6 systemd[1]: Reloading.
Aug 15 00:27:13 isucon6 systemd[1]: Started ACPI event daemon.
Aug 15 00:27:13 isucon6 systemd[1]: Reloading.
Aug 15 00:27:13 isucon6 systemd[1]: Started ACPI event daemon.
Aug 15 00:27:19 isucon6 systemd[1]: Stopped Daily apt activities.
Aug 15 00:27:19 isucon6 systemd[1]: Reloading.
Aug 15 00:27:20 isucon6 systemd[1]: Started ACPI event daemon.
Aug 15 00:27:21 isucon6 systemd[1]: Reloading.
Aug 15 00:27:21 isucon6 systemd[1]: Started ACPI event daemon.
Aug 15 00:27:21 isucon6 systemd[1]: Reloading.
Aug 15 00:27:22 isucon6 systemd[1]: Started ACPI event daemon.
Aug 15 00:27:22 isucon6 systemd[1]: apt-daily-upgrade.timer: Adding 57min 44.948643s random time.
Aug 15 00:27:22 isucon6 systemd[1]: Started Daily apt upgrade and clean activities.
Aug 15 00:27:22 isucon6 systemd[1]: apt-daily.timer: Adding 9h 31min 6.999546s random time.
Aug 15 00:27:22 isucon6 systemd[1]: Started Daily apt download activities.
Aug 15 00:27:23 isucon6 ntpd[600]: Soliciting pool server 2001:67c:1560:8003::c7
Aug 15 00:27:23 isucon6 dbus[482]: [system] Reloaded configuration
Aug 15 00:27:26 isucon6 dbus[482]: message repeated 24 times: [ [system] Reloaded configuration]
Aug 15 00:27:26 isucon6 ntpd[600]: kernel reports TIME_ERROR: 0x41: Clock Unsynchronized
Aug 15 00:27:27 isucon6 systemd[1]: Reloading.
Aug 15 00:27:27 isucon6 systemd[1]: apt-daily-upgrade.timer: Adding 18min 5.964262s random time.
Aug 15 00:27:27 isucon6 systemd[1]: Reloading.
Aug 15 00:27:27 isucon6 systemd[1]: apt-daily-upgrade.timer: Adding 23min 46.841030s random time.
Aug 15 00:27:27 isucon6 systemd[1]: Reloading.
Aug 15 00:27:27 isucon6 systemd[1]: apt-daily-upgrade.timer: Adding 29min 4.494081s random time.
Aug 15 00:27:27 isucon6 systemd[1]: Reexecuting.
Aug 15 00:27:27 isucon6 systemd[1]: systemd 229 running in system mode. (+PAM +AUDIT +SELINUX +IMA +APPARMOR +SMACK +SYSVINIT +UTMP +LIBCRYPTSETUP +GCRYPT +GNUTLS +ACL +XZ -LZ4 +SECCOMP +BLKID +ELFUTILS +KMOD -IDN)
Aug 15 00:27:27 isucon6 systemd[1]: Detected virtualization kvm.
Aug 15 00:27:27 isucon6 systemd[1]: Detected architecture x86-64.
Aug 15 00:27:27 isucon6 systemd[1]: Started ACPI event daemon.
Aug 15 00:27:27 isucon6 systemd[1]: Started Trigger resolvconf update for networkd DNS.
Aug 15 00:27:28 isucon6 systemd[1]: Reloading.
Aug 15 00:27:28 isucon6 systemd[1]: Started ACPI event daemon.
Aug 15 00:27:29 isucon6 systemd[1]: Reloading.
Aug 15 00:27:29 isucon6 systemd[1]: Started ACPI event daemon.
Aug 15 00:27:30 isucon6 systemd[1]: Reloading.
Aug 15 00:27:31 isucon6 systemd[1]: Started ACPI event daemon.
Aug 15 00:27:32 isucon6 systemd[1]: Reloading.
Aug 15 00:27:32 isucon6 systemd[1]: Started ACPI event daemon.
Aug 15 00:27:33 isucon6 systemd[1]: Reloading.
Aug 15 00:27:33 isucon6 systemd[1]: Started ACPI event daemon.
Aug 15 00:27:35 isucon6 systemd[1]: Reloading.
Aug 15 00:27:35 isucon6 systemd[1]: Stopping LSB: Record successful boot for GRUB...
Aug 15 00:27:35 isucon6 systemd[1]: Started ACPI event daemon.
Aug 15 00:27:35 isucon6 systemd[1]: Stopped LSB: Record successful boot for GRUB.
Aug 15 00:27:35 isucon6 systemd[1]: Reloading.
Aug 15 00:27:36 isucon6 systemd[1]: Started ACPI event daemon.
Aug 15 00:27:36 isucon6 systemd[1]: Reloading.
Aug 15 00:27:36 isucon6 systemd[1]: Stopping LSB: Start NTP daemon...
Aug 15 00:27:36 isucon6 systemd[1]: Started ACPI event daemon.
Aug 15 00:27:36 isucon6 ntp[20752]:  * Stopping NTP server ntpd
Aug 15 00:27:36 isucon6 ntpd[600]: ntpd exiting on signal 15 (Terminated)
Aug 15 00:27:36 isucon6 ntpd[600]: 210.188.224.14 local addr 133.242.237.178 -> <null>
Aug 15 00:27:36 isucon6 ntpd[600]: 91.189.89.198 local addr 133.242.237.178 -> <null>
Aug 15 00:27:36 isucon6 ntpd[600]: 91.189.89.199 local addr 133.242.237.178 -> <null>
Aug 15 00:27:36 isucon6 ntp[20752]:    ...done.
Aug 15 00:27:36 isucon6 systemd[1]: Stopped LSB: Start NTP daemon.
Aug 15 00:27:36 isucon6 systemd[1]: Reloading.
Aug 15 00:27:36 isucon6 systemd[1]: Started ACPI event daemon.
Aug 15 00:27:37 isucon6 systemd[1]: Reloading.
Aug 15 00:27:37 isucon6 systemd[1]: Started ACPI event daemon.
Aug 15 00:27:48 isucon6 systemd[1]: Started Session 2 of user ubuntu.
Aug 15 00:28:58 isucon6 systemd[1]: Stopping udev Kernel Device Manager...
Aug 15 00:28:58 isucon6 systemd[1]: Stopped udev Kernel Device Manager.
Aug 15 00:28:58 isucon6 systemd[1]: Reloading.
Aug 15 00:28:58 isucon6 systemd[1]: Started ACPI event daemon.
Aug 15 00:28:58 isucon6 systemd[1]: Reloading.
Aug 15 00:28:58 isucon6 systemd[1]: Stopped udev Kernel Device Manager.
Aug 15 00:28:58 isucon6 systemd[1]: Starting udev Kernel Device Manager...
Aug 15 00:28:58 isucon6 systemd[1]: Started ACPI event daemon.
Aug 15 00:28:58 isucon6 systemd-udevd[24001]: Network interface NamePolicy= disabled on kernel command line, ignoring.
Aug 15 00:28:58 isucon6 systemd[1]: Started udev Kernel Device Manager.
Aug 15 00:28:58 isucon6 systemd[1]: Reloading.
Aug 15 00:28:59 isucon6 systemd[1]: Started ACPI event daemon.
Aug 15 00:28:59 isucon6 systemd[1]: Reloading.
Aug 15 00:28:59 isucon6 systemd[1]: Started ACPI event daemon.
Aug 15 00:29:00 isucon6 systemd[1]: Reloading.
Aug 15 00:29:00 isucon6 systemd[1]: Started ACPI event daemon.
Aug 15 00:29:00 isucon6 systemd[1]: Reloading.
Aug 15 00:29:00 isucon6 systemd[1]: Stopped Daemon for generating UUIDs.
Aug 15 00:29:00 isucon6 systemd[1]: Started Daemon for generating UUIDs.
Aug 15 00:29:00 isucon6 systemd[1]: Started ACPI event daemon.
Aug 15 00:29:00 isucon6 systemd[1]: Reloading.
Aug 15 00:29:00 isucon6 systemd[1]: Started ACPI event daemon.
Aug 15 00:29:00 isucon6 systemd[1]: Reloading.
Aug 15 00:29:00 isucon6 systemd[1]: Started ACPI event daemon.
Aug 15 00:29:00 isucon6 systemd[1]: Starting LSB: Record successful boot for GRUB...
Aug 15 00:29:00 isucon6 systemd[1]: Started LSB: Record successful boot for GRUB.
Aug 15 00:29:04 isucon6 systemd-udevd[24001]: Network interface NamePolicy= disabled on kernel command line, ignoring.
Aug 15 00:29:05 isucon6 kernel: [  444.923138] SGI XFS with ACLs, security attributes, realtime, no debug enabled
Aug 15 00:29:05 isucon6 kernel: [  444.941096] JFS: nTxBlock = 7938, nTxLock = 63509
Aug 15 00:29:05 isucon6 kernel: [  444.959714] ntfs: driver 2.1.32 [Flags: R/O MODULE].
Aug 15 00:29:05 isucon6 kernel: [  444.993982] QNX4 filesystem 0.2.3 registered.
Aug 15 00:29:05 isucon6 kernel: [  445.072024] raid6: sse2x1   gen()  6703 MB/s
Aug 15 00:29:05 isucon6 kernel: [  445.140023] raid6: sse2x1   xor()  5106 MB/s
Aug 15 00:29:05 isucon6 kernel: [  445.208023] raid6: sse2x2   gen()  8045 MB/s
Aug 15 00:29:05 isucon6 kernel: [  445.276014] raid6: sse2x2   xor()  5895 MB/s
Aug 15 00:29:05 isucon6 kernel: [  445.344020] raid6: sse2x4   gen()  9806 MB/s
Aug 15 00:29:05 isucon6 kernel: [  445.412024] raid6: sse2x4   xor()  6921 MB/s
Aug 15 00:29:05 isucon6 kernel: [  445.412027] raid6: using algorithm sse2x4 gen() 9806 MB/s
Aug 15 00:29:05 isucon6 kernel: [  445.412028] raid6: .... xor() 6921 MB/s, rmw enabled
Aug 15 00:29:05 isucon6 kernel: [  445.412030] raid6: using ssse3x2 recovery algorithm
Aug 15 00:29:06 isucon6 kernel: [  445.414867] xor: automatically using best checksumming function:
Aug 15 00:29:06 isucon6 kernel: [  445.452024]    avx       : 17501.000 MB/sec
Aug 15 00:29:06 isucon6 kernel: [  445.479550] Btrfs loaded
Aug 15 00:29:06 isucon6 os-prober: debug: running /usr/lib/os-probes/50mounted-tests on /dev/vda1
Aug 15 00:29:06 isucon6 50mounted-tests: debug: /dev/vda1 type not recognised; skipping
Aug 15 00:29:06 isucon6 os-prober: debug: os detected by /usr/lib/os-probes/50mounted-tests
Aug 15 00:29:06 isucon6 os-prober: debug: /dev/vda2: is active swap
Aug 15 00:29:06 isucon6 systemd[1]: Reloading.
Aug 15 00:29:06 isucon6 systemd[1]: Started ACPI event daemon.
Aug 15 00:29:06 isucon6 systemd[1]: Reloading.
Aug 15 00:29:06 isucon6 systemd[1]: Started ACPI event daemon.
Aug 15 00:29:06 isucon6 systemd[1]: Starting LSB: Start NTP daemon...
Aug 15 00:29:06 isucon6 ntp[25355]:  * Starting NTP server ntpd
Aug 15 00:29:06 isucon6 ntpd[25364]: ntpd 4.2.8p4@1.3265-o Wed Jul 12 12:23:35 UTC 2017 (1): Starting
Aug 15 00:29:06 isucon6 ntpd[25364]: Command line: /usr/sbin/ntpd -p /var/run/ntpd.pid -g -u 108:114
Aug 15 00:29:06 isucon6 ntp[25355]:    ...done.
Aug 15 00:29:06 isucon6 systemd[1]: Started LSB: Start NTP daemon.
Aug 15 00:29:06 isucon6 ntpd[25366]: proto: precision = 0.130 usec (-23)
Aug 15 00:29:06 isucon6 ntpd[25366]: Listen and drop on 0 v6wildcard [::]:123
Aug 15 00:29:06 isucon6 ntpd[25366]: Listen and drop on 1 v4wildcard 0.0.0.0:123
Aug 15 00:29:06 isucon6 ntpd[25366]: Listen normally on 2 lo 127.0.0.1:123
Aug 15 00:29:06 isucon6 ntpd[25366]: Listen normally on 3 eth0 133.242.237.178:123
Aug 15 00:29:06 isucon6 ntpd[25366]: Listen normally on 4 lo [::1]:123
Aug 15 00:29:06 isucon6 ntpd[25366]: Listen normally on 5 eth0 [fe80::9ea3:baff:fe30:4fa6%2]:123
Aug 15 00:29:06 isucon6 ntpd[25366]: Listening on routing socket on fd #22 for interface updates
Aug 15 00:29:07 isucon6 kernel: [  446.677183] audit: type=1400 audit(1502724547.237:8): apparmor="STATUS" operation="profile_replace" profile="unconfined" name="/usr/sbin/ntpd" pid=25371 comm="apparmor_parser"
Aug 15 00:29:07 isucon6 ntpd[25366]: Soliciting pool server 91.189.89.198
Aug 15 00:29:08 isucon6 ntpd[25366]: Soliciting pool server 91.189.91.157
Aug 15 00:29:31 isucon6 os-prober: debug: running /usr/lib/os-probes/50mounted-tests on /dev/vda1
Aug 15 00:29:31 isucon6 50mounted-tests: debug: /dev/vda1 type not recognised; skipping
Aug 15 00:29:31 isucon6 os-prober: debug: os detected by /usr/lib/os-probes/50mounted-tests
Aug 15 00:29:31 isucon6 os-prober: debug: /dev/vda2: is active swap
Aug 15 00:29:46 isucon6 os-prober: debug: running /usr/lib/os-probes/50mounted-tests on /dev/vda1
Aug 15 00:29:46 isucon6 50mounted-tests: debug: /dev/vda1 type not recognised; skipping
Aug 15 00:29:46 isucon6 os-prober: debug: os detected by /usr/lib/os-probes/50mounted-tests
Aug 15 00:29:46 isucon6 os-prober: debug: /dev/vda2: is active swap
Aug 15 00:30:06 isucon6 ansible-apt: Invoked with dpkg_options=force-confdef,force-confold upgrade=None force=False name=['git', 'curl', 'libreadline-dev', 'pkg-config', 'autoconf', 'automake', 'build-essential', 'libmysqlclient-dev', 'libssl-dev', 'python3', 'python3-dev', 'python3-venv', 'openjdk-8-jdk-headless', 'libxml2-dev', 'libcurl4-openssl-dev', 'libxslt1-dev', 're2c', 'bison', 'libbz2-dev', 'libreadline-dev', 'libssl-dev', 'gettext', 'libgettextpo-dev', 'libicu-dev', 'libmhash-dev', 'libmcrypt-dev', 'libgd-dev', 'libtidy-dev'] package=['git', 'curl', 'libreadline-dev', 'pkg-config', 'autoconf', 'automake', 'build-essential', 'libmysqlclient-dev', 'libssl-dev', 'python3', 'python3-dev', 'python3-venv', 'openjdk-8-jdk-headless', 'libxml2-dev', 'libcurl4-openssl-dev', 'libxslt1-dev', 're2c', 'bison', 'libbz2-dev', 'libreadline-dev', 'libssl-dev', 'gettext', 'libgettextpo-dev', 'libicu-dev', 'libmhash-dev', 'libmcrypt-dev', 'libgd-dev', 'libtidy-dev'] purge=False state=present update_cache=False default_release=None install_recommends=False deb=None cache_valid_time=None
Aug 15 00:30:17 isucon6 ntpd[25366]: Soliciting pool server 91.189.89.199
Aug 15 00:30:18 isucon6 ntpd[25366]: Soliciting pool server 2001:67c:1560:8003::c8
Aug 15 00:30:59 isucon6 systemd[1]: Reloading.
Aug 15 00:30:59 isucon6 systemd[1]: Started ACPI event daemon.
Aug 15 00:31:04 isucon6 systemd[1]: Reloading.
Aug 15 00:31:04 isucon6 systemd[1]: Started ACPI event daemon.
Aug 15 00:31:04 isucon6 systemd[1]: Reloading.
Aug 15 00:31:04 isucon6 systemd[1]: Started ACPI event daemon.
Aug 15 00:31:16 isucon6 systemd[1]: Reloading.
Aug 15 00:31:16 isucon6 systemd[1]: Started ACPI event daemon.
Aug 15 00:31:18 isucon6 ansible-group: Invoked with state=present gid=None name=isucon system=False
Aug 15 00:31:18 isucon6 ansible-user: Invoked with comment=None ssh_key_bits=2048 update_password=always non_unique=False force=False skeleton=None ssh_key_passphrase=NOT_LOGGING_PARAMETER uid=None home=None append=False ssh_key_type=rsa ssh_key_comment=ansible-generated on isucon6 group=None system=False state=present shell=None expires=None ssh_key_file=None groups=isucon move_home=False password=NOT_LOGGING_PARAMETER name=isucon createhome=True remove=False login_class=None generate_ssh_key=None
Aug 15 00:31:18 isucon6 ansible-file: Invoked with directory_mode=None force=False remote_src=None path=/home/isucon owner=isucon follow=False group=isucon state=directory content=NOT_LOGGING_PARAMETER serole=None diff_peek=None setype=None selevel=None original_basename=None regexp=None validate=None src=None seuser=None recurse=False delimiter=None mode=755 backup=None
Aug 15 00:31:18 isucon6 ansible-copy: Invoked with src=/usr/share/zoneinfo/Asia/Tokyo directory_mode=None force=True remote_src=True dest=/etc/localtime selevel=None seuser=None serole=None follow=True content=NOT_LOGGING_PARAMETER setype=None original_basename=None delimiter=None mode=None regexp=None owner=None group=None validate=None backup=False
Aug 15 00:31:19 isucon6 ansible-file: Invoked with directory_mode=None force=False remote_src=None path=/etc/timezone owner=root follow=False group=root state=None content=NOT_LOGGING_PARAMETER serole=None diff_peek=None setype=None dest=/etc/timezone selevel=None original_basename=tmppoMabw regexp=None validate=None src=tmppoMabw seuser=None recurse=False delimiter=None mode=0644 backup=None
Aug 15 00:31:19 isucon6 ansible-stat: Invoked with checksum_algorithm=sha1 path=/home/isucon/.local get_md5=True get_checksum=True follow=False
Aug 15 00:31:19 isucon6 ansible-unarchive: Invoked with src=https://isucon6qimage.example.com/isucon6q/local.tar.gz directory_mode=None force=None remote_src=None dest=/home/isucon/ selevel=None list_files=False seuser=None serole=None follow=False content=NOT_LOGGING_PARAMETER setype=None original_basename=local.tar.gz delimiter=None mode=None regexp=None owner=isucon group=isucon copy=False backup=None creates=/home/isucon/.local
Aug 15 00:31:24 isucon6 ntpd[25366]: Soliciting pool server 2001:67c:1560:8003::c7
Aug 15 00:31:41 isucon6 anacron[463]: Job `cron.weekly' started
Aug 15 00:31:41 isucon6 anacron[17297]: Updated timestamp for job `cron.weekly' to 2017-08-15
Aug 15 00:31:42 isucon6 anacron[463]: Job `cron.weekly' terminated
Aug 15 00:32:32 isucon6 ntpd[25366]: Soliciting pool server 91.189.91.157
Aug 15 00:33:39 isucon6 ntpd[25366]: Soliciting pool server 2001:67c:1560:8003::c8
Aug 15 00:34:47 isucon6 ntpd[25366]: Soliciting pool server 2001:67c:1560:8003::c7
Aug 15 00:35:35 isucon6 ansible-apt: Invoked with dpkg_options=force-confdef,force-confold upgrade=safe force=False package=None purge=False state=present update_cache=True default_release=None install_recommends=None deb=None cache_valid_time=None
Aug 15 00:35:46 isucon6 ansible-apt: Invoked with dpkg_options=force-confdef,force-confold upgrade=None force=False name=['git', 'curl', 'libreadline-dev', 'pkg-config', 'autoconf', 'automake', 'build-essential', 'libmysqlclient-dev', 'libssl-dev', 'python3', 'python3-dev', 'python3-venv', 'openjdk-8-jdk-headless', 'libxml2-dev', 'libcurl4-openssl-dev', 'libxslt1-dev', 're2c', 'bison', 'libbz2-dev', 'libreadline-dev', 'libssl-dev', 'gettext', 'libgettextpo-dev', 'libicu-dev', 'libmhash-dev', 'libmcrypt-dev', 'libgd-dev', 'libtidy-dev'] package=['git', 'curl', 'libreadline-dev', 'pkg-config', 'autoconf', 'automake', 'build-essential', 'libmysqlclient-dev', 'libssl-dev', 'python3', 'python3-dev', 'python3-venv', 'openjdk-8-jdk-headless', 'libxml2-dev', 'libcurl4-openssl-dev', 'libxslt1-dev', 're2c', 'bison', 'libbz2-dev', 'libreadline-dev', 'libssl-dev', 'gettext', 'libgettextpo-dev', 'libicu-dev', 'libmhash-dev', 'libmcrypt-dev', 'libgd-dev', 'libtidy-dev'] purge=False state=present update_cache=False default_release=None install_recommends=False deb=None cache_valid_time=None
Aug 15 00:35:46 isucon6 ansible-group: Invoked with state=present gid=None name=isucon system=False
Aug 15 00:35:47 isucon6 ansible-user: Invoked with comment=None ssh_key_bits=2048 update_password=always non_unique=False force=False skeleton=None ssh_key_passphrase=NOT_LOGGING_PARAMETER uid=None home=None append=False ssh_key_type=rsa ssh_key_comment=ansible-generated on isucon6 group=None system=False state=present shell=None expires=None ssh_key_file=None groups=isucon move_home=False password=NOT_LOGGING_PARAMETER name=isucon createhome=True remove=False login_class=None generate_ssh_key=None
Aug 15 00:35:47 isucon6 ansible-file: Invoked with directory_mode=None force=False remote_src=None path=/home/isucon owner=isucon follow=False group=isucon state=directory content=NOT_LOGGING_PARAMETER serole=None diff_peek=None setype=None selevel=None original_basename=None regexp=None validate=None src=None seuser=None recurse=False delimiter=None mode=755 backup=None
Aug 15 00:35:47 isucon6 ansible-copy: Invoked with src=/usr/share/zoneinfo/Asia/Tokyo directory_mode=None force=True remote_src=True dest=/etc/localtime selevel=None seuser=None serole=None follow=True content=NOT_LOGGING_PARAMETER setype=None original_basename=None delimiter=None mode=None regexp=None owner=None group=None validate=None backup=False
Aug 15 00:35:47 isucon6 ansible-file: Invoked with directory_mode=None force=False remote_src=None path=/etc/timezone owner=root follow=False group=root state=None content=NOT_LOGGING_PARAMETER serole=None diff_peek=None setype=None dest=/etc/timezone selevel=None original_basename=tmpT4Pklr regexp=None validate=None src=tmpT4Pklr seuser=None recurse=False delimiter=None mode=0644 backup=None
Aug 15 00:35:47 isucon6 ansible-git: Invoked with executable=None force=False refspec=None reference=None dest=/home/isucon/.xbuild accept_hostkey=False clone=True verify_commit=False update=True ssh_opts=None repo=https://github.com/tagomoris/xbuild.git depth=None version=HEAD bare=False recursive=True remote=origin key_file=None track_submodules=False
Aug 15 00:35:50 isucon6 ansible-command: Invoked with creates=/home/isucon/.local/perl/bin/perl executable=None chdir=None _raw_params=/home/isucon/.xbuild/perl-install 5.24.0 /home/isucon/.local/perl removes=None warn=True _uses_shell=False
Aug 15 00:35:56 isucon6 ntpd[25366]: Soliciting pool server 91.189.91.157
Aug 15 00:36:41 isucon6 anacron[463]: Job `cron.monthly' started
Aug 15 00:36:41 isucon6 anacron[25725]: Updated timestamp for job `cron.monthly' to 2017-08-15
Aug 15 00:36:41 isucon6 systemd[1]: Starting Cleanup of Temporary Directories...
Aug 15 00:36:41 isucon6 systemd-tmpfiles[25727]: [/usr/lib/tmpfiles.d/var.conf:14] Duplicate line for path "/var/log", ignoring.
Aug 15 00:36:41 isucon6 systemd[1]: Started Cleanup of Temporary Directories.
Aug 15 00:37:02 isucon6 ntpd[25366]: Soliciting pool server 2001:67c:1560:8003::c8
Aug 15 00:38:06 isucon6 anacron[463]: Job `cron.monthly' terminated
Aug 15 00:38:06 isucon6 anacron[463]: Normal exit (3 jobs run)
Aug 15 00:38:08 isucon6 ntpd[25366]: Soliciting pool server 2001:67c:1560:8003::c7
Aug 15 00:39:15 isucon6 ntpd[25366]: Soliciting pool server 91.189.91.157
Aug 15 00:40:22 isucon6 ntpd[25366]: Soliciting pool server 2001:67c:1560:8003::c7
Aug 15 00:41:31 isucon6 ntpd[25366]: Soliciting pool server 2001:67c:1560:8003::c8
Aug 15 00:42:39 isucon6 ntpd[25366]: Soliciting pool server 91.189.91.157
Aug 15 00:43:16 isucon6 ansible-command: Invoked with creates=/home/isucon/.local/ruby/bin/ruby executable=None chdir=None _raw_params=/home/isucon/.xbuild/ruby-install 2.3.1 /home/isucon/.local/ruby removes=None warn=True _uses_shell=False
Aug 15 00:43:43 isucon6 ntpd[25366]: Soliciting pool server 2001:67c:1560:8003::c8
Aug 15 00:44:50 isucon6 ntpd[25366]: Soliciting pool server 2001:67c:1560:8003::c7
Aug 15 00:45:56 isucon6 ntpd[25366]: Soliciting pool server 91.189.91.157
Aug 15 00:47:01 isucon6 ntpd[25366]: Soliciting pool server 2001:67c:1560:8003::c8
Aug 15 00:48:07 isucon6 ntpd[25366]: Soliciting pool server 2001:67c:1560:8003::c7
Aug 15 00:49:13 isucon6 ntpd[25366]: Soliciting pool server 91.189.91.157
Aug 15 00:50:20 isucon6 ntpd[25366]: Soliciting pool server 2001:67c:1560:8003::c8
Aug 15 00:51:26 isucon6 ntpd[25366]: Soliciting pool server 2001:67c:1560:8003::c7
Aug 15 00:52:35 isucon6 ntpd[25366]: Soliciting pool server 91.189.91.157
Aug 15 00:53:25 isucon6 ansible-command: Invoked with creates=/home/isucon/.local/node/bin/node executable=None chdir=None _raw_params=/home/isucon/.xbuild/node-install v6.5.0 /home/isucon/.local/node removes=None warn=True _uses_shell=False
Aug 15 00:53:41 isucon6 ansible-command: Invoked with creates=/home/isucon/.local/go/bin/go executable=None chdir=None _raw_params=/home/isucon/.xbuild/go-install 1.7 /home/isucon/.local/go removes=None warn=True _uses_shell=False
Aug 15 00:53:42 isucon6 ntpd[25366]: Soliciting pool server 2001:67c:1560:8003::c8
Aug 15 00:53:49 isucon6 ansible-command: Invoked with creates=/home/isucon/.local/php/bin/php executable=None chdir=None _raw_params=/home/isucon/.xbuild/php-install 7.0.10 /home/isucon/.local/php -- --disable-phar --with-pcre-regex --with-zlib --enable-fpm --enable-pdo --with-mysqli=mysqlnd --with-pdo-mysql=mysqlnd --with-openssl --with-pcre-regex --with-pcre-dir --with-libxml-dir --enable-opcache --enable-bcmath --with-bz2 --enable-calendar --enable-cli --enable-shmop --enable-sysvsem --enable-sysvshm --enable-sysvmsg --enable-mbregex --enable-mbstring --with-mcrypt --enable-pcntl --enable-sockets --with-curl --enable-zip --with-pear removes=None warn=True _uses_shell=False
Aug 15 00:54:49 isucon6 ntpd[25366]: Soliciting pool server 2001:67c:1560:8003::c7
Aug 15 00:55:55 isucon6 ntpd[25366]: Soliciting pool server 91.189.91.157
Aug 15 00:57:00 isucon6 ntpd[25366]: Soliciting pool server 2001:67c:1560:8003::c7
Aug 15 00:58:04 isucon6 ntpd[25366]: Soliciting pool server 2001:67c:1560:8003::c8
Aug 15 00:59:11 isucon6 ntpd[25366]: Soliciting pool server 91.189.91.157
Aug 15 01:00:16 isucon6 ntpd[25366]: Soliciting pool server 2001:67c:1560:8003::c8
Aug 15 01:01:23 isucon6 ntpd[25366]: Soliciting pool server 2001:67c:1560:8003::c7
Aug 15 01:02:29 isucon6 ntpd[25366]: Soliciting pool server 91.189.91.157
Aug 15 01:03:35 isucon6 ntpd[25366]: Soliciting pool server 2001:67c:1560:8003::c8
Aug 15 01:04:39 isucon6 ntpd[25366]: Soliciting pool server 2001:67c:1560:8003::c7
Aug 15 01:05:45 isucon6 ntpd[25366]: Soliciting pool server 91.189.91.157
Aug 15 01:06:50 isucon6 ntpd[25366]: Soliciting pool server 2001:67c:1560:8003::c7
Aug 15 01:07:54 isucon6 ntpd[25366]: Soliciting pool server 2001:67c:1560:8003::c8
Aug 15 01:09:00 isucon6 ntpd[25366]: Soliciting pool server 91.189.91.157
Aug 15 01:10:04 isucon6 ntpd[25366]: Soliciting pool server 2001:67c:1560:8003::c8
Aug 15 01:11:09 isucon6 ntpd[25366]: Soliciting pool server 2001:67c:1560:8003::c7
Aug 15 01:12:15 isucon6 ntpd[25366]: Soliciting pool server 91.189.91.157
Aug 15 01:13:01 isucon6 CRON[25926]: (root) CMD (   cd / && run-parts --report /etc/cron.hourly)
Aug 15 01:13:22 isucon6 ntpd[25366]: Soliciting pool server 2001:67c:1560:8003::c8
Aug 15 01:14:26 isucon6 ntpd[25366]: Soliciting pool server 2001:67c:1560:8003::c7
Aug 15 01:14:56 isucon6 ansible-debconf: Invoked with value=root vtype=password question=mysql-server/root_password name=mysql-server-5.7 unseen=None
Aug 15 01:14:57 isucon6 ansible-debconf: Invoked with value=root vtype=password question=mysql-server/root_password_again name=mysql-server-5.7 unseen=None
Aug 15 01:14:58 isucon6 ansible-apt: Invoked with dpkg_options=force-confdef,force-confold upgrade=None force=False name=mysql-server-5.7 package=['mysql-server-5.7'] purge=False state=present update_cache=False default_release=None install_recommends=None deb=None cache_valid_time=None
Aug 15 01:15:12 isucon6 systemd[1]: Reloading.
Aug 15 01:15:13 isucon6 systemd[1]: Started ACPI event daemon.
Aug 15 01:15:13 isucon6 systemd[1]: Reloading.
Aug 15 01:15:14 isucon6 systemd[1]: Stopped MySQL Community Server.
Aug 15 01:15:14 isucon6 systemd[1]: Started ACPI event daemon.
Aug 15 01:15:21 isucon6 kernel: [ 3221.136562] audit: type=1400 audit(1502727321.698:9): apparmor="STATUS" operation="profile_load" profile="unconfined" name="/usr/sbin/mysqld" pid=10418 comm="apparmor_parser"
Aug 15 01:15:21 isucon6 systemd[1]: Reloading.
Aug 15 01:15:22 isucon6 systemd[1]: Started ACPI event daemon.
Aug 15 01:15:22 isucon6 systemd[1]: Reloading.
Aug 15 01:15:22 isucon6 systemd[1]: Started ACPI event daemon.
Aug 15 01:15:22 isucon6 systemd[1]: Reloading.
Aug 15 01:15:22 isucon6 systemd[1]: Starting MySQL Community Server...
Aug 15 01:15:22 isucon6 systemd[1]: Started ACPI event daemon.
Aug 15 01:15:22 isucon6 kernel: [ 3221.956260] audit: type=1400 audit(1502727322.518:10): apparmor="DENIED" operation="open" profile="/usr/sbin/mysqld" name="/proc/10494/status" pid=10494 comm="mysqld" requested_mask="r" denied_mask="r" fsuid=110 ouid=110
Aug 15 01:15:22 isucon6 kernel: [ 3221.956658] audit: type=1400 audit(1502727322.518:11): apparmor="DENIED" operation="open" profile="/usr/sbin/mysqld" name="/sys/devices/system/node/" pid=10494 comm="mysqld" requested_mask="r" denied_mask="r" fsuid=110 ouid=0
Aug 15 01:15:22 isucon6 kernel: [ 3221.957035] audit: type=1400 audit(1502727322.518:12): apparmor="DENIED" operation="open" profile="/usr/sbin/mysqld" name="/proc/10494/status" pid=10494 comm="mysqld" requested_mask="r" denied_mask="r" fsuid=110 ouid=110
Aug 15 01:15:23 isucon6 systemd[1]: Started MySQL Community Server.
Aug 15 01:15:24 isucon6 systemd[1]: Reloading.
Aug 15 01:15:24 isucon6 systemd[1]: Started ACPI event daemon.
Aug 15 01:15:25 isucon6 ansible-apt: Invoked with dpkg_options=force-confdef,force-confold upgrade=None force=False name=mysql-client-5.7 package=['mysql-client-5.7'] purge=False state=present update_cache=False default_release=None install_recommends=None deb=None cache_valid_time=None
Aug 15 01:15:27 isucon6 ansible-copy: Invoked with src=/home/ubuntu/.ansible/tmp/ansible-tmp-1502727326.94-272650895208222/source force=True directory_mode=None group=root remote_src=None dest=/etc/mysql/my.cnf selevel=None seuser=None serole=None content=NOT_LOGGING_PARAMETER setype=None original_basename=my.cnf delimiter=None mode=644 follow=False owner=root regexp=None validate=None backup=False
Aug 15 01:15:27 isucon6 ansible-service: Invoked with name=mysql pattern=None enabled=True state=running sleep=None arguments= runlevel=default
Aug 15 01:15:27 isucon6 ansible-apt: Invoked with dpkg_options=force-confdef,force-confold upgrade=None force=False name=python-mysqldb package=['python-mysqldb'] purge=False state=present update_cache=False default_release=None install_recommends=None deb=None cache_valid_time=None
Aug 15 01:15:31 isucon6 ansible-mysql_user: Invoked with login_port=3306 update_password=always ssl_cert=None config_file=~/.my.cnf name=VALUE_SPECIFIED_IN_NO_LOG_PARAMETER ssl_key=None login_user=root login_host=localhost append_privs=False state=present ssl_ca=None login_password=NOT_LOGGING_PASSWORD login_unix_socket=None host=localhost user=VALUE_SPECIFIED_IN_NO_LOG_PARAMETER encrypted=False check_implicit_admin=False password=NOT_LOGGING_PARAMETER priv=*.*:ALL
Aug 15 01:15:31 isucon6 ansible-service: Invoked with name=mysql pattern=None enabled=None state=restarted sleep=None arguments= runlevel=default
Aug 15 01:15:31 isucon6 systemd[1]: Stopping MySQL Community Server...
Aug 15 01:15:31 isucon6 ntpd[25366]: Soliciting pool server 91.189.91.157
Aug 15 01:15:32 isucon6 systemd[1]: Stopped MySQL Community Server.
Aug 15 01:15:32 isucon6 systemd[1]: Starting MySQL Community Server...
Aug 15 01:15:32 isucon6 kernel: [ 3232.254070] audit: type=1400 audit(1502727332.814:13): apparmor="DENIED" operation="open" profile="/usr/sbin/mysqld" name="/proc/10696/status" pid=10696 comm="mysqld" requested_mask="r" denied_mask="r" fsuid=110 ouid=110
Aug 15 01:15:32 isucon6 kernel: [ 3232.254264] audit: type=1400 audit(1502727332.814:14): apparmor="DENIED" operation="open" profile="/usr/sbin/mysqld" name="/sys/devices/system/node/" pid=10696 comm="mysqld" requested_mask="r" denied_mask="r" fsuid=110 ouid=0
Aug 15 01:15:32 isucon6 kernel: [ 3232.254379] audit: type=1400 audit(1502727332.814:15): apparmor="DENIED" operation="open" profile="/usr/sbin/mysqld" name="/proc/10696/status" pid=10696 comm="mysqld" requested_mask="r" denied_mask="r" fsuid=110 ouid=110
Aug 15 01:15:33 isucon6 systemd[1]: Started MySQL Community Server.
Aug 15 01:15:34 isucon6 ansible-apt: Invoked with dpkg_options=force-confdef,force-confold upgrade=None force=False name=nginx package=['nginx'] purge=False state=present update_cache=False default_release=None install_recommends=None deb=None cache_valid_time=None
Aug 15 01:15:37 isucon6 systemd[1]: Reloading.
Aug 15 01:15:37 isucon6 systemd[1]: Started ACPI event daemon.
Aug 15 01:15:38 isucon6 systemd[1]: Reloading.
Aug 15 01:15:38 isucon6 systemd[1]: Started ACPI event daemon.
Aug 15 01:15:38 isucon6 systemd[1]: Reloading.
Aug 15 01:15:38 isucon6 systemd[1]: Started ACPI event daemon.
Aug 15 01:15:38 isucon6 systemd[1]: Reloading.
Aug 15 01:15:38 isucon6 systemd[1]: Starting A high performance web server and a reverse proxy server...
Aug 15 01:15:38 isucon6 systemd[1]: Started ACPI event daemon.
Aug 15 01:15:38 isucon6 systemd[1]: nginx.service: Failed to read PID from file /run/nginx.pid: Invalid argument
Aug 15 01:15:38 isucon6 systemd[1]: Started A high performance web server and a reverse proxy server.
Aug 15 01:15:38 isucon6 systemd[1]: Reloading.
Aug 15 01:15:38 isucon6 systemd[1]: Started ACPI event daemon.
Aug 15 01:15:39 isucon6 ansible-copy: Invoked with src=/home/ubuntu/.ansible/tmp/ansible-tmp-1502727339.88-56102339684472/source directory_mode=None force=True remote_src=None dest=/etc/nginx/nginx.php.conf selevel=None seuser=None serole=None follow=False content=NOT_LOGGING_PARAMETER setype=None original_basename=nginx.php.conf delimiter=None mode=644 regexp=None owner=root group=None validate=None backup=False
Aug 15 01:15:40 isucon6 ansible-copy: Invoked with src=/home/ubuntu/.ansible/tmp/ansible-tmp-1502727340.07-6249628987868/source directory_mode=None force=True remote_src=None dest=/etc/nginx/fastcgi_params selevel=None seuser=None serole=None follow=False content=NOT_LOGGING_PARAMETER setype=None original_basename=fastcgi_params delimiter=None mode=644 regexp=None owner=root group=None validate=None backup=False
Aug 15 01:15:40 isucon6 ansible-copy: Invoked with src=/home/ubuntu/.ansible/tmp/ansible-tmp-1502727340.25-45819354111914/source directory_mode=None force=True remote_src=None dest=/etc/nginx/nginx.conf selevel=None seuser=None serole=None follow=False content=NOT_LOGGING_PARAMETER setype=None original_basename=nginx.conf delimiter=None mode=644 regexp=None owner=root group=None validate=None backup=False
Aug 15 01:15:40 isucon6 ansible-service: Invoked with name=nginx pattern=None enabled=True state=running sleep=None arguments= runlevel=default
Aug 15 01:15:40 isucon6 ansible-service: Invoked with name=nginx pattern=None enabled=None state=restarted sleep=None arguments= runlevel=default
Aug 15 01:15:40 isucon6 systemd[1]: Stopping A high performance web server and a reverse proxy server...
Aug 15 01:15:40 isucon6 systemd[1]: Stopped A high performance web server and a reverse proxy server.
Aug 15 01:15:40 isucon6 systemd[1]: Starting A high performance web server and a reverse proxy server...
Aug 15 01:15:40 isucon6 systemd[1]: nginx.service: Failed to read PID from file /run/nginx.pid: Invalid argument
Aug 15 01:15:40 isucon6 systemd[1]: Started A high performance web server and a reverse proxy server.
Aug 15 01:15:40 isucon6 ansible-synchronize: Invoked with partial=False links=True copy_links=None perms=None owner=False rsync_path=None dest_port=22 _local_rsync_path=rsync group=False existing_only=False archive=True verify_host=False dirs=False private_key=None dest=/home/isucon/webapp compress=True rsync_timeout=0 rsync_opts=None set_remote_user=True recursive=None src=../../../webapp/ checksum=False times=None mode=push ssh_args=None delete=False
Aug 15 01:15:49 isucon6 ansible-synchronize: Invoked with partial=False links=None copy_links=None perms=None owner=False rsync_path=None dest_port=22 _local_rsync_path=rsync group=False existing_only=False archive=True verify_host=False dirs=False private_key=None dest=/home/isucon/bin compress=True rsync_timeout=0 rsync_opts=None set_remote_user=True recursive=None src=../../../bin/ checksum=False times=None mode=push ssh_args=None delete=False
Aug 15 01:16:37 isucon6 ntpd[25366]: Soliciting pool server 2001:67c:1560:8003::c8
Aug 15 01:17:44 isucon6 ntpd[25366]: Soliciting pool server 2001:67c:1560:8003::c7
Aug 15 01:18:51 isucon6 ntpd[25366]: Soliciting pool server 91.189.91.157
Aug 15 01:19:58 isucon6 ntpd[25366]: Soliciting pool server 2001:67c:1560:8003::c8
Aug 15 01:21:03 isucon6 ntpd[25366]: Soliciting pool server 2001:67c:1560:8003::c7
Aug 15 01:22:07 isucon6 ntpd[25366]: Soliciting pool server 91.189.91.157
Aug 15 01:23:14 isucon6 ntpd[25366]: Soliciting pool server 2001:67c:1560:8003::c8
Aug 15 01:24:19 isucon6 ntpd[25366]: Soliciting pool server 2001:67c:1560:8003::c7
Aug 15 01:25:26 isucon6 ntpd[25366]: Soliciting pool server 91.189.91.157
Aug 15 01:26:30 isucon6 ntpd[25366]: Soliciting pool server 2001:67c:1560:8003::c7
Aug 15 01:27:29 isucon6 ansible-apt: Invoked with dpkg_options=force-confdef,force-confold upgrade=safe force=False package=None purge=False state=present update_cache=True default_release=None install_recommends=None deb=None cache_valid_time=None
Aug 15 01:27:34 isucon6 ntpd[25366]: Soliciting pool server 2001:67c:1560:8003::c8
Aug 15 01:27:44 isucon6 ansible-apt: Invoked with dpkg_options=force-confdef,force-confold upgrade=None force=False name=['git', 'curl', 'libreadline-dev', 'pkg-config', 'autoconf', 'automake', 'build-essential', 'libmysqlclient-dev', 'libssl-dev', 'python3', 'python3-dev', 'python3-venv', 'openjdk-8-jdk-headless', 'libxml2-dev', 'libcurl4-openssl-dev', 'libxslt1-dev', 're2c', 'bison', 'libbz2-dev', 'libreadline-dev', 'libssl-dev', 'gettext', 'libgettextpo-dev', 'libicu-dev', 'libmhash-dev', 'libmcrypt-dev', 'libgd-dev', 'libtidy-dev'] package=['git', 'curl', 'libreadline-dev', 'pkg-config', 'autoconf', 'automake', 'build-essential', 'libmysqlclient-dev', 'libssl-dev', 'python3', 'python3-dev', 'python3-venv', 'openjdk-8-jdk-headless', 'libxml2-dev', 'libcurl4-openssl-dev', 'libxslt1-dev', 're2c', 'bison', 'libbz2-dev', 'libreadline-dev', 'libssl-dev', 'gettext', 'libgettextpo-dev', 'libicu-dev', 'libmhash-dev', 'libmcrypt-dev', 'libgd-dev', 'libtidy-dev'] purge=False state=present update_cache=False default_release=None install_recommends=False deb=None cache_valid_time=None
Aug 15 01:27:45 isucon6 ansible-group: Invoked with state=present gid=None name=isucon system=False
Aug 15 01:27:45 isucon6 ansible-user: Invoked with comment=None ssh_key_bits=2048 update_password=always non_unique=False force=False skeleton=None ssh_key_passphrase=NOT_LOGGING_PARAMETER uid=None home=None append=False ssh_key_type=rsa ssh_key_comment=ansible-generated on isucon6 group=None system=False state=present shell=None expires=None ssh_key_file=None groups=isucon move_home=False password=NOT_LOGGING_PARAMETER name=isucon createhome=True remove=False login_class=None generate_ssh_key=None
Aug 15 01:27:45 isucon6 ansible-file: Invoked with directory_mode=None force=False remote_src=None path=/home/isucon owner=isucon follow=False group=isucon state=directory content=NOT_LOGGING_PARAMETER serole=None diff_peek=None setype=None selevel=None original_basename=None regexp=None validate=None src=None seuser=None recurse=False delimiter=None mode=755 backup=None
Aug 15 01:27:45 isucon6 ansible-copy: Invoked with src=/usr/share/zoneinfo/Asia/Tokyo directory_mode=None force=True remote_src=True dest=/etc/localtime selevel=None seuser=None serole=None follow=True content=NOT_LOGGING_PARAMETER setype=None original_basename=None delimiter=None mode=None regexp=None owner=None group=None validate=None backup=False
