Aug 25 01:33:16 isuconx anacron[439]: Job `cron.daily' terminated
Aug 25 01:33:50 isuconx ntpd[671]: Soliciting pool server 2001:67c:1560:8003::c8
Aug 25 01:34:57 isuconx ntpd[671]: Soliciting pool server 2001:67c:1560:8003::c7
Aug 25 01:36:06 isuconx ntpd[671]: Soliciting pool server 2001:67c:1560:8003::c8
Aug 25 01:37:14 isuconx ntpd[671]: Soliciting pool server 2001:67c:1560:8003::c8
Aug 25 01:38:09 isuconx anacron[439]: Job `cron.weekly' started
Aug 25 01:38:09 isuconx anacron[1113]: Updated timestamp for job `cron.weekly' to 2017-08-25
Aug 25 01:38:09 isuconx anacron[439]: Job `cron.weekly' terminated
Aug 25 01:38:09 isuconx anacron[439]: Normal exit (2 jobs run)
Aug 25 01:38:20 isuconx ntpd[671]: Soliciting pool server 2001:67c:1560:8003::c7
Aug 25 01:39:29 isuconx ntpd[671]: Soliciting pool server 2001:67c:1560:8003::c7
Aug 25 01:40:04 isuconx systemd[1]: Stopping User Manager for UID 1000...
Aug 25 01:40:04 isuconx systemd[859]: Reached target Shutdown.
Aug 25 01:40:04 isuconx systemd[859]: Starting Exit the Session...
Aug 25 01:40:04 isuconx systemd[859]: Stopped target Default.
Aug 25 01:40:04 isuconx systemd[859]: Stopped target Basic System.
Aug 25 01:40:04 isuconx systemd[859]: Stopped target Timers.
Aug 25 01:40:04 isuconx systemd[859]: Stopped target Sockets.
Aug 25 01:40:04 isuconx systemd[859]: Stopped target Paths.
Aug 25 01:40:04 isuconx systemd[859]: Received SIGRTMIN+24 from PID 1154 (kill).
Aug 25 01:40:04 isuconx systemd[1]: Stopped User Manager for UID 1000.
Aug 25 01:40:04 isuconx systemd[1]: Removed slice User Slice of ubuntu.
Aug 25 01:40:05 isuconx systemd[1]: Created slice User Slice of ubuntu.
Aug 25 01:40:05 isuconx systemd[1]: Started Session 2 of user ubuntu.
Aug 25 01:40:05 isuconx systemd[1]: Starting User Manager for UID 1000...
Aug 25 01:40:05 isuconx systemd[1166]: Reached target Timers.
Aug 25 01:40:05 isuconx systemd[1166]: Reached target Paths.
Aug 25 01:40:05 isuconx systemd[1166]: Reached target Sockets.
Aug 25 01:40:05 isuconx systemd[1166]: Reached target Basic System.
Aug 25 01:40:05 isuconx systemd[1166]: Reached target Default.
Aug 25 01:40:05 isuconx systemd[1166]: Startup finished in 11ms.
Aug 25 01:40:05 isuconx systemd[1]: Started User Manager for UID 1000.
Aug 25 01:40:36 isuconx ntpd[671]: Soliciting pool server 2001:67c:1560:8003::c8
Aug 25 01:41:45 isuconx ntpd[671]: Soliciting pool server 2001:67c:1560:8003::c7
Aug 25 01:42:52 isuconx ntpd[671]: Soliciting pool server 2001:67c:1560:8003::c8
Aug 25 01:43:10 isuconx systemd[1]: Starting Cleanup of Temporary Directories...
Aug 25 01:43:10 isuconx systemd-tmpfiles[1871]: [/usr/lib/tmpfiles.d/var.conf:14] Duplicate line for path "/var/log", ignoring.
Aug 25 01:43:10 isuconx systemd[1]: Started Cleanup of Temporary Directories.
Aug 25 01:43:58 isuconx ntpd[671]: Soliciting pool server 2001:67c:1560:8003::c7
Aug 25 01:45:07 isuconx ntpd[671]: Soliciting pool server 2001:67c:1560:8003::c8
Aug 25 01:46:16 isuconx ntpd[671]: Soliciting pool server 2001:67c:1560:8003::c7
Aug 25 01:46:59 isuconx systemd[1]: Stopping isucon6 qualifier main application in perl...
Aug 25 01:46:59 isuconx systemd[1]: Stopped isucon6 qualifier main application in perl.
Aug 25 01:47:04 isuconx systemd[1]: Stopping isucon6 qualifier sub application in perl...
Aug 25 01:47:04 isuconx systemd[1]: Stopped isucon6 qualifier sub application in perl.
Aug 25 01:47:09 isuconx systemd[1]: Stopped isucon6 qualifier main application in Go.
Aug 25 01:47:12 isuconx systemd[1]: Stopped isucon6 qualifier sub application in Go.
Aug 25 01:47:25 isuconx ntpd[671]: Soliciting pool server 2001:67c:1560:8003::c8
Aug 25 01:47:47 isuconx systemd[1]: Started isucon6 qualifier sub application in Go.
Aug 25 01:47:48 isuconx systemd[1]: Started isucon6 qualifier main application in Go.
Aug 25 01:48:32 isuconx ntpd[671]: Soliciting pool server 2001:67c:1560:8003::c8
Aug 25 01:48:48 isuconx systemd[1]: Started Session 3 of user ubuntu.
Aug 25 01:49:41 isuconx ntpd[671]: Soliciting pool server 2001:67c:1560:8003::c7
Aug 25 01:50:43 isuconx systemd[1]: Stopping isucon6 qualifier main application in Go...
Aug 25 01:50:43 isuconx systemd[1]: Stopped isucon6 qualifier main application in Go.
Aug 25 01:50:43 isuconx systemd[1]: Started isucon6 qualifier main application in Go.
Aug 25 01:50:47 isuconx ntpd[671]: Soliciting pool server 2001:67c:1560:8003::c7
Aug 25 01:51:40 isuconx systemd[1]: Stopping isucon6 qualifier main application in Go...
Aug 25 01:51:40 isuconx systemd[1]: Stopped isucon6 qualifier main application in Go.
Aug 25 01:51:40 isuconx systemd[1]: Started isucon6 qualifier main application in Go.
Aug 25 01:51:56 isuconx ntpd[671]: Soliciting pool server 2001:67c:1560:8003::c8
Aug 25 01:53:05 isuconx ntpd[671]: Soliciting pool server 2001:67c:1560:8003::c7
Aug 25 01:53:50 isuconx systemd[1]: Stopping isucon6 qualifier main application in Go...
Aug 25 01:53:50 isuconx systemd[1]: Stopped isucon6 qualifier main application in Go.
Aug 25 01:53:50 isuconx systemd[1]: Started isucon6 qualifier main application in Go.
Aug 25 01:54:11 isuconx ntpd[671]: Soliciting pool server 2001:67c:1560:8003::c8
Aug 25 01:55:18 isuconx ntpd[671]: Soliciting pool server 2001:67c:1560:8003::c8
Aug 25 01:56:11 isuconx systemd[1]: Reloading.
Aug 25 01:56:11 isuconx systemd[1]: Started ACPI event daemon.
Aug 25 01:56:19 isuconx systemd[1]: Reloading.
Aug 25 01:56:19 isuconx systemd[1]: Started ACPI event daemon.
Aug 25 01:56:19 isuconx systemd[1]: Reloading.
Aug 25 01:56:19 isuconx systemd[1]: Started ACPI event daemon.
Aug 25 01:56:19 isuconx systemd[1]: Starting LSB: Starts and daemonize Glances server...
Aug 25 01:56:19 isuconx glances[4328]:  * Starting Glances server glances
Aug 25 01:56:19 isuconx glances[4328]:  * Not starting glances: disabled by /etc/default/glances.
Aug 25 01:56:19 isuconx systemd[1]: Started LSB: Starts and daemonize Glances server.
Aug 25 01:56:19 isuconx systemd[1]: Reloading.
Aug 25 01:56:19 isuconx systemd[1]: Started ACPI event daemon.
Aug 25 01:56:19 isuconx systemd[1]: Reloading.
Aug 25 01:56:19 isuconx systemd[1]: Started ACPI event daemon.
Aug 25 01:56:19 isuconx systemd[1]: Starting LSB: disk temperature monitoring daemon...
Aug 25 01:56:19 isuconx systemd[1]: Started LSB: disk temperature monitoring daemon.
Aug 25 01:56:20 isuconx systemd[1]: Reloading.
Aug 25 01:56:20 isuconx systemd[1]: Started ACPI event daemon.
Aug 25 01:56:20 isuconx systemd[1]: Reloading.
Aug 25 01:56:20 isuconx systemd[1]: Started ACPI event daemon.
Aug 25 01:56:20 isuconx systemd[1]: Reloading.
Aug 25 01:56:20 isuconx systemd[1]: Started ACPI event daemon.
Aug 25 01:56:25 isuconx ntpd[671]: Soliciting pool server 2001:67c:1560:8003::c7
Aug 25 01:57:31 isuconx ntpd[671]: Soliciting pool server 2001:67c:1560:8003::c7
Aug 25 01:58:36 isuconx ntpd[671]: Soliciting pool server 2001:67c:1560:8003::c8
Aug 25 01:58:38 isuconx systemd[1]: Stopping User Manager for UID 1000...
Aug 25 01:58:38 isuconx systemd[1166]: Stopped target Default.
Aug 25 01:58:38 isuconx systemd[1166]: Stopped target Basic System.
Aug 25 01:58:38 isuconx systemd[1166]: Stopped target Timers.
Aug 25 01:58:38 isuconx systemd[1166]: Stopped target Sockets.
Aug 25 01:58:38 isuconx systemd[1166]: Stopped target Paths.
Aug 25 01:58:38 isuconx systemd[1166]: Reached target Shutdown.
Aug 25 01:58:38 isuconx systemd[1166]: Starting Exit the Session...
Aug 25 01:58:38 isuconx systemd[1166]: Received SIGRTMIN+24 from PID 4612 (kill).
Aug 25 01:58:38 isuconx systemd[1]: Stopped User Manager for UID 1000.
Aug 25 01:58:38 isuconx systemd[1]: Removed slice User Slice of ubuntu.
Aug 25 01:58:44 isuconx systemd[1]: Created slice User Slice of ubuntu.
Aug 25 01:58:44 isuconx systemd[1]: Starting User Manager for UID 1000...
Aug 25 01:58:44 isuconx systemd[1]: Started Session 4 of user ubuntu.
Aug 25 01:58:44 isuconx systemd[4621]: Reached target Sockets.
Aug 25 01:58:44 isuconx systemd[4621]: Reached target Timers.
Aug 25 01:58:44 isuconx systemd[4621]: Reached target Paths.
Aug 25 01:58:44 isuconx systemd[4621]: Reached target Basic System.
Aug 25 01:58:44 isuconx systemd[4621]: Reached target Default.
Aug 25 01:58:44 isuconx systemd[4621]: Startup finished in 11ms.
Aug 25 01:58:44 isuconx systemd[1]: Started User Manager for UID 1000.
Aug 25 01:59:15 isuconx systemd[1]: Stopping User Manager for UID 1000...
Aug 25 01:59:15 isuconx systemd[4621]: Reached target Shutdown.
Aug 25 01:59:15 isuconx systemd[4621]: Stopped target Default.
Aug 25 01:59:15 isuconx systemd[4621]: Stopped target Basic System.
Aug 25 01:59:15 isuconx systemd[4621]: Stopped target Sockets.
Aug 25 01:59:15 isuconx systemd[4621]: Stopped target Timers.
Aug 25 01:59:15 isuconx systemd[4621]: Stopped target Paths.
Aug 25 01:59:15 isuconx systemd[4621]: Starting Exit the Session...
Aug 25 01:59:15 isuconx systemd[4621]: Received SIGRTMIN+24 from PID 4674 (kill).
Aug 25 01:59:15 isuconx systemd[1]: Stopped User Manager for UID 1000.
Aug 25 01:59:15 isuconx systemd[1]: Removed slice User Slice of ubuntu.
Aug 25 01:59:45 isuconx ntpd[671]: Soliciting pool server 2001:67c:1560:8003::c7
Aug 25 02:00:49 isuconx ntpd[671]: Soliciting pool server 2001:67c:1560:8003::c8
Aug 25 02:01:51 isuconx systemd[1]: Stopping ACPI event daemon...
Aug 25 02:01:51 isuconx systemd[1]: Stopping isucon6 qualifier main application in Go...
Aug 25 02:01:51 isuconx systemd[1]: Stopped target Timers.
Aug 25 02:01:51 isuconx systemd[1]: Stopped Daily apt upgrade and clean activities.
Aug 25 02:01:51 isuconx systemd[1]: Stopped Daily apt download activities.
Aug 25 02:01:51 isuconx systemd[1]: Stopped target System Time Synchronized.
Aug 25 02:01:51 isuconx systemd[1]: Stopped Daily Cleanup of Temporary Directories.
Aug 25 02:01:51 isuconx systemd[1]: Closed Load/Save RF Kill Switch Status /dev/rfkill Watch.
Aug 25 02:01:51 isuconx systemd[1]: Stopped target Graphical Interface.
Aug 25 02:01:51 isuconx systemd[1]: Stopped target Multi-User System.
Aug 25 02:01:51 isuconx systemd[1]: Stopping MySQL Community Server...
Aug 25 02:01:51 isuconx systemd[1]: Stopping OpenBSD Secure Shell server...
Aug 25 02:01:51 isuconx systemd[1]: Stopping Regular background program processing daemon...
Aug 25 02:01:51 isuconx systemd[1]: Stopping Login Service...
Aug 25 02:01:51 isuconx systemd[1]: Stopping D-Bus System Message Bus...
Aug 25 02:01:51 isuconx systemd[1]: Stopped target Login Prompts.
Aug 25 02:01:51 isuconx systemd[1]: Stopping Getty on tty1...
Aug 25 02:01:51 isuconx systemd[1]: Stopping A high performance web server and a reverse proxy server...
Aug 25 02:01:51 isuconx systemd[1]: Stopping LSB: Start NTP daemon...
Aug 25 02:01:51 isuconx systemd[1]: Stopping isupam is an isucon6 qualifier sub application...
Aug 25 02:01:51 isuconx systemd[1]: Stopping Accounts Service...
Aug 25 02:01:51 isuconx systemd[1]: Stopping LSB: disk temperature monitoring daemon...
Aug 25 02:01:51 isuconx systemd[1]: Stopping LSB: daemon to balance interrupts for SMP systems...
Aug 25 02:01:51 isuconx systemd[1]: Stopping LSB: Starts and daemonize Glances server...
Aug 25 02:01:51 isuconx systemd[1]: Stopping LSB: Record successful boot for GRUB...
Aug 25 02:01:51 isuconx systemd[1]: Stopping LSB: Set the CPU Frequency Scaling governor to "ondemand"...
Aug 25 02:01:51 isuconx rsyslogd: [origin software="rsyslogd" swVersion="8.16.0" x-pid="461" x-info="http://www.rsyslog.com"] exiting on signal 15.
Aug 25 11:13:51 isucon-summer-0-10 rsyslogd: [origin software="rsyslogd" swVersion="8.16.0" x-pid="511" x-info="http://www.rsyslog.com"] start
Aug 25 11:13:51 isucon-summer-0-10 rsyslogd-2222: command 'KLogPermitNonKernelFacility' is currently not permitted - did you already set it via a RainerScript command (v6+ config)? [v8.16.0 try http://www.rsyslog.com/e/2222 ]
Aug 25 11:13:51 isucon-summer-0-10 rsyslogd: rsyslogd's groupid changed to 108
Aug 25 11:13:51 isucon-summer-0-10 rsyslogd: rsyslogd's userid changed to 104
Aug 25 11:13:51 isucon-summer-0-10 loadkeys[197]: Loading /etc/console-setup/cached.kmap.gz
Aug 25 11:13:51 isucon-summer-0-10 systemd[1]: Started Set console keymap.
Aug 25 11:13:51 isucon-summer-0-10 systemd[1]: Reached target Network (Pre).
Aug 25 11:13:51 isucon-summer-0-10 systemd[1]: Starting Create Static Device Nodes in /dev...
Aug 25 11:13:51 isucon-summer-0-10 systemd[1]: Starting Apply Kernel Variables...
Aug 25 11:13:51 isucon-summer-0-10 systemd[1]: Mounting FUSE Control File System...
Aug 25 11:13:51 isucon-summer-0-10 systemd[1]: Mounted FUSE Control File System.
Aug 25 11:13:51 isucon-summer-0-10 systemd[1]: Started Apply Kernel Variables.
Aug 25 11:13:51 isucon-summer-0-10 systemd[1]: Started Create Static Device Nodes in /dev.
Aug 25 11:13:51 isucon-summer-0-10 systemd[1]: Starting udev Kernel Device Manager...
Aug 25 11:13:51 isucon-summer-0-10 systemd-udevd[262]: Network interface NamePolicy= disabled on kernel command line, ignoring.
Aug 25 11:13:51 isucon-summer-0-10 systemd[1]: Started udev Kernel Device Manager.
Aug 25 11:13:51 isucon-summer-0-10 systemd[1]: Starting Remount Root and Kernel File Systems...
Aug 25 11:13:51 isucon-summer-0-10 systemd[1]: Started Remount Root and Kernel File Systems.
Aug 25 11:13:51 isucon-summer-0-10 systemd[1]: Starting Load/Save Random Seed...
Aug 25 11:13:51 isucon-summer-0-10 systemd[1]: Starting Flush Journal to Persistent Storage...
Aug 25 11:13:51 isucon-summer-0-10 systemd[1]: Starting udev Coldplug all Devices...
Aug 25 11:13:51 isucon-summer-0-10 systemd[1]: Reached target Local File Systems (Pre).
Aug 25 11:13:51 isucon-summer-0-10 systemd[1]: Reached target Local File Systems.
Aug 25 11:13:51 isucon-summer-0-10 systemd[1]: Starting LSB: AppArmor initialization...
Aug 25 11:13:51 isucon-summer-0-10 systemd[1]: Starting Tell Plymouth To Write Out Runtime Data...
Aug 25 11:13:51 isucon-summer-0-10 systemd[1]: Starting Set console font and keymap...
Aug 25 11:13:51 isucon-summer-0-10 systemd[1]: Started Load/Save Random Seed.
Aug 25 11:13:51 isucon-summer-0-10 systemd[1]: Started Flush Journal to Persistent Storage.
Aug 25 11:13:51 isucon-summer-0-10 systemd[1]: Started Tell Plymouth To Write Out Runtime Data.
Aug 25 11:13:51 isucon-summer-0-10 systemd[1]: Starting Create Volatile Files and Directories...
Aug 25 11:13:51 isucon-summer-0-10 systemd-tmpfiles[294]: [/usr/lib/tmpfiles.d/var.conf:14] Duplicate line for path "/var/log", ignoring.
Aug 25 11:13:51 isucon-summer-0-10 apparmor[278]:  * Starting AppArmor profiles
Aug 25 11:13:51 isucon-summer-0-10 systemd[1]: Started Create Volatile Files and Directories.
Aug 25 11:13:51 isucon-summer-0-10 systemd[1]: Reached target System Time Synchronized.
Aug 25 11:13:51 isucon-summer-0-10 systemd[1]: Starting Update UTMP about System Boot/Shutdown...
Aug 25 11:13:51 isucon-summer-0-10 systemd[1]: Started Update UTMP about System Boot/Shutdown.
Aug 25 11:13:51 isucon-summer-0-10 systemd[1]: Started udev Coldplug all Devices.
Aug 25 11:13:51 isucon-summer-0-10 systemd[1]: Started Dispatch Password Requests to Console Directory Watch.
Aug 25 11:13:51 isucon-summer-0-10 systemd[1]: Started Set console font and keymap.
Aug 25 11:13:51 isucon-summer-0-10 systemd[1]: Created slice system-getty.slice.
Aug 25 11:13:51 isucon-summer-0-10 apparmor[278]: Skipping profile in /etc/apparmor.d/disable: usr.sbin.rsyslogd
Aug 25 11:13:51 isucon-summer-0-10 apparmor[278]:    ...done.
Aug 25 11:13:51 isucon-summer-0-10 systemd[1]: Started LSB: AppArmor initialization.
Aug 25 11:13:51 isucon-summer-0-10 systemd[1]: Starting Raise network interfaces...
Aug 25 11:13:51 isucon-summer-0-10 systemd[1]: Found device /dev/disk/by-uuid/f51e7f2e-21bf-4ddb-84bb-1ce3849ec906.
Aug 25 11:13:51 isucon-summer-0-10 systemd[1]: Found device /dev/vda2.
Aug 25 11:13:51 isucon-summer-0-10 systemd[1]: Activating swap Swap Partition...
Aug 25 11:13:51 isucon-summer-0-10 systemd[1]: Activated swap Swap Partition.
Aug 25 11:13:51 isucon-summer-0-10 systemd[1]: Activated swap /dev/disk/by-uuid/f51e7f2e-21bf-4ddb-84bb-1ce3849ec906.
Aug 25 11:13:51 isucon-summer-0-10 systemd[1]: Reached target Swap.
Aug 25 11:13:51 isucon-summer-0-10 systemd[1]: Reached target System Initialization.
Aug 25 11:13:51 isucon-summer-0-10 systemd[1]: Started Daily Cleanup of Temporary Directories.
Aug 25 11:13:51 isucon-summer-0-10 systemd[1]: Listening on UUID daemon activation socket.
Aug 25 11:13:51 isucon-summer-0-10 systemd[1]: Listening on D-Bus System Message Bus Socket.
Aug 25 11:13:51 isucon-summer-0-10 systemd[1]: Started ACPI Events Check.
Aug 25 11:13:51 isucon-summer-0-10 systemd[1]: Reached target Paths.
Aug 25 11:13:51 isucon-summer-0-10 systemd[1]: Listening on ACPID Listen Socket.
Aug 25 11:13:51 isucon-summer-0-10 systemd[1]: Reached target Sockets.
Aug 25 11:13:51 isucon-summer-0-10 systemd[1]: Reached target Basic System.
Aug 25 11:13:51 isucon-summer-0-10 systemd[1]: Starting LSB: daemon to balance interrupts for SMP systems...
Aug 25 11:13:51 isucon-summer-0-10 systemd[1]: Started isucon6 qualifier sub application in perl.
Aug 25 11:13:51 isucon-summer-0-10 systemd[1]: Started Regular background program processing daemon.
Aug 25 11:13:51 isucon-summer-0-10 systemd[1]: Starting Permit User Sessions...
Aug 25 11:13:51 isucon-summer-0-10 systemd[1]: Starting LSB: Set the CPU Frequency Scaling governor to "ondemand"...
Aug 25 11:13:51 isucon-summer-0-10 systemd[1]: Starting Accounts Service...
Aug 25 11:13:51 isucon-summer-0-10 systemd[1]: Started D-Bus System Message Bus.
Aug 25 11:13:51 isucon-summer-0-10 cron[434]: (CRON) INFO (pidfile fd = 3)
Aug 25 11:13:51 isucon-summer-0-10 cron[434]: (CRON) INFO (Running @reboot jobs)
Aug 25 11:13:51 isucon-summer-0-10 dbus[441]: [system] AppArmor D-Bus mediation is enabled
Aug 25 11:13:51 isucon-summer-0-10 systemd[1]: Starting LSB: Record successful boot for GRUB...
Aug 25 11:13:51 isucon-summer-0-10 systemd[1]: Starting System Logging Service...
Aug 25 11:13:51 isucon-summer-0-10 systemd[1]: Started Run anacron jobs.
Aug 25 11:13:51 isucon-summer-0-10 systemd[1]: Started isupam is an isucon6 qualifier sub application.
Aug 25 11:13:51 isucon-summer-0-10 systemd[1]: Starting Login Service...
Aug 25 11:13:51 isucon-summer-0-10 systemd[1]: Started isucon6 qualifier main application in perl.
Aug 25 11:13:51 isucon-summer-0-10 accounts-daemon[438]: started daemon version 0.6.40
Aug 25 11:13:51 isucon-summer-0-10 anacron[512]: Anacron 2.3 started on 2017-08-25
Aug 25 11:13:51 isucon-summer-0-10 systemd[1]: Started ACPI event daemon.
Aug 25 11:13:51 isucon-summer-0-10 systemd[1]: Starting Initialize hardware monitoring sensors...
Aug 25 11:13:51 isucon-summer-0-10 systemd[1]: Started ifup for eth0.
Aug 25 11:13:51 isucon-summer-0-10 anacron[512]: Normal exit (0 jobs run)
Aug 25 11:13:51 isucon-summer-0-10 systemd[1]: Started Permit User Sessions.
Aug 25 11:13:51 isucon-summer-0-10 sensors[525]: No sensors found!
Aug 25 11:13:51 isucon-summer-0-10 sensors[525]: Make sure you loaded all the kernel drivers you need.
Aug 25 11:13:51 isucon-summer-0-10 sensors[525]: Try sensors-detect to find out which these are.
Aug 25 11:13:51 isucon-summer-0-10 kernel: [    0.000000] Initializing cgroup subsys cpuset
Aug 25 11:13:51 isucon-summer-0-10 kernel: [    0.000000] Initializing cgroup subsys cpu
Aug 25 11:13:51 isucon-summer-0-10 kernel: [    0.000000] Initializing cgroup subsys cpuacct
Aug 25 11:13:51 isucon-summer-0-10 kernel: [    0.000000] Linux version 4.4.0-91-generic (buildd@lcy01-11) (gcc version 5.4.0 20160609 (Ubuntu 5.4.0-6ubuntu1~16.04.4) ) #114-Ubuntu SMP Tue Aug 8 11:56:56 UTC 2017 (Ubuntu 4.4.0-91.114-generic 4.4.76)
Aug 25 11:13:51 isucon-summer-0-10 kernel: [    0.000000] Command line: BOOT_IMAGE=/boot/vmlinuz-4.4.0-91-generic root=UUID=90234f41-0948-407a-bc42-e4a4208e02d5 ro noresume nomodeset consoleblank=0 quiet transparent_hugepage=always elevator=noop net.ifnames=0 biosdevname=0
Aug 25 11:13:51 isucon-summer-0-10 kernel: [    0.000000] KERNEL supported cpus:
Aug 25 11:13:51 isucon-summer-0-10 kernel: [    0.000000]   Intel GenuineIntel
Aug 25 11:13:51 isucon-summer-0-10 kernel: [    0.000000]   AMD AuthenticAMD
Aug 25 11:13:51 isucon-summer-0-10 kernel: [    0.000000]   Centaur CentaurHauls
Aug 25 11:13:51 isucon-summer-0-10 kernel: [    0.000000] Disabled fast string operations
Aug 25 11:13:51 isucon-summer-0-10 kernel: [    0.000000] x86/fpu: xstate_offset[2]:  576, xstate_sizes[2]:  256
Aug 25 11:13:51 isucon-summer-0-10 kernel: [    0.000000] x86/fpu: Supporting XSAVE feature 0x01: 'x87 floating point registers'
Aug 25 11:13:51 isucon-summer-0-10 kernel: [    0.000000] x86/fpu: Supporting XSAVE feature 0x02: 'SSE registers'
Aug 25 11:13:51 isucon-summer-0-10 kernel: [    0.000000] x86/fpu: Supporting XSAVE feature 0x04: 'AVX registers'
Aug 25 11:13:51 isucon-summer-0-10 kernel: [    0.000000] x86/fpu: Enabled xstate features 0x7, context size is 832 bytes, using 'standard' format.
Aug 25 11:13:51 isucon-summer-0-10 kernel: [    0.000000] x86/fpu: Using 'eager' FPU context switches.
Aug 25 11:13:51 isucon-summer-0-10 kernel: [    0.000000] e820: BIOS-provided physical RAM map:
Aug 25 11:13:51 isucon-summer-0-10 kernel: [    0.000000] BIOS-e820: [mem 0x0000000000000000-0x000000000009dbff] usable
Aug 25 11:13:51 isucon-summer-0-10 kernel: [    0.000000] BIOS-e820: [mem 0x000000000009dc00-0x000000000009ffff] reserved
Aug 25 11:13:51 isucon-summer-0-10 kernel: [    0.000000] BIOS-e820: [mem 0x00000000000f0000-0x00000000000fffff] reserved
Aug 25 11:13:51 isucon-summer-0-10 kernel: [    0.000000] BIOS-e820: [mem 0x0000000000100000-0x00000000bfffcfff] usable
Aug 25 11:13:51 isucon-summer-0-10 kernel: [    0.000000] BIOS-e820: [mem 0x00000000bfffd000-0x00000000bfffffff] reserved
Aug 25 11:13:51 isucon-summer-0-10 kernel: [    0.000000] BIOS-e820: [mem 0x00000000fffbc000-0x00000000ffffffff] reserved
Aug 25 11:13:51 isucon-summer-0-10 kernel: [    0.000000] NX (Execute Disable) protection: active
Aug 25 11:13:51 isucon-summer-0-10 kernel: [    0.000000] SMBIOS 2.4 present.
Aug 25 11:13:51 isucon-summer-0-10 kernel: [    0.000000] DMI: SAKURA Internet Inc. SAKURA CLOUD KVM, BIOS 2.4 06/30/2016
Aug 25 11:13:51 isucon-summer-0-10 kernel: [    0.000000] Hypervisor detected: KVM
Aug 25 11:13:51 isucon-summer-0-10 kernel: [    0.000000] e820: update [mem 0x00000000-0x00000fff] usable ==> reserved
Aug 25 11:13:51 isucon-summer-0-10 kernel: [    0.000000] e820: remove [mem 0x000a0000-0x000fffff] usable
Aug 25 11:13:51 isucon-summer-0-10 kernel: [    0.000000] e820: last_pfn = 0xbfffd max_arch_pfn = 0x400000000
Aug 25 11:13:51 isucon-summer-0-10 kernel: [    0.000000] MTRR default type: write-back
Aug 25 11:13:51 isucon-summer-0-10 kernel: [    0.000000] MTRR fixed ranges enabled:
Aug 25 11:13:51 isucon-summer-0-10 kernel: [    0.000000]   00000-9FFFF write-back
Aug 25 11:13:51 isucon-summer-0-10 kernel: [    0.000000]   A0000-BFFFF uncachable
Aug 25 11:13:51 isucon-summer-0-10 kernel: [    0.000000]   C0000-FFFFF write-protect
Aug 25 11:13:51 isucon-summer-0-10 kernel: [    0.000000] MTRR variable ranges enabled:
Aug 25 11:13:51 isucon-summer-0-10 kernel: [    0.000000]   0 base 0000E0000000 mask 3FFFE0000000 uncachable
Aug 25 11:13:51 isucon-summer-0-10 kernel: [    0.000000]   1 disabled
Aug 25 11:13:51 isucon-summer-0-10 kernel: [    0.000000]   2 disabled
Aug 25 11:13:51 isucon-summer-0-10 kernel: [    0.000000]   3 disabled
Aug 25 11:13:51 isucon-summer-0-10 kernel: [    0.000000]   4 disabled
Aug 25 11:13:51 isucon-summer-0-10 kernel: [    0.000000]   5 disabled
Aug 25 11:13:51 isucon-summer-0-10 kernel: [    0.000000]   6 disabled
Aug 25 11:13:51 isucon-summer-0-10 kernel: [    0.000000]   7 disabled
Aug 25 11:13:51 isucon-summer-0-10 kernel: [    0.000000] x86/PAT: Configuration [0-7]: WB  WC  UC- UC  WB  WC  UC- WT  
Aug 25 11:13:51 isucon-summer-0-10 kernel: [    0.000000] found SMP MP-table at [mem 0x000fda20-0x000fda2f] mapped at [ffff8800000fda20]
Aug 25 11:13:51 isucon-summer-0-10 kernel: [    0.000000] Scanning 1 areas for low memory corruption
Aug 25 11:13:51 isucon-summer-0-10 kernel: [    0.000000] Base memory trampoline at [ffff880000097000] 97000 size 24576
Aug 25 11:13:51 isucon-summer-0-10 kernel: [    0.000000] Using GB pages for direct mapping
Aug 25 11:13:51 isucon-summer-0-10 kernel: [    0.000000] BRK [0x0220c000, 0x0220cfff] PGTABLE
Aug 25 11:13:51 isucon-summer-0-10 kernel: [    0.000000] BRK [0x0220d000, 0x0220dfff] PGTABLE
Aug 25 11:13:51 isucon-summer-0-10 kernel: [    0.000000] BRK [0x0220e000, 0x0220efff] PGTABLE
Aug 25 11:13:51 isucon-summer-0-10 kernel: [    0.000000] BRK [0x0220f000, 0x0220ffff] PGTABLE
Aug 25 11:13:51 isucon-summer-0-10 kernel: [    0.000000] BRK [0x02210000, 0x02210fff] PGTABLE
Aug 25 11:13:51 isucon-summer-0-10 kernel: [    0.000000] RAMDISK: [mem 0x33eec000-0x35f6dfff]
Aug 25 11:13:51 isucon-summer-0-10 kernel: [    0.000000] ACPI: Early table checksum verification disabled
Aug 25 11:13:51 isucon-summer-0-10 kernel: [    0.000000] ACPI: RSDP 0x00000000000FD9D0 000014 (v00 BOCHS )
Aug 25 11:13:51 isucon-summer-0-10 kernel: [    0.000000] ACPI: RSDT 0x00000000BFFFD520 000034 (v01 BOCHS  BXPCRSDT 00000001 BXPC 00000001)
Aug 25 11:13:51 isucon-summer-0-10 kernel: [    0.000000] ACPI: FACP 0x00000000BFFFFDD0 000074 (v01 BOCHS  BXPCFACP 00000001 BXPC 00000001)
Aug 25 11:13:51 isucon-summer-0-10 kernel: [    0.000000] ACPI: DSDT 0x00000000BFFFD8D0 0024A2 (v01 BXPC   BXDSDT   00000001 INTL 20090123)
Aug 25 11:13:51 isucon-summer-0-10 kernel: [    0.000000] ACPI: FACS 0x00000000BFFFFD80 000040
Aug 25 11:13:51 isucon-summer-0-10 kernel: [    0.000000] ACPI: SSDT 0x00000000BFFFD770 000160 (v01 BOCHS  BXPCSSDT 00000001 BXPC 00000001)
Aug 25 11:13:51 isucon-summer-0-10 kernel: [    0.000000] ACPI: APIC 0x00000000BFFFD670 000088 (v01 BOCHS  BXPCAPIC 00000001 BXPC 00000001)
Aug 25 11:13:51 isucon-summer-0-10 kernel: [    0.000000] ACPI: SSDT 0x00000000BFFFD560 00010F (v01 BXPC   BXSSDTPC 00000001 INTL 20090123)
Aug 25 11:13:51 isucon-summer-0-10 kernel: [    0.000000] ACPI: Local APIC address 0xfee00000
Aug 25 11:13:51 isucon-summer-0-10 kernel: [    0.000000] No NUMA configuration found
Aug 25 11:13:51 isucon-summer-0-10 kernel: [    0.000000] Faking a node at [mem 0x0000000000000000-0x00000000bfffcfff]
Aug 25 11:13:51 isucon-summer-0-10 kernel: [    0.000000] NODE_DATA(0) allocated [mem 0xbfff8000-0xbfffcfff]
Aug 25 11:13:51 isucon-summer-0-10 kernel: [    0.000000] kvm-clock: Using msrs 4b564d01 and 4b564d00
Aug 25 11:13:51 isucon-summer-0-10 kernel: [    0.000000] kvm-clock: cpu 0, msr 0:bfff0001, primary cpu clock
Aug 25 11:13:51 isucon-summer-0-10 kernel: [    0.000000] clocksource: kvm-clock: mask: 0xffffffffffffffff max_cycles: 0x1cd42e4dffb, max_idle_ns: 881590591483 ns
Aug 25 11:13:51 isucon-summer-0-10 kernel: [    0.000000] Zone ranges:
Aug 25 11:13:51 isucon-summer-0-10 kernel: [    0.000000]   DMA      [mem 0x0000000000001000-0x0000000000ffffff]
Aug 25 11:13:51 isucon-summer-0-10 kernel: [    0.000000]   DMA32    [mem 0x0000000001000000-0x00000000bfffcfff]
Aug 25 11:13:51 isucon-summer-0-10 kernel: [    0.000000]   Normal   empty
Aug 25 11:13:51 isucon-summer-0-10 kernel: [    0.000000]   Device   empty
Aug 25 11:13:51 isucon-summer-0-10 kernel: [    0.000000] Movable zone start for each node
Aug 25 11:13:51 isucon-summer-0-10 kernel: [    0.000000] Early memory node ranges
Aug 25 11:13:51 isucon-summer-0-10 kernel: [    0.000000]   node   0: [mem 0x0000000000001000-0x000000000009cfff]
Aug 25 11:13:51 isucon-summer-0-10 kernel: [    0.000000]   node   0: [mem 0x0000000000100000-0x00000000bfffcfff]
Aug 25 11:13:51 isucon-summer-0-10 kernel: [    0.000000] Initmem setup node 0 [mem 0x0000000000001000-0x00000000bfffcfff]
Aug 25 11:13:51 isucon-summer-0-10 kernel: [    0.000000] On node 0 totalpages: 786329
Aug 25 11:13:51 isucon-summer-0-10 kernel: [    0.000000]   DMA zone: 64 pages used for memmap
Aug 25 11:13:51 isucon-summer-0-10 kernel: [    0.000000]   DMA zone: 21 pages reserved
Aug 25 11:13:51 isucon-summer-0-10 kernel: [    0.000000]   DMA zone: 3996 pages, LIFO batch:0
Aug 25 11:13:51 isucon-summer-0-10 kernel: [    0.000000]   DMA32 zone: 12224 pages used for memmap
Aug 25 11:13:51 isucon-summer-0-10 kernel: [    0.000000]   DMA32 zone: 782333 pages, LIFO batch:31
Aug 25 11:13:51 isucon-summer-0-10 kernel: [    0.000000] ACPI: PM-Timer IO Port: 0xb008
Aug 25 11:13:51 isucon-summer-0-10 kernel: [    0.000000] ACPI: Local APIC address 0xfee00000
Aug 25 11:13:51 isucon-summer-0-10 kernel: [    0.000000] ACPI: LAPIC_NMI (acpi_id[0xff] dfl dfl lint[0x1])
Aug 25 11:13:51 isucon-summer-0-10 kernel: [    0.000000] IOAPIC[0]: apic_id 0, version 17, address 0xfec00000, GSI 0-23
Aug 25 11:13:51 isucon-summer-0-10 kernel: [    0.000000] ACPI: INT_SRC_OVR (bus 0 bus_irq 0 global_irq 2 dfl dfl)
Aug 25 11:13:51 isucon-summer-0-10 kernel: [    0.000000] ACPI: INT_SRC_OVR (bus 0 bus_irq 5 global_irq 5 high level)
Aug 25 11:13:51 isucon-summer-0-10 kernel: [    0.000000] ACPI: INT_SRC_OVR (bus 0 bus_irq 9 global_irq 9 high level)
Aug 25 11:13:51 isucon-summer-0-10 kernel: [    0.000000] ACPI: INT_SRC_OVR (bus 0 bus_irq 10 global_irq 10 high level)
Aug 25 11:13:51 isucon-summer-0-10 kernel: [    0.000000] ACPI: INT_SRC_OVR (bus 0 bus_irq 11 global_irq 11 high level)
Aug 25 11:13:51 isucon-summer-0-10 kernel: [    0.000000] ACPI: IRQ0 used by override.
Aug 25 11:13:51 isucon-summer-0-10 kernel: [    0.000000] ACPI: IRQ5 used by override.
Aug 25 11:13:51 isucon-summer-0-10 kernel: [    0.000000] ACPI: IRQ9 used by override.
Aug 25 11:13:51 isucon-summer-0-10 kernel: [    0.000000] ACPI: IRQ10 used by override.
Aug 25 11:13:51 isucon-summer-0-10 kernel: [    0.000000] ACPI: IRQ11 used by override.
Aug 25 11:13:51 isucon-summer-0-10 kernel: [    0.000000] Using ACPI (MADT) for SMP configuration information
Aug 25 11:13:51 isucon-summer-0-10 kernel: [    0.000000] smpboot: Allowing 3 CPUs, 0 hotplug CPUs
Aug 25 11:13:51 isucon-summer-0-10 kernel: [    0.000000] PM: Registered nosave memory: [mem 0x00000000-0x00000fff]
Aug 25 11:13:51 isucon-summer-0-10 kernel: [    0.000000] PM: Registered nosave memory: [mem 0x0009d000-0x0009dfff]
Aug 25 11:13:51 isucon-summer-0-10 kernel: [    0.000000] PM: Registered nosave memory: [mem 0x0009e000-0x0009ffff]
Aug 25 11:13:51 isucon-summer-0-10 kernel: [    0.000000] PM: Registered nosave memory: [mem 0x000a0000-0x000effff]
Aug 25 11:13:51 isucon-summer-0-10 kernel: [    0.000000] PM: Registered nosave memory: [mem 0x000f0000-0x000fffff]
Aug 25 11:13:51 isucon-summer-0-10 kernel: [    0.000000] e820: [mem 0xc0000000-0xfffbbfff] available for PCI devices
Aug 25 11:13:51 isucon-summer-0-10 kernel: [    0.000000] Booting paravirtualized kernel on KVM
Aug 25 11:13:51 isucon-summer-0-10 kernel: [    0.000000] clocksource: refined-jiffies: mask: 0xffffffff max_cycles: 0xffffffff, max_idle_ns: 7645519600211568 ns
Aug 25 11:13:51 isucon-summer-0-10 kernel: [    0.000000] setup_percpu: NR_CPUS:512 nr_cpumask_bits:512 nr_cpu_ids:3 nr_node_ids:1
Aug 25 11:13:51 isucon-summer-0-10 kernel: [    0.000000] PERCPU: Embedded 33 pages/cpu @ffff8800bfc00000 s98264 r8192 d28712 u524288
Aug 25 11:13:51 isucon-summer-0-10 kernel: [    0.000000] pcpu-alloc: s98264 r8192 d28712 u524288 alloc=1*2097152
Aug 25 11:13:51 isucon-summer-0-10 kernel: [    0.000000] pcpu-alloc: [0] 0 1 2 - 
Aug 25 11:13:51 isucon-summer-0-10 kernel: [    0.000000] kvm-stealtime: cpu 0, msr bfc0d9c0
Aug 25 11:13:51 isucon-summer-0-10 kernel: [    0.000000] Built 1 zonelists in Node order, mobility grouping on.  Total pages: 774020
Aug 25 11:13:51 isucon-summer-0-10 kernel: [    0.000000] Policy zone: DMA32
Aug 25 11:13:51 isucon-summer-0-10 kernel: [    0.000000] Kernel command line: BOOT_IMAGE=/boot/vmlinuz-4.4.0-91-generic root=UUID=90234f41-0948-407a-bc42-e4a4208e02d5 ro noresume nomodeset consoleblank=0 quiet transparent_hugepage=always elevator=noop net.ifnames=0 biosdevname=0
Aug 25 11:13:51 isucon-summer-0-10 kernel: [    0.000000] PID hash table entries: 4096 (order: 3, 32768 bytes)
Aug 25 11:13:51 isucon-summer-0-10 kernel: [    0.000000] Calgary: detecting Calgary via BIOS EBDA area
Aug 25 11:13:51 isucon-summer-0-10 kernel: [    0.000000] Calgary: Unable to locate Rio Grande table in EBDA - bailing!
Aug 25 11:13:51 isucon-summer-0-10 kernel: [    0.000000] Memory: 3043588K/3145316K available (8474K kernel code, 1294K rwdata, 3984K rodata, 1488K init, 1316K bss, 101728K reserved, 0K cma-reserved)
Aug 25 11:13:51 isucon-summer-0-10 kernel: [    0.000000] SLUB: HWalign=64, Order=0-3, MinObjects=0, CPUs=3, Nodes=1
Aug 25 11:13:51 isucon-summer-0-10 kernel: [    0.000000] Hierarchical RCU implementation.
Aug 25 11:13:51 isucon-summer-0-10 kernel: [    0.000000] 	Build-time adjustment of leaf fanout to 64.
Aug 25 11:13:51 isucon-summer-0-10 kernel: [    0.000000] 	RCU restricting CPUs from NR_CPUS=512 to nr_cpu_ids=3.
Aug 25 11:13:51 isucon-summer-0-10 kernel: [    0.000000] RCU: Adjusting geometry for rcu_fanout_leaf=64, nr_cpu_ids=3
Aug 25 11:13:51 isucon-summer-0-10 kernel: [    0.000000] NR_IRQS:33024 nr_irqs:448 16
Aug 25 11:13:51 isucon-summer-0-10 kernel: [    0.000000] Console: colour dummy device 80x25
Aug 25 11:13:51 isucon-summer-0-10 kernel: [    0.000000] console [tty0] enabled
Aug 25 11:13:51 isucon-summer-0-10 kernel: [    0.000000] tsc: Detected 2499.998 MHz processor
Aug 25 11:13:51 isucon-summer-0-10 kernel: [    0.008000] Calibrating delay loop (skipped) preset value.. 4999.99 BogoMIPS (lpj=9999992)
Aug 25 11:13:51 isucon-summer-0-10 kernel: [    0.008000] pid_max: default: 32768 minimum: 301
Aug 25 11:13:51 isucon-summer-0-10 kernel: [    0.008000] ACPI: Core revision 20150930
Aug 25 11:13:51 isucon-summer-0-10 kernel: [    0.008000] ACPI: 3 ACPI AML tables successfully acquired and loaded
Aug 25 11:13:51 isucon-summer-0-10 kernel: [    0.008000] Security Framework initialized
Aug 25 11:13:51 isucon-summer-0-10 kernel: [    0.008000] Yama: becoming mindful.
Aug 25 11:13:51 isucon-summer-0-10 kernel: [    0.008000] AppArmor: AppArmor initialized
Aug 25 11:13:51 isucon-summer-0-10 kernel: [    0.008000] Dentry cache hash table entries: 524288 (order: 10, 4194304 bytes)
Aug 25 11:13:51 isucon-summer-0-10 kernel: [    0.008000] Inode-cache hash table entries: 262144 (order: 9, 2097152 bytes)
Aug 25 11:13:51 isucon-summer-0-10 kernel: [    0.008000] Mount-cache hash table entries: 8192 (order: 4, 65536 bytes)
Aug 25 11:13:51 isucon-summer-0-10 kernel: [    0.008000] Mountpoint-cache hash table entries: 8192 (order: 4, 65536 bytes)
Aug 25 11:13:51 isucon-summer-0-10 kernel: [    0.008053] Initializing cgroup subsys io
Aug 25 11:13:51 isucon-summer-0-10 kernel: [    0.008056] Initializing cgroup subsys memory
Aug 25 11:13:51 isucon-summer-0-10 kernel: [    0.008062] Initializing cgroup subsys devices
Aug 25 11:13:51 isucon-summer-0-10 kernel: [    0.008064] Initializing cgroup subsys freezer
Aug 25 11:13:51 isucon-summer-0-10 kernel: [    0.008066] Initializing cgroup subsys net_cls
Aug 25 11:13:51 isucon-summer-0-10 kernel: [    0.008068] Initializing cgroup subsys perf_event
Aug 25 11:13:51 isucon-summer-0-10 kernel: [    0.008070] Initializing cgroup subsys net_prio
Aug 25 11:13:51 isucon-summer-0-10 kernel: [    0.008072] Initializing cgroup subsys hugetlb
Aug 25 11:13:51 isucon-summer-0-10 kernel: [    0.008074] Initializing cgroup subsys pids
Aug 25 11:13:51 isucon-summer-0-10 kernel: [    0.008152] Disabled fast string operations
Aug 25 11:13:51 isucon-summer-0-10 kernel: [    0.008170] mce: CPU supports 10 MCE banks
Aug 25 11:13:51 isucon-summer-0-10 kernel: [    0.008232] Last level iTLB entries: 4KB 0, 2MB 0, 4MB 0
Aug 25 11:13:51 isucon-summer-0-10 kernel: [    0.008234] Last level dTLB entries: 4KB 0, 2MB 0, 4MB 0, 1GB 0
Aug 25 11:13:51 isucon-summer-0-10 kernel: [    0.010217] Freeing SMP alternatives memory: 32K (ffffffff820b9000 - ffffffff820c1000)
Aug 25 11:13:51 isucon-summer-0-10 kernel: [    0.018551] ftrace: allocating 32131 entries in 126 pages
Aug 25 11:13:51 isucon-summer-0-10 kernel: [    0.032102] smpboot: APIC(0) Converting physical 0 to logical package 0
Aug 25 11:13:51 isucon-summer-0-10 kernel: [    0.032105] smpboot: APIC(1) Converting physical 1 to logical package 1
Aug 25 11:13:51 isucon-summer-0-10 kernel: [    0.032106] smpboot: APIC(2) Converting physical 2 to logical package 2
Aug 25 11:13:51 isucon-summer-0-10 kernel: [    0.032107] smpboot: Max logical packages: 3
Aug 25 11:13:51 isucon-summer-0-10 kernel: [    0.032467] x2apic enabled
Aug 25 11:13:51 isucon-summer-0-10 kernel: [    0.032736] Switched APIC routing to physical x2apic.
Aug 25 11:13:51 isucon-summer-0-10 kernel: [    0.034079] ..TIMER: vector=0x30 apic1=0 pin1=2 apic2=-1 pin2=-1
Aug 25 11:13:51 isucon-summer-0-10 kernel: [    0.034116] TSC deadline timer enabled
Aug 25 11:13:51 isucon-summer-0-10 kernel: [    0.034120] smpboot: CPU0: Intel(R) Xeon(R) CPU E5-2640 0 @ 2.50GHz (family: 0x6, model: 0x2d, stepping: 0x7)
Aug 25 11:13:51 isucon-summer-0-10 kernel: [    0.034134] Performance Events: 16-deep LBR, SandyBridge events, Intel PMU driver.
Aug 25 11:13:51 isucon-summer-0-10 kernel: [    0.036000] core: PEBS disabled due to CPU errata, please upgrade microcode
Aug 25 11:13:51 isucon-summer-0-10 kernel: [    0.036000] ... version:                2
Aug 25 11:13:51 isucon-summer-0-10 kernel: [    0.036000] ... bit width:              48
Aug 25 11:13:51 isucon-summer-0-10 kernel: [    0.036000] ... generic registers:      4
Aug 25 11:13:51 isucon-summer-0-10 kernel: [    0.036000] ... value mask:             0000ffffffffffff
Aug 25 11:13:51 isucon-summer-0-10 kernel: [    0.036000] ... max period:             000000007fffffff
Aug 25 11:13:51 isucon-summer-0-10 kernel: [    0.036000] ... fixed-purpose events:   3
Aug 25 11:13:51 isucon-summer-0-10 kernel: [    0.036000] ... event mask:             000000070000000f
Aug 25 11:13:51 isucon-summer-0-10 kernel: [    0.037109] x86: Booting SMP configuration:
Aug 25 11:13:51 isucon-summer-0-10 kernel: [    0.037111] .... node  #0, CPUs:      #1
Aug 25 11:13:51 isucon-summer-0-10 kernel: [    0.008000] kvm-clock: cpu 1, msr 0:bfff0041, secondary cpu clock
Aug 25 11:13:51 isucon-summer-0-10 kernel: [    0.008000] Disabled fast string operations
Aug 25 11:13:51 isucon-summer-0-10 kernel: [    0.040062] kvm-stealtime: cpu 1, msr bfc8d9c0
Aug 25 11:13:51 isucon-summer-0-10 kernel: [    0.040199]  #2
Aug 25 11:13:51 isucon-summer-0-10 kernel: [    0.008000] kvm-clock: cpu 2, msr 0:bfff0081, secondary cpu clock
Aug 25 11:13:51 isucon-summer-0-10 kernel: [    0.008000] Disabled fast string operations
Aug 25 11:13:51 isucon-summer-0-10 kernel: [    0.044040] x86: Booted up 1 node, 3 CPUs
Aug 25 11:13:51 isucon-summer-0-10 kernel: [    0.044045] smpboot: Total of 3 processors activated (14999.98 BogoMIPS)
Aug 25 11:13:51 isucon-summer-0-10 kernel: [    0.044028] kvm-stealtime: cpu 2, msr bfd0d9c0
Aug 25 11:13:51 isucon-summer-0-10 kernel: [    0.044560] devtmpfs: initialized
Aug 25 11:13:51 isucon-summer-0-10 kernel: [    0.046045] evm: security.selinux
Aug 25 11:13:51 isucon-summer-0-10 kernel: [    0.046046] evm: security.SMACK64
Aug 25 11:13:51 isucon-summer-0-10 kernel: [    0.046047] evm: security.SMACK64EXEC
Aug 25 11:13:51 isucon-summer-0-10 kernel: [    0.046048] evm: security.SMACK64TRANSMUTE
Aug 25 11:13:51 isucon-summer-0-10 kernel: [    0.046048] evm: security.SMACK64MMAP
Aug 25 11:13:51 isucon-summer-0-10 kernel: [    0.046049] evm: security.ima
Aug 25 11:13:51 isucon-summer-0-10 kernel: [    0.046050] evm: security.capability
Aug 25 11:13:51 isucon-summer-0-10 kernel: [    0.046086] clocksource: jiffies: mask: 0xffffffff max_cycles: 0xffffffff, max_idle_ns: 7645041785100000 ns
Aug 25 11:13:51 isucon-summer-0-10 kernel: [    0.046086] futex hash table entries: 1024 (order: 4, 65536 bytes)
Aug 25 11:13:51 isucon-summer-0-10 kernel: [    0.046086] pinctrl core: initialized pinctrl subsystem
Aug 25 11:13:51 isucon-summer-0-10 kernel: [    0.046086] RTC time:  2:13:49, date: 08/25/17
Aug 25 11:13:51 isucon-summer-0-10 kernel: [    0.046086] NET: Registered protocol family 16
Aug 25 11:13:51 isucon-summer-0-10 kernel: [    0.060025] cpuidle: using governor ladder
Aug 25 11:13:51 isucon-summer-0-10 kernel: [    0.072021] cpuidle: using governor menu
Aug 25 11:13:51 isucon-summer-0-10 kernel: [    0.072031] PCCT header not found.
Aug 25 11:13:51 isucon-summer-0-10 kernel: [    0.072248] ACPI: bus type PCI registered
Aug 25 11:13:51 isucon-summer-0-10 kernel: [    0.072251] acpiphp: ACPI Hot Plug PCI Controller Driver version: 0.5
Aug 25 11:13:51 isucon-summer-0-10 kernel: [    0.072432] PCI: Using configuration type 1 for base access
Aug 25 11:13:51 isucon-summer-0-10 kernel: [    0.072569] core: PMU erratum BJ122, BV98, HSD29 workaround disabled, HT off
Aug 25 11:13:51 isucon-summer-0-10 kernel: [    0.084141] ACPI: Added _OSI(Module Device)
Aug 25 11:13:51 isucon-summer-0-10 kernel: [    0.084143] ACPI: Added _OSI(Processor Device)
Aug 25 11:13:51 isucon-summer-0-10 kernel: [    0.084145] ACPI: Added _OSI(3.0 _SCP Extensions)
Aug 25 11:13:51 isucon-summer-0-10 kernel: [    0.084146] ACPI: Added _OSI(Processor Aggregator Device)
Aug 25 11:13:51 isucon-summer-0-10 kernel: [    0.085926] ACPI: Interpreter enabled
Aug 25 11:13:51 isucon-summer-0-10 kernel: [    0.085936] ACPI: (supports S0 S5)
Aug 25 11:13:51 isucon-summer-0-10 kernel: [    0.085937] ACPI: Using IOAPIC for interrupt routing
Aug 25 11:13:51 isucon-summer-0-10 kernel: [    0.085951] PCI: Using host bridge windows from ACPI; if necessary, use "pci=nocrs" and report a bug
Aug 25 11:13:51 isucon-summer-0-10 kernel: [    0.089524] ACPI: PCI Root Bridge [PCI0] (domain 0000 [bus 00-ff])
Aug 25 11:13:51 isucon-summer-0-10 kernel: [    0.089529] acpi PNP0A03:00: _OSC: OS supports [ASPM ClockPM Segments MSI]
Aug 25 11:13:51 isucon-summer-0-10 kernel: [    0.089533] acpi PNP0A03:00: _OSC failed (AE_NOT_FOUND); disabling ASPM
Aug 25 11:13:51 isucon-summer-0-10 kernel: [    0.089540] acpi PNP0A03:00: fail to add MMCONFIG information, can't access extended PCI configuration space under this bridge.
Aug 25 11:13:51 isucon-summer-0-10 kernel: [    0.089847] acpiphp: Slot [1] registered
Aug 25 11:13:51 isucon-summer-0-10 kernel: [    0.089873] acpiphp: Slot [2] registered
Aug 25 11:13:51 isucon-summer-0-10 kernel: [    0.089890] acpiphp: Slot [3] registered
Aug 25 11:13:51 isucon-summer-0-10 kernel: [    0.089925] acpiphp: Slot [4] registered
Aug 25 11:13:51 isucon-summer-0-10 kernel: [    0.089946] acpiphp: Slot [5] registered
Aug 25 11:13:51 isucon-summer-0-10 kernel: [    0.089963] acpiphp: Slot [6] registered
Aug 25 11:13:51 isucon-summer-0-10 kernel: [    0.089979] acpiphp: Slot [7] registered
Aug 25 11:13:51 isucon-summer-0-10 kernel: [    0.089995] acpiphp: Slot [8] registered
Aug 25 11:13:51 isucon-summer-0-10 kernel: [    0.090010] acpiphp: Slot [9] registered
Aug 25 11:13:51 isucon-summer-0-10 kernel: [    0.090025] acpiphp: Slot [10] registered
Aug 25 11:13:51 isucon-summer-0-10 kernel: [    0.090041] acpiphp: Slot [11] registered
Aug 25 11:13:51 isucon-summer-0-10 kernel: [    0.090057] acpiphp: Slot [12] registered
Aug 25 11:13:51 isucon-summer-0-10 kernel: [    0.090073] acpiphp: Slot [13] registered
Aug 25 11:13:51 isucon-summer-0-10 kernel: [    0.090089] acpiphp: Slot [14] registered
Aug 25 11:13:51 isucon-summer-0-10 kernel: [    0.090105] acpiphp: Slot [15] registered
Aug 25 11:13:51 isucon-summer-0-10 kernel: [    0.090120] acpiphp: Slot [16] registered
Aug 25 11:13:51 isucon-summer-0-10 kernel: [    0.090136] acpiphp: Slot [17] registered
Aug 25 11:13:51 isucon-summer-0-10 kernel: [    0.090151] acpiphp: Slot [18] registered
Aug 25 11:13:51 isucon-summer-0-10 kernel: [    0.090166] acpiphp: Slot [19] registered
Aug 25 11:13:51 isucon-summer-0-10 kernel: [    0.090183] acpiphp: Slot [20] registered
Aug 25 11:13:51 isucon-summer-0-10 kernel: [    0.090198] acpiphp: Slot [21] registered
Aug 25 11:13:51 isucon-summer-0-10 kernel: [    0.090215] acpiphp: Slot [22] registered
Aug 25 11:13:51 isucon-summer-0-10 kernel: [    0.090231] acpiphp: Slot [23] registered
Aug 25 11:13:51 isucon-summer-0-10 kernel: [    0.090246] acpiphp: Slot [24] registered
Aug 25 11:13:51 isucon-summer-0-10 kernel: [    0.090261] acpiphp: Slot [25] registered
Aug 25 11:13:51 isucon-summer-0-10 kernel: [    0.090277] acpiphp: Slot [26] registered
Aug 25 11:13:51 isucon-summer-0-10 kernel: [    0.090294] acpiphp: Slot [27] registered
Aug 25 11:13:51 isucon-summer-0-10 kernel: [    0.090309] acpiphp: Slot [28] registered
Aug 25 11:13:51 isucon-summer-0-10 kernel: [    0.090325] acpiphp: Slot [29] registered
Aug 25 11:13:51 isucon-summer-0-10 kernel: [    0.090340] acpiphp: Slot [30] registered
Aug 25 11:13:51 isucon-summer-0-10 kernel: [    0.090357] acpiphp: Slot [31] registered
Aug 25 11:13:51 isucon-summer-0-10 kernel: [    0.090616] PCI host bridge to bus 0000:00
Aug 25 11:13:51 isucon-summer-0-10 kernel: [    0.090619] pci_bus 0000:00: root bus resource [io  0x0000-0x0cf7 window]
Aug 25 11:13:51 isucon-summer-0-10 kernel: [    0.090620] pci_bus 0000:00: root bus resource [io  0x0d00-0xffff window]
Aug 25 11:13:51 isucon-summer-0-10 kernel: [    0.090622] pci_bus 0000:00: root bus resource [mem 0x000a0000-0x000bffff window]
Aug 25 11:13:51 isucon-summer-0-10 kernel: [    0.090624] pci_bus 0000:00: root bus resource [mem 0xe0000000-0xfebfffff window]
Aug 25 11:13:51 isucon-summer-0-10 kernel: [    0.090627] pci_bus 0000:00: root bus resource [bus 00-ff]
Aug 25 11:13:51 isucon-summer-0-10 kernel: [    0.090680] pci 0000:00:00.0: [8086:1237] type 00 class 0x060000
Aug 25 11:13:51 isucon-summer-0-10 kernel: [    0.091067] pci 0000:00:01.0: [8086:7000] type 00 class 0x060100
Aug 25 11:13:51 isucon-summer-0-10 kernel: [    0.091521] pci 0000:00:01.1: [8086:7010] type 00 class 0x010180
Aug 25 11:13:51 isucon-summer-0-10 kernel: [    0.091771] pci 0000:00:01.1: reg 0x20: [io  0xc000-0xc00f]
Aug 25 11:13:51 isucon-summer-0-10 kernel: [    0.091871] pci 0000:00:01.1: legacy IDE quirk: reg 0x10: [io  0x01f0-0x01f7]
Aug 25 11:13:51 isucon-summer-0-10 kernel: [    0.091872] pci 0000:00:01.1: legacy IDE quirk: reg 0x14: [io  0x03f6]
Aug 25 11:13:51 isucon-summer-0-10 kernel: [    0.091873] pci 0000:00:01.1: legacy IDE quirk: reg 0x18: [io  0x0170-0x0177]
Aug 25 11:13:51 isucon-summer-0-10 kernel: [    0.091875] pci 0000:00:01.1: legacy IDE quirk: reg 0x1c: [io  0x0376]
Aug 25 11:13:51 isucon-summer-0-10 kernel: [    0.092042] pci 0000:00:01.2: [8086:7020] type 00 class 0x0c0300
Aug 25 11:13:51 isucon-summer-0-10 kernel: [    0.092276] pci 0000:00:01.2: reg 0x20: [io  0xc020-0xc03f]
Aug 25 11:13:51 isucon-summer-0-10 kernel: [    0.092518] pci 0000:00:01.3: [8086:7113] type 00 class 0x068000
Aug 25 11:13:51 isucon-summer-0-10 kernel: [    0.092922] pci 0000:00:01.3: quirk: [io  0xb000-0xb03f] claimed by PIIX4 ACPI
Aug 25 11:13:51 isucon-summer-0-10 kernel: [    0.092937] pci 0000:00:01.3: quirk: [io  0xb100-0xb10f] claimed by PIIX4 SMB
Aug 25 11:13:51 isucon-summer-0-10 kernel: [    0.093137] pci 0000:00:02.0: [1013:00b8] type 00 class 0x030000
Aug 25 11:13:51 isucon-summer-0-10 kernel: [    0.100015] pci 0000:00:02.0: reg 0x10: [mem 0xf0000000-0xf1ffffff pref]
Aug 25 11:13:51 isucon-summer-0-10 kernel: [    0.108016] pci 0000:00:02.0: reg 0x14: [mem 0xf2000000-0xf2000fff]
Aug 25 11:13:51 isucon-summer-0-10 kernel: [    0.148016] pci 0000:00:02.0: reg 0x30: [mem 0xf2010000-0xf201ffff pref]
Aug 25 11:13:51 isucon-summer-0-10 kernel: [    0.148287] pci 0000:00:03.0: [1af4:1000] type 00 class 0x020000
Aug 25 11:13:51 isucon-summer-0-10 kernel: [    0.148439] pci 0000:00:03.0: reg 0x10: [io  0xc040-0xc05f]
Aug 25 11:13:51 isucon-summer-0-10 kernel: [    0.148510] pci 0000:00:03.0: reg 0x14: [mem 0xf2020000-0xf2020fff]
Aug 25 11:13:51 isucon-summer-0-10 kernel: [    0.148886] pci 0000:00:03.0: reg 0x30: [mem 0xf2030000-0xf203ffff pref]
Aug 25 11:13:51 isucon-summer-0-10 kernel: [    0.149127] pci 0000:00:04.0: [1af4:1002] type 00 class 0x050000
Aug 25 11:13:51 isucon-summer-0-10 kernel: [    0.149201] pci 0000:00:04.0: reg 0x10: [io  0xc060-0xc07f]
Aug 25 11:13:51 isucon-summer-0-10 kernel: [    0.149645] pci 0000:00:05.0: [1af4:1001] type 00 class 0x010000
Aug 25 11:13:51 isucon-summer-0-10 kernel: [    0.149813] pci 0000:00:05.0: reg 0x10: [io  0xc080-0xc0bf]
Aug 25 11:13:51 isucon-summer-0-10 kernel: [    0.149881] pci 0000:00:05.0: reg 0x14: [mem 0xf2040000-0xf2040fff]
Aug 25 11:13:51 isucon-summer-0-10 kernel: [    0.150834] ACPI: PCI Interrupt Link [LNKA] (IRQs 5 *10 11)
Aug 25 11:13:51 isucon-summer-0-10 kernel: [    0.150901] ACPI: PCI Interrupt Link [LNKB] (IRQs 5 *10 11)
Aug 25 11:13:51 isucon-summer-0-10 kernel: [    0.150970] ACPI: PCI Interrupt Link [LNKC] (IRQs 5 10 *11)
Aug 25 11:13:51 isucon-summer-0-10 kernel: [    0.151039] ACPI: PCI Interrupt Link [LNKD] (IRQs 5 10 *11)
Aug 25 11:13:51 isucon-summer-0-10 kernel: [    0.151085] ACPI: PCI Interrupt Link [LNKS] (IRQs *9)
Aug 25 11:13:51 isucon-summer-0-10 kernel: [    0.151432] ACPI: Enabled 16 GPEs in block 00 to 0F
Aug 25 11:13:51 isucon-summer-0-10 kernel: [    0.152024] vgaarb: setting as boot device: PCI:0000:00:02.0
Aug 25 11:13:51 isucon-summer-0-10 kernel: [    0.152026] vgaarb: device added: PCI:0000:00:02.0,decodes=io+mem,owns=io+mem,locks=none
Aug 25 11:13:51 isucon-summer-0-10 kernel: [    0.152028] vgaarb: loaded
Aug 25 11:13:51 isucon-summer-0-10 kernel: [    0.152029] vgaarb: bridge control possible 0000:00:02.0
Aug 25 11:13:51 isucon-summer-0-10 kernel: [    0.152269] SCSI subsystem initialized
Aug 25 11:13:51 isucon-summer-0-10 kernel: [    0.152322] libata version 3.00 loaded.
Aug 25 11:13:51 isucon-summer-0-10 kernel: [    0.152322] ACPI: bus type USB registered
Aug 25 11:13:51 isucon-summer-0-10 kernel: [    0.152322] usbcore: registered new interface driver usbfs
Aug 25 11:13:51 isucon-summer-0-10 kernel: [    0.152322] usbcore: registered new interface driver hub
Aug 25 11:13:51 isucon-summer-0-10 kernel: [    0.152322] usbcore: registered new device driver usb
Aug 25 11:13:51 isucon-summer-0-10 kernel: [    0.152322] ioremap error for 0xbffff000-0xc0000000, requested 0x2, got 0x0
Aug 25 11:13:51 isucon-summer-0-10 kernel: [    0.152322] dmi: Firmware registration failed.
Aug 25 11:13:51 isucon-summer-0-10 kernel: [    0.152322] PCI: Using ACPI for IRQ routing
Aug 25 11:13:51 isucon-summer-0-10 kernel: [    0.152322] PCI: pci_cache_line_size set to 64 bytes
Aug 25 11:13:51 isucon-summer-0-10 kernel: [    0.152322] e820: reserve RAM buffer [mem 0x0009dc00-0x0009ffff]
Aug 25 11:13:51 isucon-summer-0-10 kernel: [    0.152322] e820: reserve RAM buffer [mem 0xbfffd000-0xbfffffff]
Aug 25 11:13:51 isucon-summer-0-10 kernel: [    0.152322] NetLabel: Initializing
Aug 25 11:13:51 isucon-summer-0-10 kernel: [    0.152322] NetLabel:  domain hash size = 128
Aug 25 11:13:51 isucon-summer-0-10 kernel: [    0.152322] NetLabel:  protocols = UNLABELED CIPSOv4
Aug 25 11:13:51 isucon-summer-0-10 kernel: [    0.152322] NetLabel:  unlabeled traffic allowed by default
Aug 25 11:13:51 isucon-summer-0-10 kernel: [    0.152342] amd_nb: Cannot enumerate AMD northbridges
Aug 25 11:13:51 isucon-summer-0-10 kernel: [    0.152342] clocksource: Switched to clocksource kvm-clock
Aug 25 11:13:51 isucon-summer-0-10 kernel: [    0.158307] AppArmor: AppArmor Filesystem Enabled
Aug 25 11:13:51 isucon-summer-0-10 kernel: [    0.158386] pnp: PnP ACPI init
Aug 25 11:13:51 isucon-summer-0-10 kernel: [    0.158473] pnp 00:00: Plug and Play ACPI device, IDs PNP0b00 (active)
Aug 25 11:13:51 isucon-summer-0-10 kernel: [    0.158523] pnp 00:01: Plug and Play ACPI device, IDs PNP0303 (active)
Aug 25 11:13:51 isucon-summer-0-10 kernel: [    0.158555] pnp 00:02: Plug and Play ACPI device, IDs PNP0f13 (active)
Aug 25 11:13:51 isucon-summer-0-10 kernel: [    0.158574] pnp 00:03: [dma 2]
Aug 25 11:13:51 isucon-summer-0-10 kernel: [    0.158593] pnp 00:03: Plug and Play ACPI device, IDs PNP0700 (active)
Aug 25 11:13:51 isucon-summer-0-10 kernel: [    0.158692] pnp 00:04: Plug and Play ACPI device, IDs PNP0501 (active)
Aug 25 11:13:51 isucon-summer-0-10 kernel: [    0.158835] pnp: PnP ACPI: found 5 devices
Aug 25 11:13:51 isucon-summer-0-10 kernel: [    0.166758] clocksource: acpi_pm: mask: 0xffffff max_cycles: 0xffffff, max_idle_ns: 2085701024 ns
Aug 25 11:13:51 isucon-summer-0-10 kernel: [    0.166783] pci_bus 0000:00: resource 4 [io  0x0000-0x0cf7 window]
Aug 25 11:13:51 isucon-summer-0-10 kernel: [    0.166785] pci_bus 0000:00: resource 5 [io  0x0d00-0xffff window]
Aug 25 11:13:51 isucon-summer-0-10 kernel: [    0.166786] pci_bus 0000:00: resource 6 [mem 0x000a0000-0x000bffff window]
Aug 25 11:13:51 isucon-summer-0-10 kernel: [    0.166788] pci_bus 0000:00: resource 7 [mem 0xe0000000-0xfebfffff window]
Aug 25 11:13:51 isucon-summer-0-10 kernel: [    0.166822] NET: Registered protocol family 2
Aug 25 11:13:51 isucon-summer-0-10 kernel: [    0.167026] TCP established hash table entries: 32768 (order: 6, 262144 bytes)
Aug 25 11:13:51 isucon-summer-0-10 kernel: [    0.167104] TCP bind hash table entries: 32768 (order: 7, 524288 bytes)
Aug 25 11:13:51 isucon-summer-0-10 kernel: [    0.167167] TCP: Hash tables configured (established 32768 bind 32768)
Aug 25 11:13:51 isucon-summer-0-10 kernel: [    0.167197] UDP hash table entries: 2048 (order: 4, 65536 bytes)
Aug 25 11:13:51 isucon-summer-0-10 kernel: [    0.167211] UDP-Lite hash table entries: 2048 (order: 4, 65536 bytes)
Aug 25 11:13:51 isucon-summer-0-10 kernel: [    0.167259] NET: Registered protocol family 1
Aug 25 11:13:51 isucon-summer-0-10 kernel: [    0.167273] pci 0000:00:00.0: Limiting direct PCI/PCI transfers
Aug 25 11:13:51 isucon-summer-0-10 kernel: [    0.167289] pci 0000:00:01.0: PIIX3: Enabling Passive Release
Aug 25 11:13:51 isucon-summer-0-10 kernel: [    0.167305] pci 0000:00:01.0: Activating ISA DMA hang workarounds
Aug 25 11:13:51 isucon-summer-0-10 kernel: [    0.167553] ACPI: PCI Interrupt Link [LNKD] enabled at IRQ 11
Aug 25 11:13:51 isucon-summer-0-10 kernel: [    0.167802] pci 0000:00:02.0: Video device with shadowed ROM
Aug 25 11:13:51 isucon-summer-0-10 kernel: [    0.167830] PCI: CLS 0 bytes, default 64
Aug 25 11:13:51 isucon-summer-0-10 kernel: [    0.167878] Unpacking initramfs...
Aug 25 11:13:51 isucon-summer-0-10 kernel: [    0.678595] Freeing initrd memory: 33288K (ffff880033eec000 - ffff880035f6e000)
Aug 25 11:13:51 isucon-summer-0-10 kernel: [    0.679675] RAPL PMU detected, API unit is 2^-32 Joules, 3 fixed counters 10737418240 ms ovfl timer
Aug 25 11:13:51 isucon-summer-0-10 kernel: [    0.679678] hw unit of domain pp0-core 2^-0 Joules
Aug 25 11:13:51 isucon-summer-0-10 kernel: [    0.679679] hw unit of domain package 2^-0 Joules
Aug 25 11:13:51 isucon-summer-0-10 kernel: [    0.679680] hw unit of domain dram 2^-0 Joules
Aug 25 11:13:51 isucon-summer-0-10 kernel: [    0.679799] Scanning for low memory corruption every 60 seconds
Aug 25 11:13:51 isucon-summer-0-10 kernel: [    0.680181] audit: initializing netlink subsys (disabled)
Aug 25 11:13:51 isucon-summer-0-10 kernel: [    0.680201] audit: type=2000 audit(1503627231.498:1): initialized
Aug 25 11:13:51 isucon-summer-0-10 kernel: [    0.680517] Initialise system trusted keyring
Aug 25 11:13:51 isucon-summer-0-10 kernel: [    0.680711] HugeTLB registered 1 GB page size, pre-allocated 0 pages
Aug 25 11:13:51 isucon-summer-0-10 kernel: [    0.680712] HugeTLB registered 2 MB page size, pre-allocated 0 pages
Aug 25 11:13:51 isucon-summer-0-10 kernel: [    0.682110] zbud: loaded
Aug 25 11:13:51 isucon-summer-0-10 kernel: [    0.682327] VFS: Disk quotas dquot_6.6.0
Aug 25 11:13:51 isucon-summer-0-10 kernel: [    0.682357] VFS: Dquot-cache hash table entries: 512 (order 0, 4096 bytes)
Aug 25 11:13:51 isucon-summer-0-10 kernel: [    0.682615] squashfs: version 4.0 (2009/01/31) Phillip Lougher
Aug 25 11:13:51 isucon-summer-0-10 kernel: [    0.682921] fuse init (API version 7.23)
Aug 25 11:13:51 isucon-summer-0-10 kernel: [    0.683049] Key type big_key registered
Aug 25 11:13:51 isucon-summer-0-10 kernel: [    0.683064] Allocating IMA MOK and blacklist keyrings.
Aug 25 11:13:51 isucon-summer-0-10 kernel: [    0.683764] Key type asymmetric registered
Aug 25 11:13:51 isucon-summer-0-10 kernel: [    0.683767] Asymmetric key parser 'x509' registered
Aug 25 11:13:51 isucon-summer-0-10 kernel: [    0.683803] Block layer SCSI generic (bsg) driver version 0.4 loaded (major 249)
Aug 25 11:13:51 isucon-summer-0-10 kernel: [    0.683836] io scheduler noop registered (default)
Aug 25 11:13:51 isucon-summer-0-10 kernel: [    0.683839] io scheduler deadline registered
Aug 25 11:13:51 isucon-summer-0-10 kernel: [    0.683867] io scheduler cfq registered
Aug 25 11:13:51 isucon-summer-0-10 kernel: [    0.683956] pci_hotplug: PCI Hot Plug PCI Core version: 0.5
Aug 25 11:13:51 isucon-summer-0-10 kernel: [    0.683962] pciehp: PCI Express Hot Plug Controller Driver version: 0.4
Aug 25 11:13:51 isucon-summer-0-10 kernel: [    0.683987] efifb: probing for efifb
Aug 25 11:13:51 isucon-summer-0-10 kernel: [    0.683997] efifb: framebuffer at 0xf0000000, mapped to 0xffffc90000800000, using 1408k, total 1408k
Aug 25 11:13:51 isucon-summer-0-10 kernel: [    0.683999] efifb: mode is 800x600x24, linelength=2400, pages=1
Aug 25 11:13:51 isucon-summer-0-10 kernel: [    0.683999] efifb: scrolling: redraw
Aug 25 11:13:51 isucon-summer-0-10 kernel: [    0.684018] efifb: Truecolor: size=0:8:8:8, shift=0:16:8:0
Aug 25 11:13:51 isucon-summer-0-10 kernel: [    0.686399] Console: switching to colour frame buffer device 100x37
Aug 25 11:13:51 isucon-summer-0-10 kernel: [    0.688108] fb0: EFI VGA frame buffer device
Aug 25 11:13:51 isucon-summer-0-10 kernel: [    0.688121] intel_idle: does not run on family 6 model 45
Aug 25 11:13:51 isucon-summer-0-10 kernel: [    0.688188] input: Power Button as /devices/LNXSYSTM:00/LNXPWRBN:00/input/input0
Aug 25 11:13:51 isucon-summer-0-10 kernel: [    0.688192] ACPI: Power Button [PWRF]
Aug 25 11:13:51 isucon-summer-0-10 kernel: [    0.688494] GHES: HEST is not enabled!
Aug 25 11:13:51 isucon-summer-0-10 kernel: [    0.688768] ACPI: PCI Interrupt Link [LNKC] enabled at IRQ 10
Aug 25 11:13:51 isucon-summer-0-10 kernel: [    0.688806] virtio-pci 0000:00:03.0: virtio_pci: leaving for legacy driver
Aug 25 11:13:51 isucon-summer-0-10 kernel: [    0.689033] virtio-pci 0000:00:04.0: virtio_pci: leaving for legacy driver
Aug 25 11:13:51 isucon-summer-0-10 kernel: [    0.689272] ACPI: PCI Interrupt Link [LNKA] enabled at IRQ 10
Aug 25 11:13:51 isucon-summer-0-10 kernel: [    0.689305] virtio-pci 0000:00:05.0: virtio_pci: leaving for legacy driver
Aug 25 11:13:51 isucon-summer-0-10 kernel: [    0.689855] Serial: 8250/16550 driver, 32 ports, IRQ sharing enabled
Aug 25 11:13:51 isucon-summer-0-10 kernel: [    0.711181] 00:04: ttyS0 at I/O 0x3f8 (irq = 4, base_baud = 115200) is a 16550A
Aug 25 11:13:51 isucon-summer-0-10 kernel: [    0.712388] Linux agpgart interface v0.103
Aug 25 11:13:51 isucon-summer-0-10 kernel: [    0.714126] loop: module loaded
Aug 25 11:13:51 isucon-summer-0-10 kernel: [    0.744084]  vda: vda1 vda2 vda3
Aug 25 11:13:51 isucon-summer-0-10 kernel: [    0.744510] ata_piix 0000:00:01.1: version 2.13
Aug 25 11:13:51 isucon-summer-0-10 kernel: [    0.745154] scsi host0: ata_piix
Aug 25 11:13:51 isucon-summer-0-10 kernel: [    0.745394] scsi host1: ata_piix
Aug 25 11:13:51 isucon-summer-0-10 kernel: [    0.745475] ata1: PATA max MWDMA2 cmd 0x1f0 ctl 0x3f6 bmdma 0xc000 irq 14
Aug 25 11:13:51 isucon-summer-0-10 kernel: [    0.745477] ata2: PATA max MWDMA2 cmd 0x170 ctl 0x376 bmdma 0xc008 irq 15
Aug 25 11:13:51 isucon-summer-0-10 kernel: [    0.745642] libphy: Fixed MDIO Bus: probed
Aug 25 11:13:51 isucon-summer-0-10 kernel: [    0.745647] tun: Universal TUN/TAP device driver, 1.6
Aug 25 11:13:51 isucon-summer-0-10 kernel: [    0.745647] tun: (C) 1999-2004 Max Krasnyansky <maxk@qualcomm.com>
Aug 25 11:13:51 isucon-summer-0-10 kernel: [    0.802030] PPP generic driver version 2.4.2
Aug 25 11:13:51 isucon-summer-0-10 kernel: [    0.802137] ehci_hcd: USB 2.0 'Enhanced' Host Controller (EHCI) Driver
Aug 25 11:13:51 isucon-summer-0-10 kernel: [    0.802143] ehci-pci: EHCI PCI platform driver
Aug 25 11:13:51 isucon-summer-0-10 kernel: [    0.802155] ehci-platform: EHCI generic platform driver
Aug 25 11:13:51 isucon-summer-0-10 kernel: [    0.802163] ohci_hcd: USB 1.1 'Open' Host Controller (OHCI) Driver
Aug 25 11:13:51 isucon-summer-0-10 kernel: [    0.802167] ohci-pci: OHCI PCI platform driver
Aug 25 11:13:51 isucon-summer-0-10 kernel: [    0.802175] ohci-platform: OHCI generic platform driver
Aug 25 11:13:51 isucon-summer-0-10 kernel: [    0.802182] uhci_hcd: USB Universal Host Controller Interface driver
Aug 25 11:13:51 isucon-summer-0-10 kernel: [    0.802408] uhci_hcd 0000:00:01.2: UHCI Host Controller
Aug 25 11:13:51 isucon-summer-0-10 kernel: [    0.802416] uhci_hcd 0000:00:01.2: new USB bus registered, assigned bus number 1
Aug 25 11:13:51 isucon-summer-0-10 kernel: [    0.802430] uhci_hcd 0000:00:01.2: detected 2 ports
Aug 25 11:13:51 isucon-summer-0-10 kernel: [    0.802477] uhci_hcd 0000:00:01.2: irq 11, io base 0x0000c020
Aug 25 11:13:51 isucon-summer-0-10 kernel: [    0.802554] usb usb1: New USB device found, idVendor=1d6b, idProduct=0001
Aug 25 11:13:51 isucon-summer-0-10 kernel: [    0.802556] usb usb1: New USB device strings: Mfr=3, Product=2, SerialNumber=1
Aug 25 11:13:51 isucon-summer-0-10 kernel: [    0.802557] usb usb1: Product: UHCI Host Controller
Aug 25 11:13:51 isucon-summer-0-10 kernel: [    0.802558] usb usb1: Manufacturer: Linux 4.4.0-91-generic uhci_hcd
Aug 25 11:13:51 isucon-summer-0-10 kernel: [    0.802560] usb usb1: SerialNumber: 0000:00:01.2
Aug 25 11:13:51 isucon-summer-0-10 kernel: [    0.802658] hub 1-0:1.0: USB hub found
Aug 25 11:13:51 isucon-summer-0-10 kernel: [    0.802665] hub 1-0:1.0: 2 ports detected
Aug 25 11:13:51 isucon-summer-0-10 kernel: [    0.802814] i8042: PNP: PS/2 Controller [PNP0303:KBD,PNP0f13:MOU] at 0x60,0x64 irq 1,12
Aug 25 11:13:51 isucon-summer-0-10 kernel: [    0.803421] serio: i8042 KBD port at 0x60,0x64 irq 1
Aug 25 11:13:51 isucon-summer-0-10 kernel: [    0.803426] serio: i8042 AUX port at 0x60,0x64 irq 12
Aug 25 11:13:51 isucon-summer-0-10 kernel: [    0.803535] mousedev: PS/2 mouse device common for all mice
Aug 25 11:13:51 isucon-summer-0-10 kernel: [    0.803719] rtc_cmos 00:00: RTC can wake from S4
Aug 25 11:13:51 isucon-summer-0-10 kernel: [    0.803991] input: AT Translated Set 2 keyboard as /devices/platform/i8042/serio0/input/input1
Aug 25 11:13:51 isucon-summer-0-10 kernel: [    0.804231] rtc_cmos 00:00: rtc core: registered rtc_cmos as rtc0
Aug 25 11:13:51 isucon-summer-0-10 kernel: [    0.804301] rtc_cmos 00:00: alarms up to one day, 114 bytes nvram
Aug 25 11:13:51 isucon-summer-0-10 kernel: [    0.804309] i2c /dev entries driver
Aug 25 11:13:51 isucon-summer-0-10 kernel: [    0.804358] device-mapper: uevent: version 1.0.3
Aug 25 11:13:51 isucon-summer-0-10 kernel: [    0.804420] device-mapper: ioctl: 4.34.0-ioctl (2015-10-28) initialised: dm-devel@redhat.com
Aug 25 11:13:51 isucon-summer-0-10 kernel: [    0.804438] ledtrig-cpu: registered to indicate activity on CPUs
Aug 25 11:13:51 isucon-summer-0-10 kernel: [    0.804871] NET: Registered protocol family 10
Aug 25 11:13:51 isucon-summer-0-10 kernel: [    0.805083] NET: Registered protocol family 17
Aug 25 11:13:51 isucon-summer-0-10 kernel: [    0.805093] Key type dns_resolver registered
Aug 25 11:13:51 isucon-summer-0-10 kernel: [    0.805306] microcode: CPU0 sig=0x206d7, pf=0x1, revision=0x1
Aug 25 11:13:51 isucon-summer-0-10 kernel: [    0.805315] microcode: CPU1 sig=0x206d7, pf=0x1, revision=0x1
Aug 25 11:13:51 isucon-summer-0-10 kernel: [    0.805342] microcode: CPU2 sig=0x206d7, pf=0x1, revision=0x1
Aug 25 11:13:51 isucon-summer-0-10 kernel: [    0.805373] microcode: Microcode Update Driver: v2.01 <tigran@aivazian.fsnet.co.uk>, Peter Oruba
Aug 25 11:13:51 isucon-summer-0-10 kernel: [    0.805524] registered taskstats version 1
Aug 25 11:13:51 isucon-summer-0-10 kernel: [    0.805543] Loading compiled-in X.509 certificates
Aug 25 11:13:51 isucon-summer-0-10 kernel: [    0.806409] Loaded X.509 cert 'Build time autogenerated kernel key: 0777615d5208f86b8b4bd2fb3aecc97a191f2831'
Aug 25 11:13:51 isucon-summer-0-10 kernel: [    0.806429] zswap: loaded using pool lzo/zbud
Aug 25 11:13:51 isucon-summer-0-10 kernel: [    0.808210] Key type trusted registered
Aug 25 11:13:51 isucon-summer-0-10 kernel: [    0.811188] Key type encrypted registered
Aug 25 11:13:51 isucon-summer-0-10 kernel: [    0.811195] AppArmor: AppArmor sha1 policy hashing enabled
Aug 25 11:13:51 isucon-summer-0-10 kernel: [    0.811198] ima: No TPM chip found, activating TPM-bypass!
Aug 25 11:13:51 isucon-summer-0-10 kernel: [    0.811220] evm: HMAC attrs: 0x1
Aug 25 11:13:51 isucon-summer-0-10 kernel: [    0.811453]   Magic number: 13:268:208
Aug 25 11:13:51 isucon-summer-0-10 kernel: [    0.811478] vc vcsa: hash matches
Aug 25 11:13:51 isucon-summer-0-10 kernel: [    0.811669] rtc_cmos 00:00: setting system clock to 2017-08-25 02:13:50 UTC (1503627230)
Aug 25 11:13:51 isucon-summer-0-10 kernel: [    0.811816] BIOS EDD facility v0.16 2004-Jun-25, 0 devices found
Aug 25 11:13:51 isucon-summer-0-10 kernel: [    0.811818] EDD information not available.
Aug 25 11:13:51 isucon-summer-0-10 kernel: [    0.900450] ata1.01: ATAPI: QEMU DVD-ROM, 0.12.1, max UDMA/100
Aug 25 11:13:51 isucon-summer-0-10 kernel: [    0.900881] ata1.01: configured for MWDMA2
Aug 25 11:13:51 isucon-summer-0-10 kernel: [    0.901426] scsi 0:0:1:0: CD-ROM            QEMU     QEMU DVD-ROM     0.12 PQ: 0 ANSI: 5
Aug 25 11:13:51 isucon-summer-0-10 kernel: [    0.908595] sr 0:0:1:0: [sr0] scsi3-mmc drive: 4x/4x xa/form2 tray
Aug 25 11:13:51 isucon-summer-0-10 kernel: [    0.908600] cdrom: Uniform CD-ROM driver Revision: 3.20
Aug 25 11:13:51 isucon-summer-0-10 kernel: [    0.908791] sr 0:0:1:0: Attached scsi CD-ROM sr0
Aug 25 11:13:51 isucon-summer-0-10 kernel: [    0.908914] sr 0:0:1:0: Attached scsi generic sg0 type 5
Aug 25 11:13:51 isucon-summer-0-10 kernel: [    0.924317] ata2.01: NODEV after polling detection
Aug 25 11:13:51 isucon-summer-0-10 kernel: [    0.924539] ata2.00: ATAPI: QEMU DVD-ROM, 0.12.1, max UDMA/100
Aug 25 11:13:51 isucon-summer-0-10 kernel: [    0.924928] ata2.00: configured for MWDMA2
Aug 25 11:13:51 isucon-summer-0-10 kernel: [    0.925354] scsi 1:0:0:0: CD-ROM            QEMU     QEMU DVD-ROM     0.12 PQ: 0 ANSI: 5
Aug 25 11:13:51 isucon-summer-0-10 kernel: [    0.932407] sr 1:0:0:0: [sr1] scsi3-mmc drive: 4x/4x xa/form2 tray
Aug 25 11:13:51 isucon-summer-0-10 kernel: [    0.932602] sr 1:0:0:0: Attached scsi CD-ROM sr1
Aug 25 11:13:51 isucon-summer-0-10 kernel: [    0.932878] sr 1:0:0:0: Attached scsi generic sg1 type 5
Aug 25 11:13:51 isucon-summer-0-10 kernel: [    0.934355] Freeing unused kernel memory: 1488K (ffffffff81f45000 - ffffffff820b9000)
Aug 25 11:13:51 isucon-summer-0-10 kernel: [    0.934358] Write protecting the kernel read-only data: 14336k
Aug 25 11:13:51 isucon-summer-0-10 kernel: [    0.935125] Freeing unused kernel memory: 1752K (ffff88000184a000 - ffff880001a00000)
Aug 25 11:13:51 isucon-summer-0-10 kernel: [    0.935433] Freeing unused kernel memory: 112K (ffff880001de4000 - ffff880001e00000)
Aug 25 11:13:51 isucon-summer-0-10 kernel: [    0.945721] random: systemd-udevd: uninitialized urandom read (16 bytes read, 1 bits of entropy available)
Aug 25 11:13:51 isucon-summer-0-10 kernel: [    0.945824] random: systemd-udevd: uninitialized urandom read (16 bytes read, 1 bits of entropy available)
Aug 25 11:13:51 isucon-summer-0-10 kernel: [    0.945839] random: systemd-udevd: uninitialized urandom read (16 bytes read, 1 bits of entropy available)
Aug 25 11:13:51 isucon-summer-0-10 kernel: [    0.946292] random: udevadm: uninitialized urandom read (16 bytes read, 1 bits of entropy available)
Aug 25 11:13:51 isucon-summer-0-10 kernel: [    0.946336] random: udevadm: uninitialized urandom read (16 bytes read, 1 bits of entropy available)
Aug 25 11:13:51 isucon-summer-0-10 kernel: [    0.946516] random: udevadm: uninitialized urandom read (16 bytes read, 1 bits of entropy available)
Aug 25 11:13:51 isucon-summer-0-10 kernel: [    0.946565] random: udevadm: uninitialized urandom read (16 bytes read, 1 bits of entropy available)
Aug 25 11:13:51 isucon-summer-0-10 kernel: [    0.946614] random: udevadm: uninitialized urandom read (16 bytes read, 1 bits of entropy available)
Aug 25 11:13:51 isucon-summer-0-10 kernel: [    0.946663] random: udevadm: uninitialized urandom read (16 bytes read, 1 bits of entropy available)
Aug 25 11:13:51 isucon-summer-0-10 kernel: [    0.946710] random: udevadm: uninitialized urandom read (16 bytes read, 1 bits of entropy available)
Aug 25 11:13:51 isucon-summer-0-10 kernel: [    0.971652] Floppy drive(s): fd0 is 1.44M
Aug 25 11:13:51 isucon-summer-0-10 kernel: [    0.980418] [drm] Initialized drm 1.1.0 20060810
Aug 25 11:13:51 isucon-summer-0-10 kernel: [    0.984764] FDC 0 is a S82078B
Aug 25 11:13:51 isucon-summer-0-10 kernel: [    0.985537] input: VirtualPS/2 VMware VMMouse as /devices/platform/i8042/serio1/input/input4
Aug 25 11:13:51 isucon-summer-0-10 kernel: [    0.985867] input: VirtualPS/2 VMware VMMouse as /devices/platform/i8042/serio1/input/input3
Aug 25 11:13:51 isucon-summer-0-10 kernel: [    1.100892] EXT4-fs (vda3): mounted filesystem with ordered data mode. Opts: (null)
Aug 25 11:13:51 isucon-summer-0-10 kernel: [    1.116016] usb 1-1: new full-speed USB device number 2 using uhci_hcd
Aug 25 11:13:51 isucon-summer-0-10 kernel: [    1.449575] usb 1-1: New USB device found, idVendor=0627, idProduct=0001
Aug 25 11:13:51 isucon-summer-0-10 kernel: [    1.449578] usb 1-1: New USB device strings: Mfr=1, Product=3, SerialNumber=5
Aug 25 11:13:51 isucon-summer-0-10 kernel: [    1.449580] usb 1-1: Product: QEMU USB Tablet
Aug 25 11:13:51 isucon-summer-0-10 kernel: [    1.449582] usb 1-1: Manufacturer: QEMU 0.12.1
Aug 25 11:13:51 isucon-summer-0-10 kernel: [    1.449583] usb 1-1: SerialNumber: 42
Aug 25 11:13:51 isucon-summer-0-10 kernel: [    1.605697] hidraw: raw HID events driver (C) Jiri Kosina
Aug 25 11:13:51 isucon-summer-0-10 kernel: [    1.609928] EXT4-fs (vda3): re-mounted. Opts: errors=remount-ro
Aug 25 11:13:51 isucon-summer-0-10 kernel: [    1.617687] usbcore: registered new interface driver usbhid
Aug 25 11:13:51 isucon-summer-0-10 kernel: [    1.617690] usbhid: USB HID core driver
Aug 25 11:13:51 isucon-summer-0-10 kernel: [    1.624035] input: QEMU 0.12.1 QEMU USB Tablet as /devices/pci0000:00/0000:00:01.2/usb1/1-1/1-1:1.0/0003:0627:0001.0001/input/input5
Aug 25 11:13:51 isucon-summer-0-10 kernel: [    1.626113] hid-generic 0003:0627:0001.0001: input,hidraw0: USB HID v0.01 Pointer [QEMU 0.12.1 QEMU USB Tablet] on usb-0000:00:01.2-1/input0
Aug 25 11:13:51 isucon-summer-0-10 kernel: [    1.676089] tsc: Refined TSC clocksource calibration: 2499.946 MHz
Aug 25 11:13:51 isucon-summer-0-10 kernel: [    1.676093] clocksource: tsc: mask: 0xffffffffffffffff max_cycles: 0x240906e6e39, max_idle_ns: 440795256645 ns
Aug 25 11:13:51 isucon-summer-0-10 kernel: [    1.763093] piix4_smbus 0000:00:01.3: SMBus Host Controller at 0xb100, revision 0
Aug 25 11:13:51 isucon-summer-0-10 kernel: [    1.780550] audit: type=1400 audit(1503627231.468:2): apparmor="STATUS" operation="profile_load" profile="unconfined" name="/usr/sbin/ntpd" pid=401 comm="apparmor_parser"
Aug 25 11:13:51 isucon-summer-0-10 kernel: [    1.782546] audit: type=1400 audit(1503627231.468:3): apparmor="STATUS" operation="profile_load" profile="unconfined" name="/usr/sbin/mysqld" pid=400 comm="apparmor_parser"
Aug 25 11:13:51 isucon-summer-0-10 kernel: [    1.783659] audit: type=1400 audit(1503627231.468:4): apparmor="STATUS" operation="profile_load" profile="unconfined" name="/sbin/dhclient" pid=399 comm="apparmor_parser"
Aug 25 11:13:51 isucon-summer-0-10 kernel: [    1.783665] audit: type=1400 audit(1503627231.468:5): apparmor="STATUS" operation="profile_load" profile="unconfined" name="/usr/lib/NetworkManager/nm-dhcp-client.action" pid=399 comm="apparmor_parser"
Aug 25 11:13:51 isucon-summer-0-10 kernel: [    1.783672] audit: type=1400 audit(1503627231.468:6): apparmor="STATUS" operation="profile_load" profile="unconfined" name="/usr/lib/NetworkManager/nm-dhcp-helper" pid=399 comm="apparmor_parser"
Aug 25 11:13:51 isucon-summer-0-10 kernel: [    1.783674] audit: type=1400 audit(1503627231.468:7): apparmor="STATUS" operation="profile_load" profile="unconfined" name="/usr/lib/connman/scripts/dhclient-script" pid=399 comm="apparmor_parser"
Aug 25 11:13:51 isucon-summer-0-10 kernel: [    1.788171] audit: type=1400 audit(1503627231.476:8): apparmor="STATUS" operation="profile_load" profile="unconfined" name="/usr/sbin/tcpdump" pid=408 comm="apparmor_parser"
Aug 25 11:13:51 isucon-summer-0-10 kernel: [    1.821192] Adding 4194300k swap on /dev/vda2.  Priority:-1 extents:1 across:4194300k FS
Aug 25 11:13:51 isucon-summer-0-10 kernel: [    1.830556] AVX version of gcm_enc/dec engaged.
Aug 25 11:13:51 isucon-summer-0-10 kernel: [    1.830559] AES CTR mode by8 optimization enabled
Aug 25 11:13:51 isucon-summer-0-10 kernel: [    1.883855] intel_rapl: no valid rapl domains found in package 0
Aug 25 11:13:51 isucon-summer-0-10 rsyslogd-2039: Could not open output pipe '/dev/xconsole':: No such file or directory [v8.16.0 try http://www.rsyslog.com/e/2039 ]
Aug 25 11:13:51 isucon-summer-0-10 rsyslogd-2007: action 'action 10' suspended, next retry is Fri Aug 25 11:14:21 2017 [v8.16.0 try http://www.rsyslog.com/e/2007 ]
Aug 25 11:13:51 isucon-summer-0-10 kernel: [    1.922956] intel_rapl: no valid rapl domains found in package 0
Aug 25 11:13:51 isucon-summer-0-10 systemd[1]: Started System Logging Service.
Aug 25 11:13:51 isucon-summer-0-10 kernel: [    1.929902] ppdev: user-space parallel port driver
Aug 25 11:13:51 isucon-summer-0-10 sensors[539]: No sensors found!
Aug 25 11:13:51 isucon-summer-0-10 sensors[539]: Make sure you loaded all the kernel drivers you need.
Aug 25 11:13:51 isucon-summer-0-10 sensors[539]: Try sensors-detect to find out which these are.
Aug 25 11:13:51 isucon-summer-0-10 systemd[1]: Started Initialize hardware monitoring sensors.
Aug 25 11:13:51 isucon-summer-0-10 systemd[1]: Found device Virtio network device.
Aug 25 11:13:51 isucon-summer-0-10 irqbalance[427]:  * Starting SMP IRQ Balancer: irqbalance
Aug 25 11:13:51 isucon-summer-0-10 systemd[1]: Started LSB: Set the CPU Frequency Scaling governor to "ondemand".
Aug 25 11:13:51 isucon-summer-0-10 irqbalance[427]:    ...done.
Aug 25 11:13:51 isucon-summer-0-10 systemd[1]: Started Accounts Service.
Aug 25 11:13:51 isucon-summer-0-10 systemd[1]: Started LSB: daemon to balance interrupts for SMP systems.
Aug 25 11:13:51 isucon-summer-0-10 systemd[1]: Listening on Load/Save RF Kill Switch Status /dev/rfkill Watch.
Aug 25 11:13:51 isucon-summer-0-10 systemd[1]: Started Login Service.
Aug 25 11:13:51 isucon-summer-0-10 systemd[1]: Started LSB: Record successful boot for GRUB.
Aug 25 11:13:51 isucon-summer-0-10 acpid: starting up with netlink and the input layer
Aug 25 11:13:51 isucon-summer-0-10 acpid: 1 rule loaded
Aug 25 11:13:51 isucon-summer-0-10 acpid: waiting for events: event logging is off
Aug 25 11:13:51 isucon-summer-0-10 systemd[1]: Started Raise network interfaces.
Aug 25 11:13:51 isucon-summer-0-10 systemd[1]: Reached target Network.
Aug 25 11:13:51 isucon-summer-0-10 systemd[1]: Starting A high performance web server and a reverse proxy server...
Aug 25 11:13:51 isucon-summer-0-10 systemd[1]: Starting MySQL Community Server...
Aug 25 11:13:51 isucon-summer-0-10 systemd[1]: Starting OpenBSD Secure Shell server...
Aug 25 11:13:51 isucon-summer-0-10 systemd[1]: Reached target Network is Online.
Aug 25 11:13:51 isucon-summer-0-10 systemd[1]: Starting LSB: disk temperature monitoring daemon...
Aug 25 11:13:51 isucon-summer-0-10 systemd[1]: Starting /etc/rc.local Compatibility...
Aug 25 11:13:51 isucon-summer-0-10 systemd[1]: Started Daily apt download activities.
Aug 25 11:13:51 isucon-summer-0-10 systemd[1]: Started Daily apt upgrade and clean activities.
Aug 25 11:13:51 isucon-summer-0-10 systemd[1]: Reached target Timers.
Aug 25 11:13:51 isucon-summer-0-10 systemd[1]: Starting LSB: Start NTP daemon...
Aug 25 11:13:51 isucon-summer-0-10 systemd[1]: Starting LSB: Starts and daemonize Glances server...
Aug 25 11:13:51 isucon-summer-0-10 systemd[1]: Started /etc/rc.local Compatibility.
Aug 25 11:13:51 isucon-summer-0-10 systemd[1]: Started LSB: disk temperature monitoring daemon.
Aug 25 11:13:51 isucon-summer-0-10 ntp[651]:  * Starting NTP server ntpd
Aug 25 11:13:51 isucon-summer-0-10 glances[652]:  * Starting Glances server glances
Aug 25 11:13:51 isucon-summer-0-10 glances[652]:  * Not starting glances: disabled by /etc/default/glances.
Aug 25 11:13:51 isucon-summer-0-10 ntp[651]:    ...done.
Aug 25 11:13:51 isucon-summer-0-10 ntpd[680]: ntpd 4.2.8p4@1.3265-o Wed Jul 12 12:23:35 UTC 2017 (1): Starting
Aug 25 11:13:51 isucon-summer-0-10 ntpd[680]: Command line: /usr/sbin/ntpd -p /var/run/ntpd.pid -g -u 108:114
Aug 25 11:13:51 isucon-summer-0-10 systemd[1]: Starting Daily apt download activities...
Aug 25 11:13:51 isucon-summer-0-10 systemd[1]: Starting Hold until boot process finishes up...
Aug 25 11:13:51 isucon-summer-0-10 ntpd[689]: proto: precision = 0.190 usec (-22)
Aug 25 11:13:51 isucon-summer-0-10 systemd[1]: Starting Terminate Plymouth Boot Screen...
Aug 25 11:13:51 isucon-summer-0-10 systemd[1]: Started LSB: Start NTP daemon.
Aug 25 11:13:51 isucon-summer-0-10 systemd[1]: Started LSB: Starts and daemonize Glances server.
Aug 25 11:13:51 isucon-summer-0-10 systemd[1]: Started Hold until boot process finishes up.
Aug 25 11:13:51 isucon-summer-0-10 ntpd[689]: Listen and drop on 0 v6wildcard [::]:123
Aug 25 11:13:51 isucon-summer-0-10 ntpd[689]: Listen and drop on 1 v4wildcard 0.0.0.0:123
Aug 25 11:13:51 isucon-summer-0-10 ntpd[689]: Listen normally on 2 lo 127.0.0.1:123
Aug 25 11:13:51 isucon-summer-0-10 ntpd[689]: Listen normally on 3 eth0 153.120.171.147:123
Aug 25 11:13:51 isucon-summer-0-10 ntpd[689]: Listen normally on 4 lo [::1]:123
Aug 25 11:13:51 isucon-summer-0-10 ntpd[689]: bind(21) AF_INET6 fe80::9ea3:baff:fe30:6bde%2#123 flags 0x11 failed: Cannot assign requested address
Aug 25 11:13:51 isucon-summer-0-10 ntpd[689]: unable to create socket on eth0 (5) for fe80::9ea3:baff:fe30:6bde%2#123
Aug 25 11:13:51 isucon-summer-0-10 ntpd[689]: failed to init interface for address fe80::9ea3:baff:fe30:6bde%2
Aug 25 11:13:51 isucon-summer-0-10 ntpd[689]: Listening on routing socket on fd #21 for interface updates
Aug 25 11:13:51 isucon-summer-0-10 systemd[1]: Started OpenBSD Secure Shell server.
Aug 25 11:13:51 isucon-summer-0-10 systemd[1]: Started Terminate Plymouth Boot Screen.
Aug 25 11:13:51 isucon-summer-0-10 systemd[1]: Starting Set console scheme...
Aug 25 11:13:51 isucon-summer-0-10 systemd[1]: Started Getty on tty1.
Aug 25 11:13:51 isucon-summer-0-10 systemd[1]: Reached target Login Prompts.
Aug 25 11:13:51 isucon-summer-0-10 systemd[1]: Started Set console scheme.
Aug 25 11:13:52 isucon-summer-0-10 kernel: [    2.338309] audit: type=1400 audit(1503627232.023:9): apparmor="DENIED" operation="open" profile="/usr/sbin/mysqld" name="/proc/699/status" pid=699 comm="mysqld" requested_mask="r" denied_mask="r" fsuid=110 ouid=110
Aug 25 11:13:52 isucon-summer-0-10 kernel: [    2.338350] audit: type=1400 audit(1503627232.023:10): apparmor="DENIED" operation="open" profile="/usr/sbin/mysqld" name="/sys/devices/system/node/" pid=699 comm="mysqld" requested_mask="r" denied_mask="r" fsuid=110 ouid=0
Aug 25 11:13:52 isucon-summer-0-10 systemd[1]: Started A high performance web server and a reverse proxy server.
Aug 25 11:13:52 isucon-summer-0-10 ntpd[689]: Soliciting pool server 91.189.91.157
Aug 25 11:13:52 isucon-summer-0-10 systemd[1]: Started Daily apt download activities.
Aug 25 11:13:52 isucon-summer-0-10 systemd[1]: Starting Daily apt upgrade and clean activities...
Aug 25 11:13:52 isucon-summer-0-10 systemd[1]: Started MySQL Community Server.
Aug 25 11:13:52 isucon-summer-0-10 systemd[1]: Reached target Multi-User System.
Aug 25 11:13:52 isucon-summer-0-10 systemd[1]: Reached target Graphical Interface.
Aug 25 11:13:52 isucon-summer-0-10 systemd[1]: Starting Update UTMP about System Runlevel Changes...
Aug 25 11:13:53 isucon-summer-0-10 systemd[1]: Started Update UTMP about System Runlevel Changes.
Aug 25 11:13:53 isucon-summer-0-10 systemd[1]: Started Daily apt upgrade and clean activities.
Aug 25 11:13:53 isucon-summer-0-10 systemd[1]: Startup finished in 1.183s (kernel) + 2.620s (userspace) = 3.804s.
Aug 25 11:13:53 isucon-summer-0-10 ntpd[689]: Listen normally on 6 eth0 [fe80::9ea3:baff:fe30:6bde%2]:123
Aug 25 11:13:53 isucon-summer-0-10 ntpd[689]: new interface(s) found: waking up resolver
Aug 25 11:14:00 isucon-summer-0-10 systemd[1]: Time has been changed
Aug 25 11:14:26 isucon-summer-0-10 kernel: [   36.009282] random: nonblocking pool is initialized
Aug 25 11:14:58 isucon-summer-0-10 ntpd[689]: Soliciting pool server 91.189.89.198
Aug 25 11:16:05 isucon-summer-0-10 ntpd[689]: Soliciting pool server 91.189.89.199
Aug 25 11:16:06 isucon-summer-0-10 ntpd[689]: Soliciting pool server 2001:67c:1560:8003::c7
Aug 25 11:17:12 isucon-summer-0-10 ntpd[689]: Soliciting pool server 2001:67c:1560:8003::c8
Aug 25 11:18:18 isucon-summer-0-10 ntpd[689]: Soliciting pool server 91.189.91.157
Aug 25 11:18:19 isucon-summer-0-10 ntpd[689]: Soliciting pool server 91.189.89.198
Aug 25 11:18:20 isucon-summer-0-10 ntpd[689]: Soliciting pool server 2001:67c:1560:8003::c8
Aug 25 11:19:29 isucon-summer-0-10 ntpd[689]: Soliciting pool server 2001:67c:1560:8003::c7
Aug 25 11:20:35 isucon-summer-0-10 ntpd[689]: Soliciting pool server 2001:67c:1560:8003::c8
Aug 25 11:21:44 isucon-summer-0-10 ntpd[689]: Soliciting pool server 2001:67c:1560:8003::c7
Aug 25 11:22:51 isucon-summer-0-10 ntpd[689]: Soliciting pool server 2001:67c:1560:8003::c7
Aug 25 11:24:00 isucon-summer-0-10 ntpd[689]: Soliciting pool server 2001:67c:1560:8003::c8
Aug 25 11:25:07 isucon-summer-0-10 ntpd[689]: Soliciting pool server 2001:67c:1560:8003::c8
Aug 25 11:26:13 isucon-summer-0-10 ntpd[689]: Soliciting pool server 2001:67c:1560:8003::c7
Aug 25 11:27:20 isucon-summer-0-10 ntpd[689]: Soliciting pool server 2001:67c:1560:8003::c7
Aug 25 11:28:26 isucon-summer-0-10 ntpd[689]: Soliciting pool server 2001:67c:1560:8003::c8
Aug 25 11:29:11 isucon-summer-0-10 systemd[1]: Starting Cleanup of Temporary Directories...
Aug 25 11:29:11 isucon-summer-0-10 systemd-tmpfiles[901]: [/usr/lib/tmpfiles.d/var.conf:14] Duplicate line for path "/var/log", ignoring.
Aug 25 11:29:11 isucon-summer-0-10 systemd[1]: Started Cleanup of Temporary Directories.
Aug 25 11:29:33 isucon-summer-0-10 ntpd[689]: Soliciting pool server 2001:67c:1560:8003::c8
Aug 25 11:30:40 isucon-summer-0-10 ntpd[689]: Soliciting pool server 2001:67c:1560:8003::c7
Aug 25 11:31:48 isucon-summer-0-10 ntpd[689]: Soliciting pool server 2001:67c:1560:8003::c8
Aug 25 11:32:57 isucon-summer-0-10 ntpd[689]: Soliciting pool server 2001:67c:1560:8003::c7
Aug 25 11:34:04 isucon-summer-0-10 ntpd[689]: Soliciting pool server 2001:67c:1560:8003::c8
Aug 25 11:35:11 isucon-summer-0-10 ntpd[689]: Soliciting pool server 2001:67c:1560:8003::c7
Aug 25 11:36:19 isucon-summer-0-10 ntpd[689]: Soliciting pool server 2001:67c:1560:8003::c7
Aug 25 11:37:26 isucon-summer-0-10 ntpd[689]: Soliciting pool server 2001:67c:1560:8003::c8
Aug 25 11:38:35 isucon-summer-0-10 ntpd[689]: Soliciting pool server 2001:67c:1560:8003::c8
Aug 25 11:39:41 isucon-summer-0-10 ntpd[689]: Soliciting pool server 2001:67c:1560:8003::c7
Aug 25 11:40:50 isucon-summer-0-10 ntpd[689]: Soliciting pool server 2001:67c:1560:8003::c7
Aug 25 11:41:57 isucon-summer-0-10 ntpd[689]: Soliciting pool server 2001:67c:1560:8003::c8
Aug 25 11:43:05 isucon-summer-0-10 ntpd[689]: Soliciting pool server 2001:67c:1560:8003::c8
Aug 25 11:44:09 isucon-summer-0-10 ntpd[689]: Soliciting pool server 2001:67c:1560:8003::c7
Aug 25 11:45:15 isucon-summer-0-10 ntpd[689]: Soliciting pool server 2001:67c:1560:8003::c7
Aug 25 11:46:21 isucon-summer-0-10 ntpd[689]: Soliciting pool server 2001:67c:1560:8003::c8
Aug 25 11:47:28 isucon-summer-0-10 ntpd[689]: Soliciting pool server 2001:67c:1560:8003::c7
Aug 25 11:48:33 isucon-summer-0-10 ntpd[689]: Soliciting pool server 2001:67c:1560:8003::c8
Aug 25 11:49:41 isucon-summer-0-10 ntpd[689]: Soliciting pool server 2001:67c:1560:8003::c8
Aug 25 11:50:46 isucon-summer-0-10 ntpd[689]: Soliciting pool server 2001:67c:1560:8003::c7
Aug 25 11:51:55 isucon-summer-0-10 ntpd[689]: Soliciting pool server 2001:67c:1560:8003::c7
Aug 25 11:53:00 isucon-summer-0-10 ntpd[689]: Soliciting pool server 2001:67c:1560:8003::c8
Aug 25 11:54:09 isucon-summer-0-10 ntpd[689]: Soliciting pool server 2001:67c:1560:8003::c7
Aug 25 11:55:13 isucon-summer-0-10 ntpd[689]: Soliciting pool server 2001:67c:1560:8003::c8
Aug 25 11:56:20 isucon-summer-0-10 ntpd[689]: Soliciting pool server 2001:67c:1560:8003::c7
Aug 25 11:57:25 isucon-summer-0-10 ntpd[689]: Soliciting pool server 2001:67c:1560:8003::c8
Aug 25 11:58:31 isucon-summer-0-10 ntpd[689]: Soliciting pool server 2001:67c:1560:8003::c7
Aug 25 11:59:35 isucon-summer-0-10 ntpd[689]: Soliciting pool server 2001:67c:1560:8003::c8
Aug 25 12:00:41 isucon-summer-0-10 ntpd[689]: Soliciting pool server 2001:67c:1560:8003::c7
Aug 25 12:01:47 isucon-summer-0-10 ntpd[689]: Soliciting pool server 2001:67c:1560:8003::c8
Aug 25 12:02:53 isucon-summer-0-10 ntpd[689]: Soliciting pool server 2001:67c:1560:8003::c8
Aug 25 12:04:00 isucon-summer-0-10 ntpd[689]: Soliciting pool server 2001:67c:1560:8003::c7
Aug 25 12:05:05 isucon-summer-0-10 ntpd[689]: Soliciting pool server 2001:67c:1560:8003::c8
Aug 25 12:06:10 isucon-summer-0-10 ntpd[689]: Soliciting pool server 2001:67c:1560:8003::c7
Aug 25 12:07:15 isucon-summer-0-10 ntpd[689]: Soliciting pool server 2001:67c:1560:8003::c8
Aug 25 12:08:22 isucon-summer-0-10 ntpd[689]: Soliciting pool server 2001:67c:1560:8003::c7
Aug 25 12:09:28 isucon-summer-0-10 ntpd[689]: Soliciting pool server 2001:67c:1560:8003::c7
Aug 25 12:10:32 isucon-summer-0-10 ntpd[689]: Soliciting pool server 2001:67c:1560:8003::c8
Aug 25 12:11:37 isucon-summer-0-10 ntpd[689]: Soliciting pool server 2001:67c:1560:8003::c7
Aug 25 12:12:43 isucon-summer-0-10 ntpd[689]: Soliciting pool server 2001:67c:1560:8003::c8
Aug 25 12:13:01 isucon-summer-0-10 CRON[946]: (root) CMD (   cd / && run-parts --report /etc/cron.hourly)
Aug 25 12:13:50 isucon-summer-0-10 ntpd[689]: Soliciting pool server 2001:67c:1560:8003::c8
Aug 25 12:14:56 isucon-summer-0-10 ntpd[689]: Soliciting pool server 2001:67c:1560:8003::c7
Aug 25 12:16:03 isucon-summer-0-10 ntpd[689]: Soliciting pool server 2001:67c:1560:8003::c7
Aug 25 12:17:09 isucon-summer-0-10 ntpd[689]: Soliciting pool server 2001:67c:1560:8003::c8
Aug 25 12:18:16 isucon-summer-0-10 ntpd[689]: Soliciting pool server 2001:67c:1560:8003::c8
Aug 25 12:19:23 isucon-summer-0-10 ntpd[689]: Soliciting pool server 2001:67c:1560:8003::c7
Aug 25 12:20:27 isucon-summer-0-10 ntpd[689]: Soliciting pool server 2001:67c:1560:8003::c8
Aug 25 12:21:32 isucon-summer-0-10 ntpd[689]: Soliciting pool server 2001:67c:1560:8003::c7
Aug 25 12:22:38 isucon-summer-0-10 ntpd[689]: Soliciting pool server 2001:67c:1560:8003::c8
Aug 25 12:23:45 isucon-summer-0-10 ntpd[689]: Soliciting pool server 2001:67c:1560:8003::c7
Aug 25 12:24:52 isucon-summer-0-10 ntpd[689]: Soliciting pool server 2001:67c:1560:8003::c7
Aug 25 12:25:58 isucon-summer-0-10 ntpd[689]: Soliciting pool server 2001:67c:1560:8003::c8
Aug 25 12:27:05 isucon-summer-0-10 ntpd[689]: Soliciting pool server 2001:67c:1560:8003::c8
Aug 25 12:28:10 isucon-summer-0-10 ntpd[689]: Soliciting pool server 2001:67c:1560:8003::c7
Aug 25 12:29:14 isucon-summer-0-10 ntpd[689]: Soliciting pool server 2001:67c:1560:8003::c8
Aug 25 12:30:18 isucon-summer-0-10 ntpd[689]: Soliciting pool server 2001:67c:1560:8003::c7
Aug 25 12:31:24 isucon-summer-0-10 ntpd[689]: Soliciting pool server 2001:67c:1560:8003::c8
Aug 25 12:32:30 isucon-summer-0-10 ntpd[689]: Soliciting pool server 2001:67c:1560:8003::c7
Aug 25 12:33:34 isucon-summer-0-10 ntpd[689]: Soliciting pool server 2001:67c:1560:8003::c8
Aug 25 12:34:38 isucon-summer-0-10 ntpd[689]: Soliciting pool server 2001:67c:1560:8003::c7
Aug 25 12:35:44 isucon-summer-0-10 ntpd[689]: Soliciting pool server 2001:67c:1560:8003::c7
Aug 25 12:36:48 isucon-summer-0-10 ntpd[689]: Soliciting pool server 2001:67c:1560:8003::c8
Aug 25 12:37:54 isucon-summer-0-10 ntpd[689]: Soliciting pool server 2001:67c:1560:8003::c7
Aug 25 12:39:00 isucon-summer-0-10 ntpd[689]: Soliciting pool server 2001:67c:1560:8003::c8
Aug 25 12:40:07 isucon-summer-0-10 ntpd[689]: Soliciting pool server 2001:67c:1560:8003::c7
Aug 25 12:41:13 isucon-summer-0-10 ntpd[689]: Soliciting pool server 2001:67c:1560:8003::c8
Aug 25 12:42:20 isucon-summer-0-10 ntpd[689]: Soliciting pool server 2001:67c:1560:8003::c7
Aug 25 12:43:26 isucon-summer-0-10 ntpd[689]: Soliciting pool server 2001:67c:1560:8003::c8
Aug 25 12:44:32 isucon-summer-0-10 ntpd[689]: Soliciting pool server 2001:67c:1560:8003::c7
Aug 25 12:45:39 isucon-summer-0-10 ntpd[689]: Soliciting pool server 2001:67c:1560:8003::c8
Aug 25 12:46:43 isucon-summer-0-10 ntpd[689]: Soliciting pool server 2001:67c:1560:8003::c7
Aug 25 12:47:49 isucon-summer-0-10 ntpd[689]: Soliciting pool server 2001:67c:1560:8003::c8
Aug 25 12:48:55 isucon-summer-0-10 ntpd[689]: Soliciting pool server 2001:67c:1560:8003::c8
Aug 25 12:50:00 isucon-summer-0-10 ntpd[689]: Soliciting pool server 2001:67c:1560:8003::c7
Aug 25 12:51:06 isucon-summer-0-10 ntpd[689]: Soliciting pool server 2001:67c:1560:8003::c7
Aug 25 12:52:13 isucon-summer-0-10 ntpd[689]: Soliciting pool server 2001:67c:1560:8003::c8
Aug 25 12:53:17 isucon-summer-0-10 ntpd[689]: Soliciting pool server 2001:67c:1560:8003::c8
Aug 25 12:54:23 isucon-summer-0-10 ntpd[689]: Soliciting pool server 2001:67c:1560:8003::c7
Aug 25 12:55:29 isucon-summer-0-10 ntpd[689]: Soliciting pool server 2001:67c:1560:8003::c7
Aug 25 12:56:35 isucon-summer-0-10 ntpd[689]: Soliciting pool server 2001:67c:1560:8003::c8
Aug 25 12:57:39 isucon-summer-0-10 ntpd[689]: Soliciting pool server 2001:67c:1560:8003::c8
Aug 25 12:58:44 isucon-summer-0-10 ntpd[689]: Soliciting pool server 2001:67c:1560:8003::c7
Aug 25 12:59:49 isucon-summer-0-10 ntpd[689]: Soliciting pool server 2001:67c:1560:8003::c7
Aug 25 13:00:55 isucon-summer-0-10 ntpd[689]: Soliciting pool server 2001:67c:1560:8003::c8
Aug 25 13:02:00 isucon-summer-0-10 ntpd[689]: Soliciting pool server 2001:67c:1560:8003::c8
Aug 25 13:03:05 isucon-summer-0-10 ntpd[689]: Soliciting pool server 2001:67c:1560:8003::c7
Aug 25 13:04:11 isucon-summer-0-10 ntpd[689]: Soliciting pool server 2001:67c:1560:8003::c8
Aug 25 13:05:15 isucon-summer-0-10 ntpd[689]: Soliciting pool server 2001:67c:1560:8003::c7
Aug 25 13:06:21 isucon-summer-0-10 ntpd[689]: Soliciting pool server 2001:67c:1560:8003::c7
Aug 25 13:07:28 isucon-summer-0-10 ntpd[689]: Soliciting pool server 2001:67c:1560:8003::c8
Aug 25 13:08:34 isucon-summer-0-10 ntpd[689]: Soliciting pool server 2001:67c:1560:8003::c7
Aug 25 13:09:41 isucon-summer-0-10 ntpd[689]: Soliciting pool server 2001:67c:1560:8003::c8
Aug 25 13:10:47 isucon-summer-0-10 ntpd[689]: Soliciting pool server 2001:67c:1560:8003::c7
Aug 25 13:11:53 isucon-summer-0-10 ntpd[689]: Soliciting pool server 2001:67c:1560:8003::c8
Aug 25 13:13:00 isucon-summer-0-10 ntpd[689]: Soliciting pool server 2001:67c:1560:8003::c8
Aug 25 13:13:01 isucon-summer-0-10 CRON[980]: (root) CMD (   cd / && run-parts --report /etc/cron.hourly)
Aug 25 13:14:04 isucon-summer-0-10 ntpd[689]: Soliciting pool server 2001:67c:1560:8003::c7
Aug 25 13:15:08 isucon-summer-0-10 ntpd[689]: Soliciting pool server 2001:67c:1560:8003::c7
Aug 25 13:16:14 isucon-summer-0-10 ntpd[689]: Soliciting pool server 2001:67c:1560:8003::c8
Aug 25 13:17:21 isucon-summer-0-10 ntpd[689]: Soliciting pool server 2001:67c:1560:8003::c8
Aug 25 13:18:26 isucon-summer-0-10 ntpd[689]: Soliciting pool server 2001:67c:1560:8003::c7
Aug 25 13:19:30 isucon-summer-0-10 ntpd[689]: Soliciting pool server 2001:67c:1560:8003::c7
Aug 25 13:20:37 isucon-summer-0-10 ntpd[689]: Soliciting pool server 2001:67c:1560:8003::c8
Aug 25 13:21:42 isucon-summer-0-10 ntpd[689]: Soliciting pool server 2001:67c:1560:8003::c8
Aug 25 13:22:46 isucon-summer-0-10 ntpd[689]: Soliciting pool server 2001:67c:1560:8003::c7
Aug 25 13:23:52 isucon-summer-0-10 ntpd[689]: Soliciting pool server 2001:67c:1560:8003::c7
Aug 25 13:24:56 isucon-summer-0-10 ntpd[689]: Soliciting pool server 2001:67c:1560:8003::c8
Aug 25 13:26:01 isucon-summer-0-10 ntpd[689]: Soliciting pool server 2001:67c:1560:8003::c8
Aug 25 13:27:05 isucon-summer-0-10 ntpd[689]: Soliciting pool server 2001:67c:1560:8003::c7
Aug 25 13:28:10 isucon-summer-0-10 ntpd[689]: Soliciting pool server 2001:67c:1560:8003::c8
Aug 25 13:29:17 isucon-summer-0-10 ntpd[689]: Soliciting pool server 2001:67c:1560:8003::c7
Aug 25 13:30:23 isucon-summer-0-10 ntpd[689]: Soliciting pool server 2001:67c:1560:8003::c8
Aug 25 13:31:30 isucon-summer-0-10 ntpd[689]: Soliciting pool server 2001:67c:1560:8003::c7
Aug 25 13:32:36 isucon-summer-0-10 ntpd[689]: Soliciting pool server 2001:67c:1560:8003::c7
Aug 25 13:33:40 isucon-summer-0-10 ntpd[689]: Soliciting pool server 2001:67c:1560:8003::c8
Aug 25 13:34:46 isucon-summer-0-10 ntpd[689]: Soliciting pool server 2001:67c:1560:8003::c8
Aug 25 13:35:51 isucon-summer-0-10 ntpd[689]: Soliciting pool server 2001:67c:1560:8003::c7
Aug 25 13:36:56 isucon-summer-0-10 ntpd[689]: Soliciting pool server 2001:67c:1560:8003::c8
Aug 25 13:38:03 isucon-summer-0-10 ntpd[689]: Soliciting pool server 2001:67c:1560:8003::c7
Aug 25 13:39:10 isucon-summer-0-10 ntpd[689]: Soliciting pool server 2001:67c:1560:8003::c7
Aug 25 13:40:15 isucon-summer-0-10 ntpd[689]: Soliciting pool server 2001:67c:1560:8003::c8
Aug 25 13:41:21 isucon-summer-0-10 ntpd[689]: Soliciting pool server 2001:67c:1560:8003::c8
Aug 25 13:42:27 isucon-summer-0-10 ntpd[689]: Soliciting pool server 2001:67c:1560:8003::c7
Aug 25 13:43:33 isucon-summer-0-10 ntpd[689]: Soliciting pool server 2001:67c:1560:8003::c8
Aug 25 13:44:40 isucon-summer-0-10 ntpd[689]: Soliciting pool server 2001:67c:1560:8003::c7
Aug 25 13:45:46 isucon-summer-0-10 ntpd[689]: Soliciting pool server 2001:67c:1560:8003::c7
Aug 25 13:46:51 isucon-summer-0-10 ntpd[689]: Soliciting pool server 2001:67c:1560:8003::c8
Aug 25 13:47:58 isucon-summer-0-10 ntpd[689]: Soliciting pool server 2001:67c:1560:8003::c8
Aug 25 13:49:03 isucon-summer-0-10 ntpd[689]: Soliciting pool server 2001:67c:1560:8003::c7
Aug 25 13:50:10 isucon-summer-0-10 ntpd[689]: Soliciting pool server 2001:67c:1560:8003::c7
Aug 25 13:51:17 isucon-summer-0-10 ntpd[689]: Soliciting pool server 2001:67c:1560:8003::c8
Aug 25 13:52:21 isucon-summer-0-10 ntpd[689]: Soliciting pool server 2001:67c:1560:8003::c7
Aug 25 13:53:25 isucon-summer-0-10 ntpd[689]: Soliciting pool server 2001:67c:1560:8003::c8
Aug 25 13:54:30 isucon-summer-0-10 ntpd[689]: Soliciting pool server 2001:67c:1560:8003::c8
Aug 25 13:55:35 isucon-summer-0-10 ntpd[689]: Soliciting pool server 2001:67c:1560:8003::c7
Aug 25 13:56:41 isucon-summer-0-10 ntpd[689]: Soliciting pool server 2001:67c:1560:8003::c7
Aug 25 13:57:48 isucon-summer-0-10 ntpd[689]: Soliciting pool server 2001:67c:1560:8003::c8
Aug 25 13:58:53 isucon-summer-0-10 ntpd[689]: Soliciting pool server 2001:67c:1560:8003::c7
Aug 25 14:00:00 isucon-summer-0-10 ntpd[689]: Soliciting pool server 2001:67c:1560:8003::c8
Aug 25 14:01:06 isucon-summer-0-10 ntpd[689]: Soliciting pool server 2001:67c:1560:8003::c7
Aug 25 14:02:13 isucon-summer-0-10 ntpd[689]: Soliciting pool server 2001:67c:1560:8003::c8
Aug 25 14:03:19 isucon-summer-0-10 ntpd[689]: Soliciting pool server 2001:67c:1560:8003::c7
Aug 25 14:04:24 isucon-summer-0-10 ntpd[689]: Soliciting pool server 2001:67c:1560:8003::c8
Aug 25 14:05:30 isucon-summer-0-10 ntpd[689]: Soliciting pool server 2001:67c:1560:8003::c7
Aug 25 14:06:35 isucon-summer-0-10 ntpd[689]: Soliciting pool server 2001:67c:1560:8003::c8
Aug 25 14:07:41 isucon-summer-0-10 ntpd[689]: Soliciting pool server 2001:67c:1560:8003::c7
Aug 25 14:08:47 isucon-summer-0-10 ntpd[689]: Soliciting pool server 2001:67c:1560:8003::c8
Aug 25 14:09:52 isucon-summer-0-10 ntpd[689]: Soliciting pool server 2001:67c:1560:8003::c8
Aug 25 14:10:58 isucon-summer-0-10 ntpd[689]: Soliciting pool server 2001:67c:1560:8003::c7
Aug 25 14:12:03 isucon-summer-0-10 ntpd[689]: Soliciting pool server 2001:67c:1560:8003::c7
Aug 25 14:13:01 isucon-summer-0-10 CRON[1015]: (root) CMD (   cd / && run-parts --report /etc/cron.hourly)
Aug 25 14:13:07 isucon-summer-0-10 ntpd[689]: Soliciting pool server 2001:67c:1560:8003::c8
Aug 25 14:14:14 isucon-summer-0-10 ntpd[689]: Soliciting pool server 2001:67c:1560:8003::c7
Aug 25 14:15:18 isucon-summer-0-10 ntpd[689]: Soliciting pool server 2001:67c:1560:8003::c8
Aug 25 14:16:25 isucon-summer-0-10 ntpd[689]: Soliciting pool server 2001:67c:1560:8003::c8
Aug 25 14:17:29 isucon-summer-0-10 ntpd[689]: Soliciting pool server 2001:67c:1560:8003::c7
Aug 25 14:18:33 isucon-summer-0-10 ntpd[689]: Soliciting pool server 2001:67c:1560:8003::c8
Aug 25 14:19:39 isucon-summer-0-10 ntpd[689]: Soliciting pool server 2001:67c:1560:8003::c7
Aug 25 14:20:46 isucon-summer-0-10 ntpd[689]: Soliciting pool server 2001:67c:1560:8003::c7
Aug 25 14:21:50 isucon-summer-0-10 ntpd[689]: Soliciting pool server 2001:67c:1560:8003::c8
Aug 25 14:22:56 isucon-summer-0-10 ntpd[689]: Soliciting pool server 2001:67c:1560:8003::c8
Aug 25 14:24:00 isucon-summer-0-10 ntpd[689]: Soliciting pool server 2001:67c:1560:8003::c7
Aug 25 14:25:05 isucon-summer-0-10 ntpd[689]: Soliciting pool server 2001:67c:1560:8003::c7
Aug 25 14:26:11 isucon-summer-0-10 ntpd[689]: Soliciting pool server 2001:67c:1560:8003::c8
Aug 25 14:27:16 isucon-summer-0-10 ntpd[689]: Soliciting pool server 2001:67c:1560:8003::c7
Aug 25 14:28:21 isucon-summer-0-10 ntpd[689]: Soliciting pool server 2001:67c:1560:8003::c8
Aug 25 14:29:27 isucon-summer-0-10 ntpd[689]: Soliciting pool server 2001:67c:1560:8003::c7
Aug 25 14:30:31 isucon-summer-0-10 ntpd[689]: Soliciting pool server 2001:67c:1560:8003::c8
Aug 25 14:31:37 isucon-summer-0-10 ntpd[689]: Soliciting pool server 2001:67c:1560:8003::c7
Aug 25 14:32:42 isucon-summer-0-10 ntpd[689]: Soliciting pool server 2001:67c:1560:8003::c8
Aug 25 14:33:46 isucon-summer-0-10 ntpd[689]: Soliciting pool server 2001:67c:1560:8003::c8
Aug 25 14:34:52 isucon-summer-0-10 ntpd[689]: Soliciting pool server 2001:67c:1560:8003::c7
Aug 25 14:35:56 isucon-summer-0-10 ntpd[689]: Soliciting pool server 2001:67c:1560:8003::c8
Aug 25 14:37:02 isucon-summer-0-10 ntpd[689]: Soliciting pool server 2001:67c:1560:8003::c7
Aug 25 14:38:06 isucon-summer-0-10 ntpd[689]: Soliciting pool server 2001:67c:1560:8003::c8
Aug 25 14:39:11 isucon-summer-0-10 ntpd[689]: Soliciting pool server 2001:67c:1560:8003::c7
Aug 25 14:40:17 isucon-summer-0-10 ntpd[689]: Soliciting pool server 2001:67c:1560:8003::c7
Aug 25 14:41:22 isucon-summer-0-10 ntpd[689]: Soliciting pool server 2001:67c:1560:8003::c8
Aug 25 14:42:27 isucon-summer-0-10 ntpd[689]: Soliciting pool server 2001:67c:1560:8003::c7
Aug 25 14:43:33 isucon-summer-0-10 ntpd[689]: Soliciting pool server 2001:67c:1560:8003::c8
Aug 25 14:44:38 isucon-summer-0-10 ntpd[689]: Soliciting pool server 2001:67c:1560:8003::c7
Aug 25 14:45:44 isucon-summer-0-10 ntpd[689]: Soliciting pool server 2001:67c:1560:8003::c8
Aug 25 14:46:48 isucon-summer-0-10 ntpd[689]: Soliciting pool server 2001:67c:1560:8003::c8
