Jun 16 01:35:18 syslogd started: BusyBox v1.22.1
Jun 16 01:35:18 kernel: klogd started: BusyBox v1.22.1 (Ubuntu 1:1.22.0-15ubuntu1)
Jun 16 01:35:18 kernel: [    0.000000] Initializing cgroup subsys cpuset
Jun 16 01:35:18 kernel: [    0.000000] Initializing cgroup subsys cpu
Jun 16 01:35:18 kernel: [    0.000000] Initializing cgroup subsys cpuacct
Jun 16 01:35:18 kernel: [    0.000000] Linux version 4.4.0-62-generic (buildd@lcy01-30) (gcc version 5.4.0 20160609 (Ubuntu 5.4.0-6ubuntu1~16.04.4) ) #83-Ubuntu SMP Wed Jan 18 14:10:15 UTC 2017 (Ubuntu 4.4.0-62.83-generic 4.4.40)
Jun 16 01:35:18 kernel: [    0.000000] Command line: url=http://192.168.75.24/ubuntu/ubuntu-16.04.2gpt.preseed auto=true priority=critical vga=788 initrd=/install/initrd.gz quiet ---
Jun 16 01:35:18 kernel: [    0.000000] KERNEL supported cpus:
Jun 16 01:35:18 kernel: [    0.000000]   Intel GenuineIntel
Jun 16 01:35:18 kernel: [    0.000000]   AMD AuthenticAMD
Jun 16 01:35:18 kernel: [    0.000000]   Centaur CentaurHauls
Jun 16 01:35:18 kernel: [    0.000000] Disabled fast string operations
Jun 16 01:35:18 kernel: [    0.000000] x86/fpu: Legacy x87 FPU detected.
Jun 16 01:35:18 kernel: [    0.000000] x86/fpu: Using 'lazy' FPU context switches.
Jun 16 01:35:18 kernel: [    0.000000] e820: BIOS-provided physical RAM map:
Jun 16 01:35:18 kernel: [    0.000000] BIOS-e820: [mem 0x0000000000000000-0x000000000009dbff] usable
Jun 16 01:35:18 kernel: [    0.000000] BIOS-e820: [mem 0x000000000009dc00-0x000000000009ffff] reserved
Jun 16 01:35:18 kernel: [    0.000000] BIOS-e820: [mem 0x00000000000f0000-0x00000000000fffff] reserved
Jun 16 01:35:18 kernel: [    0.000000] BIOS-e820: [mem 0x0000000000100000-0x00000000dfffcfff] usable
Jun 16 01:35:18 kernel: [    0.000000] BIOS-e820: [mem 0x00000000dfffd000-0x00000000dfffffff] reserved
Jun 16 01:35:18 kernel: [    0.000000] BIOS-e820: [mem 0x00000000fffbc000-0x00000000ffffffff] reserved
Jun 16 01:35:18 kernel: [    0.000000] BIOS-e820: [mem 0x0000000100000000-0x000000011fffffff] usable
Jun 16 01:35:18 kernel: [    0.000000] NX (Execute Disable) protection: active
Jun 16 01:35:18 kernel: [    0.000000] SMBIOS 2.4 present.
Jun 16 01:35:18 kernel: [    0.000000] DMI: SAKURA Internet Inc. SAKURA CLOUD KVM, BIOS 1.3 03/23/2014
Jun 16 01:35:18 kernel: [    0.000000] Hypervisor detected: KVM
Jun 16 01:35:18 kernel: [    0.000000] e820: update [mem 0x00000000-0x00000fff] usable ==> reserved
Jun 16 01:35:18 kernel: [    0.000000] e820: remove [mem 0x000a0000-0x000fffff] usable
Jun 16 01:35:18 kernel: [    0.000000] e820: last_pfn = 0x120000 max_arch_pfn = 0x400000000
Jun 16 01:35:18 kernel: [    0.000000] MTRR default type: write-back
Jun 16 01:35:18 kernel: [    0.000000] MTRR fixed ranges enabled:
Jun 16 01:35:18 kernel: [    0.000000]   00000-9FFFF write-back
Jun 16 01:35:18 kernel: [    0.000000]   A0000-BFFFF uncachable
Jun 16 01:35:18 kernel: [    0.000000]   C0000-FFFFF write-protect
Jun 16 01:35:18 kernel: [    0.000000] MTRR variable ranges enabled:
Jun 16 01:35:18 kernel: [    0.000000]   0 base 00E0000000 mask FFE0000000 uncachable
Jun 16 01:35:18 kernel: [    0.000000]   1 disabled
Jun 16 01:35:18 kernel: [    0.000000]   2 disabled
Jun 16 01:35:18 kernel: [    0.000000]   3 disabled
Jun 16 01:35:18 kernel: [    0.000000]   4 disabled
Jun 16 01:35:18 kernel: [    0.000000]   5 disabled
Jun 16 01:35:18 kernel: [    0.000000]   6 disabled
Jun 16 01:35:18 kernel: [    0.000000]   7 disabled
Jun 16 01:35:18 kernel: [    0.000000] x86/PAT: Configuration [0-7]: WB  WC  UC- UC  WB  WC  UC- WT  
Jun 16 01:35:18 kernel: [    0.000000] e820: last_pfn = 0xdfffd max_arch_pfn = 0x400000000
Jun 16 01:35:18 kernel: [    0.000000] found SMP MP-table at [mem 0x000fda30-0x000fda3f] mapped at [ffff8800000fda30]
Jun 16 01:35:18 kernel: [    0.000000] Scanning 1 areas for low memory corruption
Jun 16 01:35:18 kernel: [    0.000000] Base memory trampoline at [ffff880000097000] 97000 size 24576
Jun 16 01:35:18 kernel: [    0.000000] BRK [0x0220b000, 0x0220bfff] PGTABLE
Jun 16 01:35:18 kernel: [    0.000000] BRK [0x0220c000, 0x0220cfff] PGTABLE
Jun 16 01:35:18 kernel: [    0.000000] BRK [0x0220d000, 0x0220dfff] PGTABLE
Jun 16 01:35:18 kernel: [    0.000000] BRK [0x0220e000, 0x0220efff] PGTABLE
Jun 16 01:35:18 kernel: [    0.000000] RAMDISK: [mem 0x7f284000-0x7fffffff]
Jun 16 01:35:18 kernel: [    0.000000] ACPI: Early table checksum verification disabled
Jun 16 01:35:18 kernel: [    0.000000] ACPI: RSDP 0x00000000000FD9E0 000014 (v00 BOCHS )
Jun 16 01:35:18 kernel: [    0.000000] ACPI: RSDT 0x00000000DFFFD590 000034 (v01 BOCHS  BXPCRSDT 00000001 BXPC 00000001)
Jun 16 01:35:18 kernel: [    0.000000] ACPI: FACP 0x00000000DFFFFDD0 000074 (v01 BOCHS  BXPCFACP 00000001 BXPC 00000001)
Jun 16 01:35:18 kernel: [    0.000000] ACPI: DSDT 0x00000000DFFFD8D0 0024A2 (v01 BXPC   BXDSDT   00000001 INTL 20090123)
Jun 16 01:35:18 kernel: [    0.000000] ACPI: FACS 0x00000000DFFFFD80 000040
Jun 16 01:35:18 kernel: [    0.000000] ACPI: SSDT 0x00000000DFFFD7D0 0000FF (v01 BOCHS  BXPCSSDT 00000001 BXPC 00000001)
Jun 16 01:35:18 kernel: [    0.000000] ACPI: APIC 0x00000000DFFFD6E0 000080 (v01 BOCHS  BXPCAPIC 00000001 BXPC 00000001)
Jun 16 01:35:18 kernel: [    0.000000] ACPI: SSDT 0x00000000DFFFD5D0 00010F (v01 BXPC   BXSSDTPC 00000001 INTL 20090123)
Jun 16 01:35:18 kernel: [    0.000000] ACPI: Local APIC address 0xfee00000
Jun 16 01:35:18 kernel: [    0.000000] No NUMA configuration found
Jun 16 01:35:18 kernel: [    0.000000] Faking a node at [mem 0x0000000000000000-0x000000011fffffff]
Jun 16 01:35:18 kernel: [    0.000000] NODE_DATA(0) allocated [mem 0x11fff7000-0x11fffbfff]
Jun 16 01:35:18 kernel: [    0.000000] kvm-clock: Using msrs 4b564d01 and 4b564d00
Jun 16 01:35:18 kernel: [    0.000000] kvm-clock: cpu 0, msr 1:1ffef001, primary cpu clock
Jun 16 01:35:18 kernel: [    0.000000] clocksource: kvm-clock: mask: 0xffffffffffffffff max_cycles: 0x1cd42e4dffb, max_idle_ns: 881590591483 ns
Jun 16 01:35:18 kernel: [    0.000000] Zone ranges:
Jun 16 01:35:18 kernel: [    0.000000]   DMA      [mem 0x0000000000001000-0x0000000000ffffff]
Jun 16 01:35:18 kernel: [    0.000000]   DMA32    [mem 0x0000000001000000-0x00000000ffffffff]
Jun 16 01:35:18 kernel: [    0.000000]   Normal   [mem 0x0000000100000000-0x000000011fffffff]
Jun 16 01:35:18 kernel: [    0.000000]   Device   empty
Jun 16 01:35:18 kernel: [    0.000000] Movable zone start for each node
Jun 16 01:35:18 kernel: [    0.000000] Early memory node ranges
Jun 16 01:35:18 kernel: [    0.000000]   node   0: [mem 0x0000000000001000-0x000000000009cfff]
Jun 16 01:35:18 kernel: [    0.000000]   node   0: [mem 0x0000000000100000-0x00000000dfffcfff]
Jun 16 01:35:18 kernel: [    0.000000]   node   0: [mem 0x0000000100000000-0x000000011fffffff]
Jun 16 01:35:18 kernel: [    0.000000] Initmem setup node 0 [mem 0x0000000000001000-0x000000011fffffff]
Jun 16 01:35:18 kernel: [    0.000000] On node 0 totalpages: 1048473
Jun 16 01:35:18 kernel: [    0.000000]   DMA zone: 64 pages used for memmap
Jun 16 01:35:18 kernel: [    0.000000]   DMA zone: 21 pages reserved
Jun 16 01:35:18 kernel: [    0.000000]   DMA zone: 3996 pages, LIFO batch:0
Jun 16 01:35:18 kernel: [    0.000000]   DMA32 zone: 14272 pages used for memmap
Jun 16 01:35:18 kernel: [    0.000000]   DMA32 zone: 913405 pages, LIFO batch:31
Jun 16 01:35:18 kernel: [    0.000000]   Normal zone: 2048 pages used for memmap
Jun 16 01:35:18 kernel: [    0.000000]   Normal zone: 131072 pages, LIFO batch:31
Jun 16 01:35:18 kernel: [    0.000000] ACPI: PM-Timer IO Port: 0xb008
Jun 16 01:35:18 kernel: [    0.000000] ACPI: Local APIC address 0xfee00000
Jun 16 01:35:18 kernel: [    0.000000] ACPI: LAPIC_NMI (acpi_id[0xff] dfl dfl lint[0x1])
Jun 16 01:35:18 kernel: [    0.000000] IOAPIC[0]: apic_id 0, version 17, address 0xfec00000, GSI 0-23
Jun 16 01:35:18 kernel: [    0.000000] ACPI: INT_SRC_OVR (bus 0 bus_irq 0 global_irq 2 dfl dfl)
Jun 16 01:35:18 kernel: [    0.000000] ACPI: INT_SRC_OVR (bus 0 bus_irq 5 global_irq 5 high level)
Jun 16 01:35:18 kernel: [    0.000000] ACPI: INT_SRC_OVR (bus 0 bus_irq 9 global_irq 9 high level)
Jun 16 01:35:18 kernel: [    0.000000] ACPI: INT_SRC_OVR (bus 0 bus_irq 10 global_irq 10 high level)
Jun 16 01:35:18 kernel: [    0.000000] ACPI: INT_SRC_OVR (bus 0 bus_irq 11 global_irq 11 high level)
Jun 16 01:35:18 kernel: [    0.000000] ACPI: IRQ0 used by override.
Jun 16 01:35:18 kernel: [    0.000000] ACPI: IRQ5 used by override.
Jun 16 01:35:18 kernel: [    0.000000] ACPI: IRQ9 used by override.
Jun 16 01:35:18 kernel: [    0.000000] ACPI: IRQ10 used by override.
Jun 16 01:35:18 kernel: [    0.000000] ACPI: IRQ11 used by override.
Jun 16 01:35:18 kernel: [    0.000000] Using ACPI (MADT) for SMP configuration information
Jun 16 01:35:18 kernel: [    0.000000] smpboot: Allowing 2 CPUs, 0 hotplug CPUs
Jun 16 01:35:18 kernel: [    0.000000] PM: Registered nosave memory: [mem 0x00000000-0x00000fff]
Jun 16 01:35:18 kernel: [    0.000000] PM: Registered nosave memory: [mem 0x0009d000-0x0009dfff]
Jun 16 01:35:18 kernel: [    0.000000] PM: Registered nosave memory: [mem 0x0009e000-0x0009ffff]
Jun 16 01:35:18 kernel: [    0.000000] PM: Registered nosave memory: [mem 0x000a0000-0x000effff]
Jun 16 01:35:18 kernel: [    0.000000] PM: Registered nosave memory: [mem 0x000f0000-0x000fffff]
Jun 16 01:35:18 kernel: [    0.000000] PM: Registered nosave memory: [mem 0xdfffd000-0xdfffffff]
Jun 16 01:35:18 kernel: [    0.000000] PM: Registered nosave memory: [mem 0xe0000000-0xfffbbfff]
Jun 16 01:35:18 kernel: [    0.000000] PM: Registered nosave memory: [mem 0xfffbc000-0xffffffff]
Jun 16 01:35:18 kernel: [    0.000000] e820: [mem 0xe0000000-0xfffbbfff] available for PCI devices
Jun 16 01:35:18 kernel: [    0.000000] Booting paravirtualized kernel on KVM
Jun 16 01:35:18 kernel: [    0.000000] clocksource: refined-jiffies: mask: 0xffffffff max_cycles: 0xffffffff, max_idle_ns: 7645519600211568 ns
Jun 16 01:35:18 kernel: [    0.000000] setup_percpu: NR_CPUS:512 nr_cpumask_bits:512 nr_cpu_ids:2 nr_node_ids:1
Jun 16 01:35:18 kernel: [    0.000000] PERCPU: Embedded 33 pages/cpu @ffff88011fc00000 s98264 r8192 d28712 u1048576
Jun 16 01:35:18 kernel: [    0.000000] pcpu-alloc: s98264 r8192 d28712 u1048576 alloc=1*2097152
Jun 16 01:35:18 kernel: [    0.000000] pcpu-alloc: [0] 0 1 
Jun 16 01:35:18 kernel: [    0.000000] Built 1 zonelists in Node order, mobility grouping on.  Total pages: 1032068
Jun 16 01:35:18 kernel: [    0.000000] Policy zone: Normal
Jun 16 01:35:18 kernel: [    0.000000] Kernel command line: url=http://192.168.75.24/ubuntu/ubuntu-16.04.2gpt.preseed auto=true priority=critical vga=788 initrd=/install/initrd.gz quiet ---
Jun 16 01:35:18 kernel: [    0.000000] PID hash table entries: 4096 (order: 3, 32768 bytes)
Jun 16 01:35:18 kernel: [    0.000000] Calgary: detecting Calgary via BIOS EBDA area
Jun 16 01:35:18 kernel: [    0.000000] Calgary: Unable to locate Rio Grande table in EBDA - bailing!
Jun 16 01:35:18 kernel: [    0.000000] Memory: 4029332K/4193892K available (8436K kernel code, 1291K rwdata, 3960K rodata, 1488K init, 1316K bss, 164560K reserved, 0K cma-reserved)
Jun 16 01:35:18 kernel: [    0.000000] SLUB: HWalign=64, Order=0-3, MinObjects=0, CPUs=2, Nodes=1
Jun 16 01:35:18 kernel: [    0.000000] Hierarchical RCU implementation.
Jun 16 01:35:18 kernel: [    0.000000] 	Build-time adjustment of leaf fanout to 64.
Jun 16 01:35:18 kernel: [    0.000000] 	RCU restricting CPUs from NR_CPUS=512 to nr_cpu_ids=2.
Jun 16 01:35:18 kernel: [    0.000000] RCU: Adjusting geometry for rcu_fanout_leaf=64, nr_cpu_ids=2
Jun 16 01:35:18 kernel: [    0.000000] NR_IRQS:33024 nr_irqs:440 16
Jun 16 01:35:18 kernel: [    0.000000] Console: colour dummy device 80x25
Jun 16 01:35:18 kernel: [    0.000000] console [tty0] enabled
Jun 16 01:35:18 kernel: [    0.000000] tsc: Detected 3066.444 MHz processor
Jun 16 01:35:18 kernel: [    0.008000] Calibrating delay loop (skipped) preset value.. 6132.88 BogoMIPS (lpj=12265776)
Jun 16 01:35:18 kernel: [    0.008000] pid_max: default: 32768 minimum: 301
Jun 16 01:35:18 kernel: [    0.008000] ACPI: Core revision 20150930
Jun 16 01:35:18 kernel: [    0.008000] ACPI: 3 ACPI AML tables successfully acquired and loaded
Jun 16 01:35:18 kernel: [    0.008000] Security Framework initialized
Jun 16 01:35:18 kernel: [    0.008000] Yama: becoming mindful.
Jun 16 01:35:18 kernel: [    0.008000] AppArmor: AppArmor initialized
Jun 16 01:35:18 kernel: [    0.008000] Dentry cache hash table entries: 524288 (order: 10, 4194304 bytes)
Jun 16 01:35:18 kernel: [    0.008000] Inode-cache hash table entries: 262144 (order: 9, 2097152 bytes)
Jun 16 01:35:18 kernel: [    0.008022] Mount-cache hash table entries: 8192 (order: 4, 65536 bytes)
Jun 16 01:35:18 kernel: [    0.008027] Mountpoint-cache hash table entries: 8192 (order: 4, 65536 bytes)
Jun 16 01:35:18 kernel: [    0.008228] Initializing cgroup subsys io
Jun 16 01:35:18 kernel: [    0.008232] Initializing cgroup subsys memory
Jun 16 01:35:18 kernel: [    0.008238] Initializing cgroup subsys devices
Jun 16 01:35:18 kernel: [    0.008240] Initializing cgroup subsys freezer
Jun 16 01:35:18 kernel: [    0.008242] Initializing cgroup subsys net_cls
Jun 16 01:35:18 kernel: [    0.008246] Initializing cgroup subsys perf_event
Jun 16 01:35:18 kernel: [    0.008247] Initializing cgroup subsys net_prio
Jun 16 01:35:18 kernel: [    0.008249] Initializing cgroup subsys hugetlb
Jun 16 01:35:18 kernel: [    0.008251] Initializing cgroup subsys pids
Jun 16 01:35:18 kernel: [    0.008319] Disabled fast string operations
Jun 16 01:35:18 kernel: [    0.008336] mce: CPU supports 10 MCE banks
Jun 16 01:35:18 kernel: [    0.008390] Last level iTLB entries: 4KB 0, 2MB 0, 4MB 0
Jun 16 01:35:18 kernel: [    0.008391] Last level dTLB entries: 4KB 0, 2MB 0, 4MB 0, 1GB 0
Jun 16 01:35:18 kernel: [    0.010049] Freeing SMP alternatives memory: 32K (ffffffff820b8000 - ffffffff820c0000)
Jun 16 01:35:18 kernel: [    0.017345] ftrace: allocating 32065 entries in 126 pages
Jun 16 01:35:18 kernel: [    0.028127] smpboot: APIC(0) Converting physical 0 to logical package 0
Jun 16 01:35:18 kernel: [    0.028131] smpboot: APIC(1) Converting physical 1 to logical package 1
Jun 16 01:35:18 kernel: [    0.028132] smpboot: Max logical packages: 2
Jun 16 01:35:18 kernel: [    0.028367] x2apic enabled
Jun 16 01:35:18 kernel: [    0.028569] Switched APIC routing to physical x2apic.
Jun 16 01:35:18 kernel: [    0.029607] ..TIMER: vector=0x30 apic1=0 pin1=2 apic2=-1 pin2=-1
Jun 16 01:35:18 kernel: [    0.032000] smpboot: CPU0: Intel(R) Xeon(R) CPU           X5675  @ 3.07GHz (family: 0x6, model: 0x2c, stepping: 0x2)
Jun 16 01:35:18 kernel: [    0.032000] Performance Events: 16-deep LBR, Westmere events, Broken PMU hardware detected, using software events only.
Jun 16 01:35:18 kernel: [    0.032000] Failed to access perfctr msr (MSR c4 is 0)
Jun 16 01:35:18 kernel: [    0.032000] x86: Booting SMP configuration:
Jun 16 01:35:18 kernel: [    0.032000] .... node  #0, CPUs:      #1
Jun 16 01:35:18 kernel: [    0.008000] kvm-clock: cpu 1, msr 1:1ffef041, secondary cpu clock
Jun 16 01:35:18 kernel: [    0.008000] Disabled fast string operations
Jun 16 01:35:18 kernel: [    0.036066] x86: Booted up 1 node, 2 CPUs
Jun 16 01:35:18 kernel: [    0.036072] smpboot: Total of 2 processors activated (12265.77 BogoMIPS)
Jun 16 01:35:18 kernel: [    0.036454] devtmpfs: initialized
Jun 16 01:35:18 kernel: [    0.041484] evm: security.selinux
Jun 16 01:35:18 kernel: [    0.041485] evm: security.SMACK64
Jun 16 01:35:18 kernel: [    0.041486] evm: security.SMACK64EXEC
Jun 16 01:35:18 kernel: [    0.041487] evm: security.SMACK64TRANSMUTE
Jun 16 01:35:18 kernel: [    0.041487] evm: security.SMACK64MMAP
Jun 16 01:35:18 kernel: [    0.041488] evm: security.ima
Jun 16 01:35:18 kernel: [    0.041489] evm: security.capability
Jun 16 01:35:18 kernel: [    0.041524] clocksource: jiffies: mask: 0xffffffff max_cycles: 0xffffffff, max_idle_ns: 7645041785100000 ns
Jun 16 01:35:18 kernel: [    0.041524] pinctrl core: initialized pinctrl subsystem
Jun 16 01:35:18 kernel: [    0.041524] RTC time:  1:35:17, date: 06/16/17
Jun 16 01:35:18 kernel: [    0.041524] NET: Registered protocol family 16
Jun 16 01:35:18 kernel: [    0.052027] cpuidle: using governor ladder
Jun 16 01:35:18 kernel: [    0.064018] cpuidle: using governor menu
Jun 16 01:35:18 kernel: [    0.064031] PCCT header not found.
Jun 16 01:35:18 kernel: [    0.064143] ACPI: bus type PCI registered
Jun 16 01:35:18 kernel: [    0.064146] acpiphp: ACPI Hot Plug PCI Controller Driver version: 0.5
Jun 16 01:35:18 kernel: [    0.064289] PCI: Using configuration type 1 for base access
Jun 16 01:35:18 kernel: [    0.076405] ACPI: Added _OSI(Module Device)
Jun 16 01:35:18 kernel: [    0.076405] ACPI: Added _OSI(Processor Device)
Jun 16 01:35:18 kernel: [    0.076405] ACPI: Added _OSI(3.0 _SCP Extensions)
Jun 16 01:35:18 kernel: [    0.076405] ACPI: Added _OSI(Processor Aggregator Device)
Jun 16 01:35:18 kernel: [    0.077913] ACPI: Interpreter enabled
Jun 16 01:35:18 kernel: [    0.077923] ACPI: (supports S0 S5)
Jun 16 01:35:18 kernel: [    0.077924] ACPI: Using IOAPIC for interrupt routing
Jun 16 01:35:18 kernel: [    0.077938] PCI: Using host bridge windows from ACPI; if necessary, use "pci=nocrs" and report a bug
Jun 16 01:35:18 kernel: [    0.081738] ACPI: PCI Root Bridge [PCI0] (domain 0000 [bus 00-ff])
Jun 16 01:35:18 kernel: [    0.081743] acpi PNP0A03:00: _OSC: OS supports [ASPM ClockPM Segments MSI]
Jun 16 01:35:18 kernel: [    0.081747] acpi PNP0A03:00: _OSC failed (AE_NOT_FOUND); disabling ASPM
Jun 16 01:35:18 kernel: [    0.081755] acpi PNP0A03:00: fail to add MMCONFIG information, can't access extended PCI configuration space under this bridge.
Jun 16 01:35:18 kernel: [    0.082142] acpiphp: Slot [1] registered
Jun 16 01:35:18 kernel: [    0.082167] acpiphp: Slot [2] registered
Jun 16 01:35:18 kernel: [    0.082183] acpiphp: Slot [3] registered
Jun 16 01:35:18 kernel: [    0.082198] acpiphp: Slot [4] registered
Jun 16 01:35:18 kernel: [    0.082212] acpiphp: Slot [5] registered
Jun 16 01:35:18 kernel: [    0.082228] acpiphp: Slot [6] registered
Jun 16 01:35:18 kernel: [    0.082242] acpiphp: Slot [7] registered
Jun 16 01:35:18 kernel: [    0.082256] acpiphp: Slot [8] registered
Jun 16 01:35:18 kernel: [    0.082270] acpiphp: Slot [9] registered
Jun 16 01:35:18 kernel: [    0.082284] acpiphp: Slot [10] registered
Jun 16 01:35:18 kernel: [    0.082298] acpiphp: Slot [11] registered
Jun 16 01:35:18 kernel: [    0.082312] acpiphp: Slot [12] registered
Jun 16 01:35:18 kernel: [    0.082327] acpiphp: Slot [13] registered
Jun 16 01:35:18 kernel: [    0.082342] acpiphp: Slot [14] registered
Jun 16 01:35:18 kernel: [    0.082356] acpiphp: Slot [15] registered
Jun 16 01:35:18 kernel: [    0.082370] acpiphp: Slot [16] registered
Jun 16 01:35:18 kernel: [    0.082384] acpiphp: Slot [17] registered
Jun 16 01:35:18 kernel: [    0.082398] acpiphp: Slot [18] registered
Jun 16 01:35:18 kernel: [    0.082418] acpiphp: Slot [19] registered
Jun 16 01:35:18 kernel: [    0.082434] acpiphp: Slot [20] registered
Jun 16 01:35:18 kernel: [    0.082448] acpiphp: Slot [21] registered
Jun 16 01:35:18 kernel: [    0.082462] acpiphp: Slot [22] registered
Jun 16 01:35:18 kernel: [    0.082476] acpiphp: Slot [23] registered
Jun 16 01:35:18 kernel: [    0.082490] acpiphp: Slot [24] registered
Jun 16 01:35:18 kernel: [    0.082504] acpiphp: Slot [25] registered
Jun 16 01:35:18 kernel: [    0.082518] acpiphp: Slot [26] registered
Jun 16 01:35:18 kernel: [    0.082533] acpiphp: Slot [27] registered
Jun 16 01:35:18 kernel: [    0.082550] acpiphp: Slot [28] registered
Jun 16 01:35:18 kernel: [    0.082573] acpiphp: Slot [29] registered
Jun 16 01:35:18 kernel: [    0.082596] acpiphp: Slot [30] registered
Jun 16 01:35:18 kernel: [    0.082613] acpiphp: Slot [31] registered
Jun 16 01:35:18 kernel: [    0.082822] PCI host bridge to bus 0000:00
Jun 16 01:35:18 kernel: [    0.082825] pci_bus 0000:00: root bus resource [io  0x0000-0x0cf7 window]
Jun 16 01:35:18 kernel: [    0.082826] pci_bus 0000:00: root bus resource [io  0x0d00-0xffff window]
Jun 16 01:35:18 kernel: [    0.082828] pci_bus 0000:00: root bus resource [mem 0x000a0000-0x000bffff window]
Jun 16 01:35:18 kernel: [    0.082829] pci_bus 0000:00: root bus resource [mem 0xe0000000-0xfebfffff window]
Jun 16 01:35:18 kernel: [    0.082831] pci_bus 0000:00: root bus resource [bus 00-ff]
Jun 16 01:35:18 kernel: [    0.082856] pci 0000:00:00.0: [8086:1237] type 00 class 0x060000
Jun 16 01:35:18 kernel: [    0.083164] pci 0000:00:01.0: [8086:7000] type 00 class 0x060100
Jun 16 01:35:18 kernel: [    0.083553] pci 0000:00:01.1: [8086:7010] type 00 class 0x010180
Jun 16 01:35:18 kernel: [    0.083726] pci 0000:00:01.1: reg 0x20: [io  0xc000-0xc00f]
Jun 16 01:35:18 kernel: [    0.083800] pci 0000:00:01.1: legacy IDE quirk: reg 0x10: [io  0x01f0-0x01f7]
Jun 16 01:35:18 kernel: [    0.083802] pci 0000:00:01.1: legacy IDE quirk: reg 0x14: [io  0x03f6]
Jun 16 01:35:18 kernel: [    0.083803] pci 0000:00:01.1: legacy IDE quirk: reg 0x18: [io  0x0170-0x0177]
Jun 16 01:35:18 kernel: [    0.083804] pci 0000:00:01.1: legacy IDE quirk: reg 0x1c: [io  0x0376]
Jun 16 01:35:18 kernel: [    0.083925] pci 0000:00:01.2: [8086:7020] type 00 class 0x0c0300
Jun 16 01:35:18 kernel: [    0.084138] pci 0000:00:01.2: reg 0x20: [io  0xc020-0xc03f]
Jun 16 01:35:18 kernel: [    0.084347] pci 0000:00:01.3: [8086:7113] type 00 class 0x068000
Jun 16 01:35:18 kernel: [    0.084601] pci 0000:00:01.3: quirk: [io  0xb000-0xb03f] claimed by PIIX4 ACPI
Jun 16 01:35:18 kernel: [    0.084608] pci 0000:00:01.3: quirk: [io  0xb100-0xb10f] claimed by PIIX4 SMB
Jun 16 01:35:18 kernel: [    0.084771] pci 0000:00:02.0: [1013:00b8] type 00 class 0x030000
Jun 16 01:35:18 kernel: [    0.100031] pci 0000:00:02.0: reg 0x10: [mem 0xf0000000-0xf1ffffff pref]
Jun 16 01:35:18 kernel: [    0.116023] pci 0000:00:02.0: reg 0x14: [mem 0xf2000000-0xf2000fff]
Jun 16 01:35:18 kernel: [    0.200019] pci 0000:00:02.0: reg 0x30: [mem 0xf2010000-0xf201ffff pref]
Jun 16 01:35:18 kernel: [    0.200255] pci 0000:00:03.0: [1af4:1000] type 00 class 0x020000
Jun 16 01:35:18 kernel: [    0.200381] pci 0000:00:03.0: reg 0x10: [io  0xc040-0xc05f]
Jun 16 01:35:18 kernel: [    0.200429] pci 0000:00:03.0: reg 0x14: [mem 0xf2020000-0xf2020fff]
Jun 16 01:35:18 kernel: [    0.200695] pci 0000:00:03.0: reg 0x30: [mem 0xf2030000-0xf203ffff pref]
Jun 16 01:35:18 kernel: [    0.200932] pci 0000:00:04.0: [1af4:1002] type 00 class 0x050000
Jun 16 01:35:18 kernel: [    0.200999] pci 0000:00:04.0: reg 0x10: [io  0xc060-0xc07f]
Jun 16 01:35:18 kernel: [    0.201353] pci 0000:00:05.0: [1af4:1001] type 00 class 0x010000
Jun 16 01:35:18 kernel: [    0.201463] pci 0000:00:05.0: reg 0x10: [io  0xc080-0xc0bf]
Jun 16 01:35:18 kernel: [    0.201520] pci 0000:00:05.0: reg 0x14: [mem 0xf2040000-0xf2040fff]
Jun 16 01:35:18 kernel: [    0.204096] ACPI: PCI Interrupt Link [LNKA] (IRQs 5 *10 11)
Jun 16 01:35:18 kernel: [    0.204174] ACPI: PCI Interrupt Link [LNKB] (IRQs 5 *10 11)
Jun 16 01:35:18 kernel: [    0.204270] ACPI: PCI Interrupt Link [LNKC] (IRQs 5 10 *11)
Jun 16 01:35:18 kernel: [    0.204391] ACPI: PCI Interrupt Link [LNKD] (IRQs 5 10 *11)
Jun 16 01:35:18 kernel: [    0.204441] ACPI: PCI Interrupt Link [LNKS] (IRQs *9)
Jun 16 01:35:18 kernel: [    0.204728] ACPI: Enabled 16 GPEs in block 00 to 0F
Jun 16 01:35:18 kernel: [    0.204861] vgaarb: setting as boot device: PCI:0000:00:02.0
Jun 16 01:35:18 kernel: [    0.204861] vgaarb: device added: PCI:0000:00:02.0,decodes=io+mem,owns=io+mem,locks=none
Jun 16 01:35:18 kernel: [    0.204861] vgaarb: loaded
Jun 16 01:35:18 kernel: [    0.204861] vgaarb: bridge control possible 0000:00:02.0
Jun 16 01:35:18 kernel: [    0.204861] SCSI subsystem initialized
Jun 16 01:35:18 kernel: [    0.204861] libata version 3.00 loaded.
Jun 16 01:35:18 kernel: [    0.204861] ACPI: bus type USB registered
Jun 16 01:35:18 kernel: [    0.204861] usbcore: registered new interface driver usbfs
Jun 16 01:35:18 kernel: [    0.204861] usbcore: registered new interface driver hub
Jun 16 01:35:18 kernel: [    0.204861] usbcore: registered new device driver usb
Jun 16 01:35:18 kernel: [    0.204861] ioremap error for 0xdffff000-0xe0000000, requested 0x2, got 0x0
Jun 16 01:35:18 kernel: [    0.204861] dmi: Firmware registration failed.
Jun 16 01:35:18 kernel: [    0.204861] PCI: Using ACPI for IRQ routing
Jun 16 01:35:18 kernel: [    0.204861] PCI: pci_cache_line_size set to 64 bytes
Jun 16 01:35:18 kernel: [    0.204861] e820: reserve RAM buffer [mem 0x0009dc00-0x0009ffff]
Jun 16 01:35:18 kernel: [    0.204861] e820: reserve RAM buffer [mem 0xdfffd000-0xdfffffff]
Jun 16 01:35:18 kernel: [    0.204861] NetLabel: Initializing
Jun 16 01:35:18 kernel: [    0.204861] NetLabel:  domain hash size = 128
Jun 16 01:35:18 kernel: [    0.204861] NetLabel:  protocols = UNLABELED CIPSOv4
Jun 16 01:35:18 kernel: [    0.204861] NetLabel:  unlabeled traffic allowed by default
Jun 16 01:35:18 kernel: [    0.204861] amd_nb: Cannot enumerate AMD northbridges
Jun 16 01:35:18 kernel: [    0.204861] clocksource: Switched to clocksource kvm-clock
Jun 16 01:35:18 kernel: [    0.212361] AppArmor: AppArmor Filesystem Enabled
Jun 16 01:35:18 kernel: [    0.212431] pnp: PnP ACPI init
Jun 16 01:35:18 kernel: [    0.212580] pnp 00:00: Plug and Play ACPI device, IDs PNP0b00 (active)
Jun 16 01:35:18 kernel: [    0.212652] pnp 00:01: Plug and Play ACPI device, IDs PNP0303 (active)
Jun 16 01:35:18 kernel: [    0.212702] pnp 00:02: Plug and Play ACPI device, IDs PNP0f13 (active)
Jun 16 01:35:18 kernel: [    0.212724] pnp 00:03: [dma 2]
Jun 16 01:35:18 kernel: [    0.212765] pnp 00:03: Plug and Play ACPI device, IDs PNP0700 (active)
Jun 16 01:35:18 kernel: [    0.212855] pnp 00:04: Plug and Play ACPI device, IDs PNP0501 (active)
Jun 16 01:35:18 kernel: [    0.213027] pnp: PnP ACPI: found 5 devices
Jun 16 01:35:18 kernel: [    0.221167] clocksource: acpi_pm: mask: 0xffffff max_cycles: 0xffffff, max_idle_ns: 2085701024 ns
Jun 16 01:35:18 kernel: [    0.221187] pci_bus 0000:00: resource 4 [io  0x0000-0x0cf7 window]
Jun 16 01:35:18 kernel: [    0.221189] pci_bus 0000:00: resource 5 [io  0x0d00-0xffff window]
Jun 16 01:35:18 kernel: [    0.221190] pci_bus 0000:00: resource 6 [mem 0x000a0000-0x000bffff window]
Jun 16 01:35:18 kernel: [    0.221192] pci_bus 0000:00: resource 7 [mem 0xe0000000-0xfebfffff window]
Jun 16 01:35:18 kernel: [    0.221231] NET: Registered protocol family 2
Jun 16 01:35:18 kernel: [    0.221466] TCP established hash table entries: 32768 (order: 6, 262144 bytes)
Jun 16 01:35:18 kernel: [    0.221539] TCP bind hash table entries: 32768 (order: 7, 524288 bytes)
Jun 16 01:35:18 kernel: [    0.221992] TCP: Hash tables configured (established 32768 bind 32768)
Jun 16 01:35:18 kernel: [    0.222027] UDP hash table entries: 2048 (order: 4, 65536 bytes)
Jun 16 01:35:18 kernel: [    0.222040] UDP-Lite hash table entries: 2048 (order: 4, 65536 bytes)
Jun 16 01:35:18 kernel: [    0.222087] NET: Registered protocol family 1
Jun 16 01:35:18 kernel: [    0.222100] pci 0000:00:00.0: Limiting direct PCI/PCI transfers
Jun 16 01:35:18 kernel: [    0.222117] pci 0000:00:01.0: PIIX3: Enabling Passive Release
Jun 16 01:35:18 kernel: [    0.222130] pci 0000:00:01.0: Activating ISA DMA hang workarounds
Jun 16 01:35:18 kernel: [    0.222400] ACPI: PCI Interrupt Link [LNKD] enabled at IRQ 11
Jun 16 01:35:18 kernel: [    0.222591] pci 0000:00:02.0: Video device with shadowed ROM
Jun 16 01:35:18 kernel: [    0.222622] PCI: CLS 0 bytes, default 64
Jun 16 01:35:18 kernel: [    0.222679] Trying to unpack rootfs image as initramfs...
Jun 16 01:35:18 kernel: [    0.458478] Freeing initrd memory: 13808K (ffff88007f284000 - ffff880080000000)
Jun 16 01:35:18 kernel: [    0.458538] PCI-DMA: Using software bounce buffering for IO (SWIOTLB)
Jun 16 01:35:18 kernel: [    0.458540] software IO TLB [mem 0xdbffd000-0xdfffd000] (64MB) mapped at [ffff8800dbffd000-ffff8800dfffcfff]
Jun 16 01:35:18 kernel: [    0.458712] Scanning for low memory corruption every 60 seconds
Jun 16 01:35:18 kernel: [    0.460240] futex hash table entries: 512 (order: 3, 32768 bytes)
Jun 16 01:35:18 kernel: [    0.460268] audit: initializing netlink subsys (disabled)
Jun 16 01:35:18 kernel: [    0.460298] audit: type=2000 audit(1412307023.784:1): initialized
Jun 16 01:35:18 kernel: [    0.460546] Initialise system trusted keyring
Jun 16 01:35:18 kernel: [    0.460703] HugeTLB registered 2 MB page size, pre-allocated 0 pages
Jun 16 01:35:18 kernel: [    0.462182] zbud: loaded
Jun 16 01:35:18 kernel: [    0.462419] VFS: Disk quotas dquot_6.6.0
Jun 16 01:35:18 kernel: [    0.462456] VFS: Dquot-cache hash table entries: 512 (order 0, 4096 bytes)
Jun 16 01:35:18 kernel: [    0.462728] squashfs: version 4.0 (2009/01/31) Phillip Lougher
Jun 16 01:35:18 kernel: [    0.463074] fuse init (API version 7.23)
Jun 16 01:35:18 kernel: [    0.463260] Key type big_key registered
Jun 16 01:35:18 kernel: [    0.463280] Allocating IMA MOK and blacklist keyrings.
Jun 16 01:35:18 kernel: [    0.464551] Key type asymmetric registered
Jun 16 01:35:18 kernel: [    0.464551] Asymmetric key parser 'x509' registered
Jun 16 01:35:18 kernel: [    0.464597] Block layer SCSI generic (bsg) driver version 0.4 loaded (major 249)
Jun 16 01:35:18 kernel: [    0.464663] io scheduler noop registered
Jun 16 01:35:18 kernel: [    0.464663] io scheduler deadline registered (default)
Jun 16 01:35:18 kernel: [    0.464683] io scheduler cfq registered
Jun 16 01:35:18 kernel: [    0.464774] pci_hotplug: PCI Hot Plug PCI Core version: 0.5
Jun 16 01:35:18 kernel: [    0.464779] pciehp: PCI Express Hot Plug Controller Driver version: 0.4
Jun 16 01:35:18 kernel: [    0.464805] vesafb: mode is 800x600x16, linelength=1600, pages=3
Jun 16 01:35:18 kernel: [    0.464806] vesafb: scrolling: redraw
Jun 16 01:35:18 kernel: [    0.464808] vesafb: Truecolor: size=0:5:6:5, shift=0:11:5:0
Jun 16 01:35:18 kernel: [    0.464822] vesafb: framebuffer at 0xf0000000, mapped to 0xffffc90000800000, using 1875k, total 4096k
Jun 16 01:35:18 kernel: [    0.465883] Console: switching to colour frame buffer device 100x37
Jun 16 01:35:18 kernel: [    0.466465] fb0: VESA VGA frame buffer device
Jun 16 01:35:18 kernel: [    0.466488] intel_idle: does not run on family 6 model 44
Jun 16 01:35:18 kernel: [    0.466557] input: Power Button as /devices/LNXSYSTM:00/LNXPWRBN:00/input/input0
Jun 16 01:35:18 kernel: [    0.466561] ACPI: Power Button [PWRF]
Jun 16 01:35:18 kernel: [    0.466785] GHES: HEST is not enabled!
Jun 16 01:35:18 kernel: [    0.467080] ACPI: PCI Interrupt Link [LNKC] enabled at IRQ 10
Jun 16 01:35:18 kernel: [    0.467117] virtio-pci 0000:00:03.0: virtio_pci: leaving for legacy driver
Jun 16 01:35:18 kernel: [    0.467352] virtio-pci 0000:00:04.0: virtio_pci: leaving for legacy driver
Jun 16 01:35:18 kernel: [    0.467579] ACPI: PCI Interrupt Link [LNKA] enabled at IRQ 10
Jun 16 01:35:18 kernel: [    0.467605] virtio-pci 0000:00:05.0: virtio_pci: leaving for legacy driver
Jun 16 01:35:18 kernel: [    0.468164] Serial: 8250/16550 driver, 32 ports, IRQ sharing enabled
Jun 16 01:35:18 kernel: [    0.489317] 00:04: ttyS0 at I/O 0x3f8 (irq = 4, base_baud = 115200) is a 16550A
Jun 16 01:35:18 kernel: [    0.491849] Linux agpgart interface v0.103
Jun 16 01:35:18 kernel: [    0.495477] brd: module loaded
Jun 16 01:35:18 kernel: [    0.497108] loop: module loaded
Jun 16 01:35:18 kernel: [    0.550764]  vda: vda1 vda2 vda3
Jun 16 01:35:18 kernel: [    0.551418] ata_piix 0000:00:01.1: version 2.13
Jun 16 01:35:18 kernel: [    0.552139] scsi host0: ata_piix
Jun 16 01:35:18 kernel: [    0.552315] scsi host1: ata_piix
Jun 16 01:35:18 kernel: [    0.552367] ata1: PATA max MWDMA2 cmd 0x1f0 ctl 0x3f6 bmdma 0xc000 irq 14
Jun 16 01:35:18 kernel: [    0.552369] ata2: PATA max MWDMA2 cmd 0x170 ctl 0x376 bmdma 0xc008 irq 15
Jun 16 01:35:18 kernel: [    0.552652] libphy: Fixed MDIO Bus: probed
Jun 16 01:35:18 kernel: [    0.552658] tun: Universal TUN/TAP device driver, 1.6
Jun 16 01:35:18 kernel: [    0.552659] tun: (C) 1999-2004 Max Krasnyansky <maxk@qualcomm.com>
Jun 16 01:35:18 kernel: [    0.638445] PPP generic driver version 2.4.2
Jun 16 01:35:18 kernel: [    0.638643] ehci_hcd: USB 2.0 'Enhanced' Host Controller (EHCI) Driver
Jun 16 01:35:18 kernel: [    0.638652] ehci-pci: EHCI PCI platform driver
Jun 16 01:35:18 kernel: [    0.638669] ehci-platform: EHCI generic platform driver
Jun 16 01:35:18 kernel: [    0.638681] ohci_hcd: USB 1.1 'Open' Host Controller (OHCI) Driver
Jun 16 01:35:18 kernel: [    0.638686] ohci-pci: OHCI PCI platform driver
Jun 16 01:35:18 kernel: [    0.638698] ohci-platform: OHCI generic platform driver
Jun 16 01:35:18 kernel: [    0.638709] uhci_hcd: USB Universal Host Controller Interface driver
Jun 16 01:35:18 kernel: [    0.639011] uhci_hcd 0000:00:01.2: UHCI Host Controller
Jun 16 01:35:18 kernel: [    0.639021] uhci_hcd 0000:00:01.2: new USB bus registered, assigned bus number 1
Jun 16 01:35:18 kernel: [    0.639039] uhci_hcd 0000:00:01.2: detected 2 ports
Jun 16 01:35:18 kernel: [    0.639094] uhci_hcd 0000:00:01.2: irq 11, io base 0x0000c020
Jun 16 01:35:18 kernel: [    0.639188] usb usb1: New USB device found, idVendor=1d6b, idProduct=0001
Jun 16 01:35:18 kernel: [    0.639190] usb usb1: New USB device strings: Mfr=3, Product=2, SerialNumber=1
Jun 16 01:35:18 kernel: [    0.639192] usb usb1: Product: UHCI Host Controller
Jun 16 01:35:18 kernel: [    0.639194] usb usb1: Manufacturer: Linux 4.4.0-62-generic uhci_hcd
Jun 16 01:35:18 kernel: [    0.639196] usb usb1: SerialNumber: 0000:00:01.2
Jun 16 01:35:18 kernel: [    0.639383] hub 1-0:1.0: USB hub found
Jun 16 01:35:18 kernel: [    0.639400] hub 1-0:1.0: 2 ports detected
Jun 16 01:35:18 kernel: [    0.639591] i8042: PNP: PS/2 Controller [PNP0303:KBD,PNP0f13:MOU] at 0x60,0x64 irq 1,12
Jun 16 01:35:18 kernel: [    0.640347] serio: i8042 KBD port at 0x60,0x64 irq 1
Jun 16 01:35:18 kernel: [    0.640354] serio: i8042 AUX port at 0x60,0x64 irq 12
Jun 16 01:35:18 kernel: [    0.640635] mousedev: PS/2 mouse device common for all mice
Jun 16 01:35:18 kernel: [    0.641013] input: AT Translated Set 2 keyboard as /devices/platform/i8042/serio0/input/input1
Jun 16 01:35:18 kernel: [    0.641296] rtc_cmos 00:00: RTC can wake from S4
Jun 16 01:35:18 kernel: [    0.641606] rtc_cmos 00:00: rtc core: registered rtc_cmos as rtc0
Jun 16 01:35:18 kernel: [    0.641696] rtc_cmos 00:00: alarms up to one day, 114 bytes nvram
Jun 16 01:35:18 kernel: [    0.641707] i2c /dev entries driver
Jun 16 01:35:18 kernel: [    0.641778] device-mapper: uevent: version 1.0.3
Jun 16 01:35:18 kernel: [    0.641927] device-mapper: ioctl: 4.34.0-ioctl (2015-10-28) initialised: dm-devel@redhat.com
Jun 16 01:35:18 kernel: [    0.641943] ledtrig-cpu: registered to indicate activity on CPUs
Jun 16 01:35:18 kernel: [    0.642460] NET: Registered protocol family 10
Jun 16 01:35:18 kernel: [    0.642740] NET: Registered protocol family 17
Jun 16 01:35:18 kernel: [    0.642754] Key type dns_resolver registered
Jun 16 01:35:18 kernel: [    0.642980] microcode: CPU0 sig=0x206c2, pf=0x1, revision=0x1
Jun 16 01:35:18 kernel: [    0.642993] microcode: CPU1 sig=0x206c2, pf=0x1, revision=0x1
Jun 16 01:35:18 kernel: [    0.643077] microcode: Microcode Update Driver: v2.01 <tigran@aivazian.fsnet.co.uk>, Peter Oruba
Jun 16 01:35:18 kernel: [    0.643401] registered taskstats version 1
Jun 16 01:35:18 kernel: [    0.643421] Loading compiled-in X.509 certificates
Jun 16 01:35:18 kernel: [    0.644533] Loaded X.509 cert 'Build time autogenerated kernel key: a630254739635d6fdc487c9f0afa5d9a0ff04f04'
Jun 16 01:35:18 kernel: [    0.644560] zswap: loaded using pool lzo/zbud
Jun 16 01:35:18 kernel: [    0.646158] Key type trusted registered
Jun 16 01:35:18 kernel: [    0.648514] Key type encrypted registered
Jun 16 01:35:18 kernel: [    0.648521] AppArmor: AppArmor sha1 policy hashing enabled
Jun 16 01:35:18 kernel: [    0.648525] ima: No TPM chip found, activating TPM-bypass!
Jun 16 01:35:18 kernel: [    0.648971] evm: HMAC attrs: 0x1
Jun 16 01:35:18 kernel: [    0.649305]   Magic number: 5:334:559
Jun 16 01:35:18 kernel: [    0.649334] tty ttyS31: hash matches
Jun 16 01:35:18 kernel: [    0.649528] rtc_cmos 00:00: setting system clock to 2017-06-16 01:35:18 UTC (1497576918)
Jun 16 01:35:18 kernel: [    0.649630] BIOS EDD facility v0.16 2004-Jun-25, 0 devices found
Jun 16 01:35:18 kernel: [    0.649631] EDD information not available.
Jun 16 01:35:18 kernel: [    0.649774] PM: Hibernation image not present or could not be loaded.
Jun 16 01:35:18 kernel: [    0.708616] ata1.01: NODEV after polling detection
Jun 16 01:35:18 kernel: [    0.708812] ata2.01: NODEV after polling detection
Jun 16 01:35:18 kernel: [    0.709008] ata1.00: ATAPI: QEMU DVD-ROM, 0.12.1, max UDMA/100
Jun 16 01:35:18 kernel: [    0.709184] ata2.00: ATAPI: QEMU DVD-ROM, 0.12.1, max UDMA/100
Jun 16 01:35:18 kernel: [    0.709694] ata2.00: configured for MWDMA2
Jun 16 01:35:18 kernel: [    0.709790] ata1.00: configured for MWDMA2
Jun 16 01:35:18 kernel: [    0.710339] scsi 0:0:0:0: CD-ROM            QEMU     QEMU DVD-ROM     0.12 PQ: 0 ANSI: 5
Jun 16 01:35:18 kernel: [    0.710961] sr 0:0:0:0: [sr0] scsi3-mmc drive: 4x/4x xa/form2 tray
Jun 16 01:35:18 kernel: [    0.710964] cdrom: Uniform CD-ROM driver Revision: 3.20
Jun 16 01:35:18 kernel: [    0.711091] sr 0:0:0:0: Attached scsi CD-ROM sr0
Jun 16 01:35:18 kernel: [    0.711153] sr 0:0:0:0: Attached scsi generic sg0 type 5
Jun 16 01:35:18 kernel: [    0.711622] scsi 1:0:0:0: CD-ROM            QEMU     QEMU DVD-ROM     0.12 PQ: 0 ANSI: 5
Jun 16 01:35:18 kernel: [    0.716577] sr 1:0:0:0: [sr1] scsi3-mmc drive: 4x/4x xa/form2 tray
Jun 16 01:35:18 kernel: [    0.716758] sr 1:0:0:0: Attached scsi CD-ROM sr1
Jun 16 01:35:18 kernel: [    0.717039] sr 1:0:0:0: Attached scsi generic sg1 type 5
Jun 16 01:35:18 kernel: [    0.719312] Freeing unused kernel memory: 1488K (ffffffff81f44000 - ffffffff820b8000)
Jun 16 01:35:18 kernel: [    0.719315] Write protecting the kernel read-only data: 14336k
Jun 16 01:35:18 kernel: [    0.720188] Freeing unused kernel memory: 1792K (ffff880001840000 - ffff880001a00000)
Jun 16 01:35:18 kernel: [    0.720735] Freeing unused kernel memory: 136K (ffff880001dde000 - ffff880001e00000)
Jun 16 01:35:18 kernel: [    0.726518] random: systemd-udevd: uninitialized urandom read (16 bytes read, 2 bits of entropy available)
Jun 16 01:35:18 kernel: [    0.726626] random: systemd-udevd: uninitialized urandom read (16 bytes read, 2 bits of entropy available)
Jun 16 01:35:18 kernel: [    0.726644] random: systemd-udevd: uninitialized urandom read (16 bytes read, 2 bits of entropy available)
Jun 16 01:35:18 kernel: [    0.726663] random: systemd-udevd: uninitialized urandom read (16 bytes read, 2 bits of entropy available)
Jun 16 01:35:18 kernel: [    0.727053] random: udevadm: uninitialized urandom read (16 bytes read, 2 bits of entropy available)
Jun 16 01:35:18 kernel: [    0.727099] random: udevadm: uninitialized urandom read (16 bytes read, 2 bits of entropy available)
Jun 16 01:35:18 kernel: [    0.727231] random: udevadm: uninitialized urandom read (16 bytes read, 2 bits of entropy available)
Jun 16 01:35:18 kernel: [    0.727313] random: udevadm: uninitialized urandom read (16 bytes read, 2 bits of entropy available)
Jun 16 01:35:18 kernel: [    0.727380] random: udevadm: uninitialized urandom read (16 bytes read, 2 bits of entropy available)
Jun 16 01:35:18 kernel: [    0.727443] random: udevadm: uninitialized urandom read (16 bytes read, 2 bits of entropy available)
Jun 16 01:35:18 kernel: [    0.769231] Floppy drive(s): fd0 is 1.44M
Jun 16 01:35:18 kernel: [    0.774720] virtio_net virtio0 ens3: renamed from eth0
Jun 16 01:35:18 kernel: [    0.784556] FDC 0 is a S82078B
Jun 16 01:35:18 kernel: [    0.948034] usb 1-1: new full-speed USB device number 2 using uhci_hcd
Jun 16 01:35:18 frontend: Setting debconf/priority to critical
Jun 16 01:35:19 kernel: [    1.202201] usb 1-1: New USB device found, idVendor=0627, idProduct=0001
Jun 16 01:35:19 kernel: [    1.202205] usb 1-1: New USB device strings: Mfr=1, Product=3, SerialNumber=5
Jun 16 01:35:19 kernel: [    1.202207] usb 1-1: Product: QEMU USB Tablet
Jun 16 01:35:19 kernel: [    1.202208] usb 1-1: Manufacturer: QEMU 0.12.1
Jun 16 01:35:19 kernel: [    1.202209] usb 1-1: SerialNumber: 42
Jun 16 01:35:19 kernel: [    1.213062] hidraw: raw HID events driver (C) Jiri Kosina
Jun 16 01:35:19 kernel: [    1.222362] usbcore: registered new interface driver usbhid
Jun 16 01:35:19 kernel: [    1.222364] usbhid: USB HID core driver
Jun 16 01:35:19 kernel: [    1.225345] input: QEMU 0.12.1 QEMU USB Tablet as /devices/pci0000:00/0000:00:01.2/usb1/1-1/1-1:1.0/0003:0627:0001.0001/input/input3
Jun 16 01:35:19 kernel: [    1.225472] hid-generic 0003:0627:0001.0001: input,hidraw0: USB HID v0.01 Pointer [QEMU 0.12.1 QEMU USB Tablet] on usb-0000:00:01.2-1/input0
Jun 16 01:35:19 init: starting pid 234, tty '': '/sbin/reopen-console /sbin/debian-installer'
Jun 16 01:35:19 init: starting pid 238, tty '/dev/tty4': '/usr/bin/tail -f /var/log/syslog'
Jun 16 01:35:19 debconf: Setting debconf/language to en
Jun 16 01:35:19 main-menu[265]: INFO: Falling back to the package description for brltty-udeb
Jun 16 01:35:19 main-menu[265]: INFO: Falling back to the package description for brltty-udeb
Jun 16 01:35:19 main-menu[265]: INFO: Falling back to the package description for brltty-udeb
Jun 16 01:35:19 main-menu[265]: INFO: Menu item 'brltty-udeb' selected
Jun 16 01:35:19 main-menu[265]: WARNING **: Unable to set title for brltty-udeb.
Jun 16 01:35:19 main-menu[265]: INFO: Falling back to the package description for brltty-udeb
Jun 16 01:35:19 main-menu[265]: INFO: Falling back to the package description for brltty-udeb
Jun 16 01:35:19 main-menu[265]: INFO: Menu item 'cdrom-detect' selected
Jun 16 01:35:19 kernel: [    1.456053] tsc: Refined TSC clocksource calibration: 3066.744 MHz
Jun 16 01:35:19 kernel: [    1.456057] clocksource: tsc: mask: 0xffffffffffffffff max_cycles: 0x2c349013153, max_idle_ns: 440795239644 ns
Jun 16 01:35:19 anna-install: Queueing udeb virtio-modules for later installation
Jun 16 01:35:19 net/hw-detect.hotplug: Detected hotpluggable network interface ens3
Jun 16 01:35:19 net/hw-detect.hotplug: Detected hotpluggable network interface lo
Jun 16 01:35:19 hw-detect: Detected module 'usb-storage' for 'USB storage'
Jun 16 01:35:19 hw-detect: insmod /lib/modules/4.4.0-62-generic/kernel/drivers/usb/storage/usb-storage.ko 
Jun 16 01:35:19 kernel: [    1.675159] usbcore: registered new interface driver usb-storage
Jun 16 01:35:19 apt-install: Queueing package udev for later installation
Jun 16 01:35:19 apt-install: Queueing package pciutils for later installation
Jun 16 01:35:19 apt-install: Queueing package usbutils for later installation
Jun 16 01:35:19 apt-install: Queueing package eject for later installation
Jun 16 01:35:20 check-missing-firmware: looking at dmesg for the first time
Jun 16 01:35:20 check-missing-firmware: saving timestamp for a later use: [    1.675159]
Jun 16 01:35:20 check-missing-firmware: /dev/.udev/firmware-missing does not exist, skipping
Jun 16 01:35:20 check-missing-firmware: /run/udev/firmware-missing does not exist, skipping
Jun 16 01:35:20 check-missing-firmware: no missing firmware in loaded kernel modules
Jun 16 01:35:20 cdrom-detect: Searching for Ubuntu installation media...
Jun 16 01:35:22 cdrom-detect: Devices: '/dev/sr0 /dev/sr1'
Jun 16 01:35:22 kernel: [    4.628558] ISO 9660 Extensions: Microsoft Joliet Level 3
Jun 16 01:35:22 cdrom-detect: CD-ROM mount succeeded: device=/dev/sr0 fstype=iso9660
Jun 16 01:35:22 kernel: [    4.631429] ISO 9660 Extensions: RRIP_1991A
Jun 16 01:35:22 cdrom-detect: Detected CD 'Ubuntu-Server 16.04.2 LTS "Xenial Xerus" - Release amd64 (20170215.8)'
Jun 16 01:35:22 cdrom-detect: Detected CD with 'xenial' (xenial) distribution
Jun 16 01:35:22 anna-install: Queueing udeb eject-udeb for later installation
Jun 16 01:35:22 anna-install: Queueing udeb apt-mirror-setup for later installation
Jun 16 01:35:22 anna-install: Queueing udeb apt-cdrom-setup for later installation
Jun 16 01:35:22 anna-install: Queueing udeb xenial-support for later installation
Jun 16 01:35:22 main-menu[265]: INFO: Falling back to the package description for brltty-udeb
Jun 16 01:35:22 main-menu[265]: INFO: Falling back to the package description for brltty-udeb
Jun 16 01:35:22 main-menu[265]: INFO: Menu item 'load-cdrom' selected
Jun 16 01:35:22 cdrom-retriever: warning: File /cdrom/dists/xenial/main/debian-installer/binary-amd64/Packages does not exist.
Jun 16 01:35:22 cdrom-retriever: warning: File /cdrom/dists/xenial/restricted/debian-installer/binary-amd64/Packages does not exist.
Jun 16 01:35:22 anna[5747]: DEBUG: resolver (ext3-modules): package doesn't exist (ignored)
Jun 16 01:35:22 anna[5747]: DEBUG: resolver (ext4-modules): package doesn't exist (ignored)
Jun 16 01:35:22 anna[5747]: DEBUG: resolver (ext3-modules): package doesn't exist (ignored)
Jun 16 01:35:22 anna[5747]: DEBUG: resolver (ext4-modules): package doesn't exist (ignored)
Jun 16 01:35:22 anna[5747]: DEBUG: retrieving apt-cdrom-setup 1:0.104ubuntu4.1
Jun 16 01:35:23 anna[5747]: DEBUG: retrieving apt-mirror-setup 1:0.104ubuntu4.1
Jun 16 01:35:23 anna[5747]: DEBUG: retrieving apt-setup-udeb 1:0.104ubuntu4.1
Jun 16 01:35:23 anna[5747]: DEBUG: retrieving attr-udeb 1:2.4.47-2
Jun 16 01:35:23 anna[5747]: DEBUG: retrieving libattr1-udeb 1:2.4.47-2
Jun 16 01:35:23 anna[5747]: DEBUG: retrieving base-installer 1.158ubuntu2.1
Jun 16 01:35:23 anna[5747]: DEBUG: retrieving libdns-export162-udeb 1:9.10.3.dfsg.P4-8ubuntu1.4
Jun 16 01:35:23 anna[5747]: DEBUG: retrieving libirs-export141-udeb 1:9.10.3.dfsg.P4-8ubuntu1.4
Jun 16 01:35:23 anna[5747]: DEBUG: retrieving libisccfg-export140-udeb 1:9.10.3.dfsg.P4-8ubuntu1.4
Jun 16 01:35:23 anna[5747]: DEBUG: retrieving libisc-export160-udeb 1:9.10.3.dfsg.P4-8ubuntu1.4
Jun 16 01:35:23 anna[5747]: DEBUG: retrieving btrfs-tools-udeb 4.4-1
Jun 16 01:35:23 anna[5747]: DEBUG: retrieving choose-mirror-bin 2.65ubuntu6
Jun 16 01:35:23 anna[5747]: DEBUG: retrieving clock-setup 0.126ubuntu1
Jun 16 01:35:23 anna[5747]: DEBUG: retrieving cryptsetup-udeb 2:1.6.6-5ubuntu2
Jun 16 01:35:24 anna[5747]: DEBUG: retrieving libcryptsetup4-udeb 2:1.6.6-5ubuntu2
Jun 16 01:35:24 anna[5747]: DEBUG: retrieving di-utils-mapdevfs 1.113ubuntu1
Jun 16 01:35:24 kernel: [    6.188484] random: nonblocking pool is initialized
Jun 16 01:35:24 anna[5747]: DEBUG: retrieving dosfstools-udeb 3.0.28-2ubuntu0.1
Jun 16 01:35:24 anna[5747]: DEBUG: retrieving e2fsprogs-udeb 1.42.13-1ubuntu1
Jun 16 01:35:24 anna[5747]: DEBUG: retrieving eject-udeb 2.1.5+deb1+cvs20081104-13.1
Jun 16 01:35:24 anna[5747]: DEBUG: retrieving finish-install 2.59ubuntu1
Jun 16 01:35:24 anna[5747]: DEBUG: retrieving fuse-udeb 2.9.4-1ubuntu3.1
Jun 16 01:35:24 anna[5747]: DEBUG: retrieving libfuse2-udeb 2.9.4-1ubuntu3.1
Jun 16 01:35:24 anna[5747]: DEBUG: retrieving grub-mount-udeb 2.02~beta2-36ubuntu3.7
Jun 16 01:35:24 anna[5747]: DEBUG: retrieving grub-installer 1.128ubuntu5.1
Jun 16 01:35:24 anna[5747]: DEBUG: retrieving disk-detect 1.117ubuntu2.1
Jun 16 01:35:24 anna[5747]: DEBUG: retrieving driver-injection-disk-detect 1.117ubuntu2.1
Jun 16 01:35:25 anna[5747]: DEBUG: retrieving ethdetect 1.117ubuntu2.1
Jun 16 01:35:25 anna[5747]: DEBUG: retrieving isc-dhcp-client-udeb 4.3.3-5ubuntu12.6
Jun 16 01:35:25 anna[5747]: DEBUG: retrieving jfsutils-udeb 1.1.15-2.1
Jun 16 01:35:25 anna[5747]: DEBUG: retrieving libbsd0-udeb 0.8.2-1
Jun 16 01:35:25 anna[5747]: DEBUG: retrieving libgcrypt20-udeb 1.6.5-2ubuntu0.2
Jun 16 01:35:25 anna[5747]: DEBUG: retrieving libgpg-error0-udeb 1.21-2ubuntu1
Jun 16 01:35:25 anna[5747]: DEBUG: retrieving libnl-3-200-udeb 3.2.27-1
Jun 16 01:35:25 anna[5747]: DEBUG: retrieving libnl-genl-3-200-udeb 3.2.27-1
Jun 16 01:35:25 anna[5747]: DEBUG: retrieving libusb-1.0-0-udeb 2:1.0.20-1
Jun 16 01:35:25 anna[5747]: DEBUG: retrieving block-modules-4.4.0-62-generic-di 4.4.0-62.83
Jun 16 01:35:25 anna[5747]: DEBUG: retrieving crypto-modules-4.4.0-62-generic-di 4.4.0-62.83
Jun 16 01:35:25 anna[5747]: DEBUG: retrieving nic-firmware 1.157.8
Jun 16 01:35:26 anna[5747]: DEBUG: retrieving fs-core-modules-4.4.0-62-generic-di 4.4.0-62.83
Jun 16 01:35:26 anna[5747]: DEBUG: retrieving fs-secondary-modules-4.4.0-62-generic-di 4.4.0-62.83
Jun 16 01:35:27 anna[5747]: DEBUG: retrieving ipmi-modules-4.4.0-62-generic-di 4.4.0-62.83
Jun 16 01:35:27 anna[5747]: DEBUG: retrieving irda-modules-4.4.0-62-generic-di 4.4.0-62.83
Jun 16 01:35:27 anna[5747]: DEBUG: retrieving md-modules-4.4.0-62-generic-di 4.4.0-62.83
Jun 16 01:35:27 anna[5747]: DEBUG: retrieving message-modules-4.4.0-62-generic-di 4.4.0-62.83
Jun 16 01:35:27 anna[5747]: DEBUG: retrieving nfs-modules-4.4.0-62-generic-di 4.4.0-62.83
Jun 16 01:35:27 anna[5747]: DEBUG: retrieving nic-modules-4.4.0-62-generic-di 4.4.0-62.83
Jun 16 01:35:27 anna[5747]: DEBUG: retrieving nic-pcmcia-modules-4.4.0-62-generic-di 4.4.0-62.83
Jun 16 01:35:27 anna[5747]: DEBUG: retrieving nic-shared-modules-4.4.0-62-generic-di 4.4.0-62.83
Jun 16 01:35:27 anna[5747]: DEBUG: retrieving nic-usb-modules-4.4.0-62-generic-di 4.4.0-62.83
Jun 16 01:35:27 anna[5747]: DEBUG: retrieving parport-modules-4.4.0-62-generic-di 4.4.0-62.83
Jun 16 01:35:27 anna[5747]: DEBUG: retrieving plip-modules-4.4.0-62-generic-di 4.4.0-62.83
Jun 16 01:35:27 anna[5747]: DEBUG: retrieving ppp-modules-4.4.0-62-generic-di 4.4.0-62.83
Jun 16 01:35:27 anna[5747]: DEBUG: retrieving live-installer 51ubuntu2.1
Jun 16 01:35:28 anna[5747]: DEBUG: retrieving dmsetup-udeb 2:1.02.110-1ubuntu10
Jun 16 01:35:28 anna[5747]: DEBUG: retrieving libdevmapper1.02.1-udeb 2:1.02.110-1ubuntu10
Jun 16 01:35:28 anna[5747]: DEBUG: retrieving lvm2-udeb 2.02.133-1ubuntu10
Jun 16 01:35:28 anna[5747]: DEBUG: retrieving liblzo2-2-udeb 2.08-1.2
Jun 16 01:35:28 anna[5747]: DEBUG: retrieving mdadm-udeb 3.3-2ubuntu7.1
Jun 16 01:35:28 anna[5747]: DEBUG: retrieving ndisc6-udeb 1.0.1-1ubuntu2
Jun 16 01:35:28 anna[5747]: DEBUG: retrieving rdnssd-udeb 1.0.1-1ubuntu2
Jun 16 01:35:28 anna[5747]: DEBUG: retrieving netcfg 1.135ubuntu4.2
Jun 16 01:35:28 anna[5747]: DEBUG: retrieving nobootloader 1.47
Jun 16 01:35:28 anna[5747]: DEBUG: retrieving ntfs-3g-udeb 1:2015.3.14AR.1-1ubuntu0.1
Jun 16 01:35:28 anna[5747]: DEBUG: retrieving open-iscsi-udeb 2.0.873+git0.3b4b4500-14ubuntu3.3
Jun 16 01:35:28 anna[5747]: DEBUG: retrieving os-prober-udeb 1.70ubuntu3.3
Jun 16 01:35:28 anna[5747]: DEBUG: retrieving partconf-mkfstab 1.49
Jun 16 01:35:28 anna[5747]: DEBUG: retrieving libparted2-udeb 3.2-15
Jun 16 01:35:28 anna[5747]: DEBUG: retrieving libparted-fs-resize0-udeb 3.2-15
Jun 16 01:35:28 anna[5747]: DEBUG: retrieving partman-auto-crypto 22ubuntu1
Jun 16 01:35:29 anna[5747]: DEBUG: retrieving partman-auto-loop 0ubuntu21
Jun 16 01:35:29 anna[5747]: DEBUG: retrieving partman-auto-lvm 56ubuntu1
Jun 16 01:35:29 anna[5747]: DEBUG: retrieving partman-auto 134ubuntu1.1
Jun 16 01:35:29 anna[5747]: DEBUG: retrieving partman-auto-raid 30ubuntu1
Jun 16 01:35:30 anna[5747]: DEBUG: retrieving partman-base 187ubuntu2.1
Jun 16 01:35:30 anna[5747]: DEBUG: retrieving partman-utils 187ubuntu2.1
Jun 16 01:35:30 anna[5747]: DEBUG: retrieving partman-basicfilesystems 120ubuntu1
Jun 16 01:35:30 anna[5747]: DEBUG: retrieving partman-basicmethods 61
Jun 16 01:35:31 anna[5747]: DEBUG: retrieving partman-btrfs 18ubuntu1.1
Jun 16 01:35:31 anna[5747]: DEBUG: retrieving partman-crypto 86ubuntu1
Jun 16 01:35:31 anna[5747]: DEBUG: retrieving partman-crypto-dm 86ubuntu1
Jun 16 01:35:31 anna[5747]: DEBUG: retrieving partman-efi 71ubuntu1
Jun 16 01:35:32 anna[5747]: DEBUG: retrieving partman-ext3 84ubuntu2
Jun 16 01:35:32 anna[5747]: DEBUG: retrieving partman-iscsi 40ubuntu3
Jun 16 01:35:32 anna[5747]: DEBUG: retrieving partman-jfs 47
Jun 16 01:35:33 anna[5747]: DEBUG: retrieving partman-lvm 112
Jun 16 01:35:33 anna[5747]: DEBUG: retrieving partman-md 77
Jun 16 01:35:34 anna[5747]: DEBUG: retrieving partman-partitioning 110ubuntu4.1
Jun 16 01:35:34 anna[5747]: DEBUG: retrieving partman-target 98ubuntu1
Jun 16 01:35:35 anna[5747]: DEBUG: retrieving partman-xfs 58
Jun 16 01:35:35 anna[5747]: DEBUG: retrieving pkgsel 0.43ubuntu1.1
Jun 16 01:35:35 anna[5747]: DEBUG: retrieving libpopt0-udeb 1.16-10
Jun 16 01:35:35 anna[5747]: DEBUG: retrieving network-preseed 1.71ubuntu1.1
Jun 16 01:35:36 anna[5747]: DEBUG: retrieving rdate-udeb 1:1.2-6
Jun 16 01:35:36 anna[5747]: DEBUG: retrieving mkreiserfs-udeb 1:3.6.24-3.1
Jun 16 01:35:36 anna[5747]: DEBUG: retrieving tzsetup-udeb 1:0.81ubuntu1
Jun 16 01:35:37 anna[5747]: DEBUG: retrieving usbutils-udeb 1:007-4
Jun 16 01:35:37 anna[5747]: DEBUG: retrieving user-setup-udeb 1.63ubuntu4
Jun 16 01:35:37 anna[5747]: DEBUG: retrieving libiw30-udeb 30~pre9-8ubuntu1
Jun 16 01:35:37 anna[5747]: DEBUG: retrieving wpasupplicant-udeb 2.4-0ubuntu6
Jun 16 01:35:37 anna[5747]: DEBUG: retrieving xfsprogs-udeb 4.3.0+nmu1ubuntu1
Jun 16 01:35:38 main-menu[265]: INFO: Falling back to the package description for brltty-udeb
Jun 16 01:35:38 main-menu[265]: INFO: Falling back to the package description for brltty-udeb
Jun 16 01:35:38 main-menu[265]: INFO: Menu item 'driver-injection-disk-detect' selected
Jun 16 01:35:39 main-menu[265]: INFO: Falling back to the package description for brltty-udeb
Jun 16 01:35:39 main-menu[265]: INFO: Falling back to the package description for brltty-udeb
Jun 16 01:35:39 main-menu[265]: INFO: Menu item 'ethdetect' selected
Jun 16 01:35:39 anna-install: Installing virtio-modules
Jun 16 01:35:39 net/hw-detect.hotplug: Detected hotpluggable network interface ens3
Jun 16 01:35:40 net/hw-detect.hotplug: Detected hotpluggable network interface lo
Jun 16 01:35:40 kernel: [   22.188355] SSE version of gcm_enc/dec engaged.
Jun 16 01:35:41 check-missing-firmware: looking at dmesg again, restarting from \[    1.675159\]
Jun 16 01:35:41 check-missing-firmware: timestamp found, truncating dmesg accordingly
Jun 16 01:35:41 check-missing-firmware: saving timestamp for a later use: [   22.188355]
Jun 16 01:35:41 check-missing-firmware: /dev/.udev/firmware-missing does not exist, skipping
Jun 16 01:35:41 check-missing-firmware: /run/udev/firmware-missing does not exist, skipping
Jun 16 01:35:41 check-missing-firmware: no missing firmware in loaded kernel modules
Jun 16 01:35:41 check-missing-firmware: taking network interface ens3 up/down
Jun 16 01:35:42 check-missing-firmware: looking at dmesg again, restarting from \[   22.188355\]
Jun 16 01:35:42 check-missing-firmware: timestamp found, truncating dmesg accordingly
Jun 16 01:35:42 check-missing-firmware: saving timestamp for a later use: 
Jun 16 01:35:42 check-missing-firmware: /dev/.udev/firmware-missing does not exist, skipping
Jun 16 01:35:42 check-missing-firmware: /run/udev/firmware-missing does not exist, skipping
Jun 16 01:35:42 check-missing-firmware: no missing firmware in loaded kernel modules
Jun 16 01:35:42 main-menu[265]: INFO: Falling back to the package description for brltty-udeb
Jun 16 01:35:42 main-menu[265]: INFO: Falling back to the package description for brltty-udeb
Jun 16 01:35:42 main-menu[265]: INFO: Menu item 'netcfg' selected
Jun 16 01:35:42 netcfg[11234]: INFO: Starting netcfg v.1.135ubuntu4.2
Jun 16 01:35:42 netcfg[11234]: WARNING **: Couldn't read Wpasupplicant pid file, not trying to kill.
Jun 16 01:35:42 netcfg[11234]: DEBUG: Flushing addresses and routes on interface: ens3
Jun 16 01:35:42 netcfg[11234]: INFO: Could not find valid BOOTIF= entry in /proc/cmdline
Jun 16 01:35:42 netcfg[11234]: INFO: Taking down interface ens3
Jun 16 01:35:42 netcfg[11234]: INFO: Taking down interface lo
Jun 16 01:35:42 netcfg[11234]: INFO: Activating interface ens3
Jun 16 01:35:42 netcfg[11234]: DEBUG: State is now 0
Jun 16 01:35:42 netcfg[11234]: DEBUG: Want link on ens3
Jun 16 01:35:42 netcfg[11234]: INFO: Waiting time set to 3
Jun 16 01:35:43 netcfg[11234]: INFO: ethtool-lite: ens3: carrier up
Jun 16 01:35:43 netcfg[11234]: INFO: Found link on ens3
Jun 16 01:35:43 netcfg[11234]: DEBUG: Commencing network autoconfiguration on ens3
Jun 16 01:35:43 netcfg[11234]: DEBUG: rdnssd started; PID: 11257
Jun 16 01:35:43 netcfg[11234]: DEBUG: nc_v6_interface_configured(ens3, scope local)
Jun 16 01:35:43 netcfg[11234]: DEBUG: Running ip addr show ens3 to look for address
Jun 16 01:35:43 netcfg[11234]: DEBUG: ip line: 2: ens3: <BROADCAST,MULTICAST,UP,LOWER_UP> mtu 1500 qdisc pfifo_fast qlen 1000
Jun 16 01:35:43 netcfg[11234]: DEBUG: ip line:     link/ether 9c:a3:ba:25:76:b4 brd ff:ff:ff:ff:ff:ff
Jun 16 01:35:43 netcfg[11234]: DEBUG: ip line:     inet6 fe80::9ea3:baff:fe25:76b4/64 scope link tentative 
Jun 16 01:35:43 netcfg[11234]: DEBUG: ip line:        valid_lft forever preferred_lft forever
Jun 16 01:35:43 netcfg[11234]: DEBUG: nc_v6_interface_configured(ens3, scope local)
Jun 16 01:35:43 netcfg[11234]: DEBUG: Running ip addr show ens3 to look for address
Jun 16 01:35:43 netcfg[11234]: DEBUG: ip line: 2: ens3: <BROADCAST,MULTICAST,UP,LOWER_UP> mtu 1500 qdisc pfifo_fast qlen 1000
Jun 16 01:35:43 netcfg[11234]: DEBUG: ip line:     link/ether 9c:a3:ba:25:76:b4 brd ff:ff:ff:ff:ff:ff
Jun 16 01:35:43 netcfg[11234]: DEBUG: ip line:     inet6 fe80::9ea3:baff:fe25:76b4/64 scope link tentative 
Jun 16 01:35:43 netcfg[11234]: DEBUG: ip line:        valid_lft forever preferred_lft forever
Jun 16 01:35:43 netcfg[11234]: DEBUG: nc_v6_interface_configured(ens3, scope local)
Jun 16 01:35:43 netcfg[11234]: DEBUG: Running ip addr show ens3 to look for address
Jun 16 01:35:43 netcfg[11234]: DEBUG: ip line: 2: ens3: <BROADCAST,MULTICAST,UP,LOWER_UP> mtu 1500 qdisc pfifo_fast qlen 1000
Jun 16 01:35:43 netcfg[11234]: DEBUG: ip line:     link/ether 9c:a3:ba:25:76:b4 brd ff:ff:ff:ff:ff:ff
Jun 16 01:35:43 netcfg[11234]: DEBUG: ip line:     inet6 fe80::9ea3:baff:fe25:76b4/64 scope link tentative 
Jun 16 01:35:43 netcfg[11234]: DEBUG: ip line:        valid_lft forever preferred_lft forever
Jun 16 01:35:44 netcfg[11234]: DEBUG: nc_v6_interface_configured(ens3, scope local)
Jun 16 01:35:44 netcfg[11234]: DEBUG: Running ip addr show ens3 to look for address
Jun 16 01:35:44 netcfg[11234]: DEBUG: ip line: 2: ens3: <BROADCAST,MULTICAST,UP,LOWER_UP> mtu 1500 qdisc pfifo_fast qlen 1000
Jun 16 01:35:44 netcfg[11234]: DEBUG: ip line:     link/ether 9c:a3:ba:25:76:b4 brd ff:ff:ff:ff:ff:ff
Jun 16 01:35:44 netcfg[11234]: DEBUG: ip line:     inet6 fe80::9ea3:baff:fe25:76b4/64 scope link tentative 
Jun 16 01:35:44 netcfg[11234]: DEBUG: ip line:        valid_lft forever preferred_lft forever
Jun 16 01:35:44 netcfg[11234]: DEBUG: nc_v6_interface_configured(ens3, scope local)
Jun 16 01:35:44 netcfg[11234]: DEBUG: Running ip addr show ens3 to look for address
Jun 16 01:35:44 netcfg[11234]: DEBUG: ip line: 2: ens3: <BROADCAST,MULTICAST,UP,LOWER_UP> mtu 1500 qdisc pfifo_fast qlen 1000
Jun 16 01:35:44 netcfg[11234]: DEBUG: ip line:     link/ether 9c:a3:ba:25:76:b4 brd ff:ff:ff:ff:ff:ff
Jun 16 01:35:44 netcfg[11234]: DEBUG: ip line:     inet6 fe80::9ea3:baff:fe25:76b4/64 scope link 
Jun 16 01:35:44 netcfg[11234]: DEBUG: Configured address found
Jun 16 01:35:44 netcfg[11234]: DEBUG: ip line:        valid_lft forever preferred_lft forever
Jun 16 01:35:44 netcfg[11234]: DEBUG: Running rdisc6 -1 -r 1 -w 500 -n ens3 to get IPv6 config flags
Jun 16 01:35:44 netcfg[11234]: DEBUG: rdisc6 line: Soliciting ff02::2 (ff02::2) on ens3...
Jun 16 01:35:44 netcfg[11234]: DEBUG: rdisc6 line: Timed out.
Jun 16 01:35:44 netcfg[11234]: DEBUG: rdisc6 line: No response.
Jun 16 01:35:44 netcfg[11234]: DEBUG: rdisc6 parsing finished
Jun 16 01:35:45 netcfg[11234]: DEBUG: rdisc6 line: Soliciting ff02::2 (ff02::2) on ens3...
Jun 16 01:35:45 netcfg[11234]: DEBUG: rdisc6 line: Timed out.
Jun 16 01:35:45 netcfg[11234]: DEBUG: rdisc6 line: No response.
Jun 16 01:35:45 netcfg[11234]: DEBUG: rdisc6 parsing finished
Jun 16 01:35:45 netcfg[11234]: DEBUG: rdisc6 line: Soliciting ff02::2 (ff02::2) on ens3...
Jun 16 01:35:45 netcfg[11234]: DEBUG: rdisc6 line: Timed out.
Jun 16 01:35:45 netcfg[11234]: DEBUG: rdisc6 line: No response.
Jun 16 01:35:45 netcfg[11234]: DEBUG: rdisc6 parsing finished
Jun 16 01:35:46 netcfg[11234]: DEBUG: rdisc6 line: Soliciting ff02::2 (ff02::2) on ens3...
Jun 16 01:35:46 netcfg[11234]: DEBUG: rdisc6 line: Timed out.
Jun 16 01:35:46 netcfg[11234]: DEBUG: rdisc6 line: No response.
Jun 16 01:35:46 netcfg[11234]: DEBUG: rdisc6 parsing finished
Jun 16 01:35:46 netcfg[11234]: DEBUG: rdisc6 line: Soliciting ff02::2 (ff02::2) on ens3...
Jun 16 01:35:46 netcfg[11234]: DEBUG: rdisc6 line: Timed out.
Jun 16 01:35:46 netcfg[11234]: DEBUG: rdisc6 line: No response.
Jun 16 01:35:46 netcfg[11234]: DEBUG: rdisc6 parsing finished
Jun 16 01:35:47 netcfg[11234]: DEBUG: rdisc6 line: Soliciting ff02::2 (ff02::2) on ens3...
Jun 16 01:35:47 netcfg[11234]: DEBUG: rdisc6 line: Timed out.
Jun 16 01:35:47 netcfg[11234]: DEBUG: rdisc6 line: No response.
Jun 16 01:35:47 netcfg[11234]: DEBUG: rdisc6 parsing finished
Jun 16 01:35:47 netcfg[11234]: DEBUG: rdisc6 line: Soliciting ff02::2 (ff02::2) on ens3...
Jun 16 01:35:47 netcfg[11234]: DEBUG: rdisc6 line: Timed out.
Jun 16 01:35:47 netcfg[11234]: DEBUG: rdisc6 line: No response.
Jun 16 01:35:47 netcfg[11234]: DEBUG: rdisc6 parsing finished
Jun 16 01:35:48 netcfg[11234]: DEBUG: rdisc6 line: Soliciting ff02::2 (ff02::2) on ens3...
Jun 16 01:35:48 netcfg[11234]: DEBUG: rdisc6 line: Timed out.
Jun 16 01:35:48 netcfg[11234]: DEBUG: rdisc6 line: No response.
Jun 16 01:35:48 netcfg[11234]: DEBUG: rdisc6 parsing finished
Jun 16 01:35:48 netcfg[11234]: DEBUG: rdisc6 line: Soliciting ff02::2 (ff02::2) on ens3...
Jun 16 01:35:48 netcfg[11234]: DEBUG: rdisc6 line: Timed out.
Jun 16 01:35:48 netcfg[11234]: DEBUG: rdisc6 line: No response.
Jun 16 01:35:48 netcfg[11234]: DEBUG: rdisc6 parsing finished
Jun 16 01:35:49 netcfg[11234]: DEBUG: rdisc6 line: Soliciting ff02::2 (ff02::2) on ens3...
Jun 16 01:35:49 netcfg[11234]: DEBUG: rdisc6 line: Timed out.
Jun 16 01:35:49 netcfg[11234]: DEBUG: rdisc6 line: No response.
Jun 16 01:35:49 netcfg[11234]: DEBUG: rdisc6 parsing finished
Jun 16 01:35:49 netcfg[11234]: DEBUG: rdisc6 line: Soliciting ff02::2 (ff02::2) on ens3...
Jun 16 01:35:49 netcfg[11234]: DEBUG: rdisc6 line: Timed out.
Jun 16 01:35:49 netcfg[11234]: DEBUG: rdisc6 line: No response.
Jun 16 01:35:49 netcfg[11234]: DEBUG: rdisc6 parsing finished
Jun 16 01:35:50 netcfg[11234]: DEBUG: rdisc6 line: Soliciting ff02::2 (ff02::2) on ens3...
Jun 16 01:35:50 netcfg[11234]: DEBUG: rdisc6 line: Timed out.
Jun 16 01:35:50 netcfg[11234]: DEBUG: rdisc6 line: No response.
Jun 16 01:35:50 netcfg[11234]: DEBUG: rdisc6 parsing finished
Jun 16 01:35:50 netcfg[11234]: DEBUG: Stopping rdnssd, PID 11257
Jun 16 01:35:50 netcfg[11234]: DEBUG: No RA received; attempting IPv4 autoconfig
Jun 16 01:35:50 netcfg[11234]: WARNING **: Started DHCP client; PID is 11293
Jun 16 01:35:51 dhclient[11293]: DHCPDISCOVER on ens3 to 255.255.255.255 port 67 interval 1 (xid=0x9f202956)
Jun 16 01:35:51 dhclient[11293]: DHCPREQUEST of 192.168.75.248 on ens3 to 255.255.255.255 port 67 (xid=0x5629209f)
Jun 16 01:35:51 dhclient[11293]: DHCPOFFER of 192.168.75.248 from 192.168.75.24
Jun 16 01:35:51 dhclient[11293]: DHCPACK of 192.168.75.248 from 192.168.75.24
Jun 16 01:35:51 dhclient[11293]: bound to 192.168.75.248 -- renewal in 273 seconds.
Jun 16 01:35:53 netcfg[11234]: DEBUG: Reading domain name returned via DHCP
Jun 16 01:35:53 netcfg[11234]: DEBUG: DHCP domain name is 'localdomain'
Jun 16 01:35:53 netcfg[11234]: DEBUG: Reading nameservers from /etc/resolv.conf
Jun 16 01:35:53 netcfg[11234]: DEBUG: Read nameserver 133.242.0.3
Jun 16 01:35:53 netcfg[11234]: DEBUG: Read nameserver 133.242.0.4
Jun 16 01:35:53 netcfg[11234]: DEBUG: State is now 1
Jun 16 01:35:53 netcfg[11234]: DEBUG: State is now 2
Jun 16 01:35:53 netcfg[11234]: DEBUG: State is now 5
Jun 16 01:35:53 netcfg[11234]: DEBUG: Using DNS to try and obtain default hostname
Jun 16 01:35:53 netcfg[11234]: DEBUG: Getting default hostname from rDNS lookup of autoconfigured address 192.168.75.248
Jun 16 01:35:53 netcfg[11234]: DEBUG: getnameinfo() returned -2 (Name or service not known)
Jun 16 01:35:53 netcfg[11234]: DEBUG: Getting default hostname from rDNS lookup of autoconfigured address fe80::9ea3:baff:fe25:76b4
Jun 16 01:35:53 netcfg[11234]: DEBUG: getnameinfo() returned -2 (Name or service not known)
Jun 16 01:35:53 netcfg[11234]: DEBUG: State is now 6
Jun 16 01:35:53 netcfg[11234]: DEBUG: Network config complete
Jun 16 01:35:53 netcfg[11234]: DEBUG: No interface given; clearing /etc/network/interfaces
Jun 16 01:35:53 netcfg[11234]: DEBUG: Writing informative header
Jun 16 01:35:53 netcfg[11234]: DEBUG: Success!
Jun 16 01:35:53 netcfg[11234]: DEBUG: Writing loopback interface
Jun 16 01:35:53 netcfg[11234]: DEBUG: Success!
Jun 16 01:35:53 netcfg[11234]: DEBUG: Writing DHCP stanza for ens3
Jun 16 01:35:53 netcfg[11234]: DEBUG: Success!
Jun 16 01:35:54 main-menu[265]: INFO: Falling back to the package description for brltty-udeb
Jun 16 01:35:54 main-menu[265]: INFO: Falling back to the package description for brltty-udeb
Jun 16 01:35:54 main-menu[265]: INFO: Menu item 'network-preseed' selected
Jun 16 01:35:55 preseed: successfully loaded preseed file from http://192.168.75.24/ubuntu/ubuntu-16.04.2gpt.preseed
Jun 16 01:35:55 main-menu[265]: (process:11342): expr: warning: '^.*\[[:a-fA-F0-9]*\]': using '^' as the first character
Jun 16 01:35:55 main-menu[265]: (process:11342): of a basic regular expression is not portable; it is ignored
Jun 16 01:35:55 main-menu[265]: (process:11342): 2017-06-16 01:35:55 URL:http://192.168.75.24/ubuntu/ubuntu-16.04.2gpt.preseed [4206/4206] -> "/tmp/debconf-seed" [1]
Jun 16 01:35:56 main-menu[265]: INFO: Falling back to the package description for brltty-udeb
Jun 16 01:35:56 main-menu[265]: INFO: Menu item 'localechooser' selected
Jun 16 01:35:56 localechooser: info: debian-installer/language preseeded to 'en' (seen: true)
Jun 16 01:35:56 localechooser: info: debian-installer/country preseeded to 'JP' (seen: true)
Jun 16 01:35:56 localechooser: info: debian-installer/locale preseeded to 'en_US.UTF-8' (seen: true)
Jun 16 01:35:56 debconf: Setting debconf/language to en
Jun 16 01:35:56 localechooser: info: Language = 'en'
Jun 16 01:35:56 localechooser: info: line=en;0;US;en_US.UTF-8;;console-setup
Jun 16 01:35:56 localechooser: info: Set debian-installer/language = 'en'
Jun 16 01:35:56 localechooser: info: Default country = 'US'
Jun 16 01:35:56 localechooser: info: Default locale = 'en_US.UTF-8'
Jun 16 01:35:56 localechooser: info: Set debian-installer/consoledisplay = 'console-setup'
Jun 16 01:35:56 debconf: Setting debconf/language to en
Jun 16 01:35:56 localechooser: info: Set debian-installer/country = 'JP'
Jun 16 01:35:56 localechooser: info: Falling back to locale 'en_US.UTF-8'
Jun 16 01:35:56 localechooser: info: Set debian-installer/locale = 'en_US.UTF-8'
Jun 16 01:35:56 localechooser: info: System locale (debian-installer/locale) = 'en_US.UTF-8'
Jun 16 01:35:56 localechooser: info: Set debian-installer/language = 'en_US:en'
Jun 16 01:35:56 debconf: Setting debconf/language to en_US:en
Jun 16 01:35:56 main-menu[265]: INFO: Falling back to the package description for brltty-udeb
Jun 16 01:35:56 main-menu[265]: INFO: Falling back to the package description for brltty-udeb
Jun 16 01:35:56 main-menu[265]: INFO: Menu item 'console-setup-udeb' selected
Jun 16 01:35:56 main-menu[265]: (process:14184): /etc/console-setup is not writable. No files will be saved there.
Jun 16 01:35:56 main-menu[265]: (process:14184): gzip is not accessible. Will not save cached keyboard map.
Jun 16 01:35:57 main-menu[265]: INFO: Falling back to the package description for brltty-udeb
Jun 16 01:35:57 main-menu[265]: INFO: Falling back to the package description for brltty-udeb
Jun 16 01:35:57 main-menu[265]: INFO: Menu item 'user-setup-udeb' selected
Jun 16 01:35:57 main-menu[265]: INFO: Falling back to the package description for brltty-udeb
Jun 16 01:35:57 main-menu[265]: INFO: Falling back to the package description for brltty-udeb
Jun 16 01:35:57 main-menu[265]: INFO: Menu item 'clock-setup' selected
Jun 16 01:35:57 clock-setup: rdate called using NTP server ntp1.sakura.ad.jp.
Jun 16 01:35:58 clock-setup: Fri Jun 16 01:35:58 UTC 2017
Jun 16 01:35:58 clock-setup: rdate: adjust local clock by 1.116128 seconds
Jun 16 01:35:59 main-menu[265]: INFO: Falling back to the package description for brltty-udeb
Jun 16 01:35:59 main-menu[265]: INFO: Falling back to the package description for brltty-udeb
Jun 16 01:35:59 main-menu[265]: INFO: Menu item 'disk-detect' selected
Jun 16 01:35:59 disk-detect: insmod /lib/modules/4.4.0-62-generic/kernel/drivers/scsi/device_handler/scsi_dh_emc.ko 
Jun 16 01:35:59 kernel: [   40.698052] emc: device handler registered
Jun 16 01:35:59 disk-detect: insmod /lib/modules/4.4.0-62-generic/kernel/drivers/scsi/device_handler/scsi_dh_alua.ko 
Jun 16 01:35:59 kernel: [   40.702060] alua: device handler registered
Jun 16 01:35:59 disk-detect: insmod /lib/modules/4.4.0-62-generic/kernel/drivers/scsi/device_handler/scsi_dh_rdac.ko 
Jun 16 01:35:59 kernel: [   40.704914] rdac: device handler registered
Jun 16 01:35:59 disk-detect: insmod /lib/modules/4.4.0-62-generic/kernel/drivers/scsi/device_handler/scsi_dh_hp_sw.ko 
Jun 16 01:35:59 kernel: [   40.708454] hp_sw: device handler registered
Jun 16 01:35:59 anna-install: Installing virtio-modules
Jun 16 01:35:59 net/hw-detect.hotplug: Detected hotpluggable network interface ens3
Jun 16 01:35:59 net/hw-detect.hotplug: Detected hotpluggable network interface lo
Jun 16 01:36:01 check-missing-firmware: looking at dmesg again, restarting from 
Jun 16 01:36:01 check-missing-firmware: timestamp found, truncating dmesg accordingly
Jun 16 01:36:01 check-missing-firmware: saving timestamp for a later use: [   40.708454]
Jun 16 01:36:01 check-missing-firmware: /dev/.udev/firmware-missing does not exist, skipping
Jun 16 01:36:01 check-missing-firmware: /run/udev/firmware-missing does not exist, skipping
Jun 16 01:36:01 check-missing-firmware: no missing firmware in loaded kernel modules
Jun 16 01:36:01 anna-install: Installing mdadm-udeb
Jun 16 01:36:01 kernel: [   42.583880] md: linear personality registered for level -1
Jun 16 01:36:01 kernel: [   42.586223] md: multipath personality registered for level -4
Jun 16 01:36:01 kernel: [   42.588611] md: raid0 personality registered for level 0
Jun 16 01:36:01 kernel: [   42.591211] md: raid1 personality registered for level 1
Jun 16 01:36:01 kernel: [   42.660034] raid6: sse2x1   gen()  6187 MB/s
Jun 16 01:36:01 kernel: [   42.728019] raid6: sse2x1   xor()  5245 MB/s
Jun 16 01:36:01 kernel: [   42.796019] raid6: sse2x2   gen()  8322 MB/s
Jun 16 01:36:01 kernel: [   42.864023] raid6: sse2x2   xor()  6469 MB/s
Jun 16 01:36:01 kernel: [   42.932026] raid6: sse2x4   gen()  9335 MB/s
Jun 16 01:36:01 kernel: [   43.000020] raid6: sse2x4   xor()  6866 MB/s
Jun 16 01:36:01 kernel: [   43.000024] raid6: using algorithm sse2x4 gen() 9335 MB/s
Jun 16 01:36:01 kernel: [   43.000025] raid6: .... xor() 6866 MB/s, rmw enabled
Jun 16 01:36:01 kernel: [   43.000026] raid6: using ssse3x2 recovery algorithm
Jun 16 01:36:01 kernel: [   43.001559] xor: measuring software checksum speed
Jun 16 01:36:02 kernel: [   43.040029]    prefetch64-sse: 12494.000 MB/sec
Jun 16 01:36:02 kernel: [   43.080021]    generic_sse: 10922.000 MB/sec
Jun 16 01:36:02 kernel: [   43.080024] xor: using function: prefetch64-sse (12494.000 MB/sec)
Jun 16 01:36:02 kernel: [   43.081899] async_tx: api initialized (async)
Jun 16 01:36:02 kernel: [   43.090215] md: raid6 personality registered for level 6
Jun 16 01:36:02 kernel: [   43.090217] md: raid5 personality registered for level 5
Jun 16 01:36:02 kernel: [   43.090218] md: raid4 personality registered for level 4
Jun 16 01:36:02 kernel: [   43.094985] md: raid10 personality registered for level 10
Jun 16 01:36:02 kernel: [   43.160075] blk_update_request: I/O error, dev fd0, sector 0
Jun 16 01:36:02 kernel: [   43.160079] floppy: error -5 while reading block 0
Jun 16 01:36:02 disk-detect: No Intel/DDF RAID disks detected.
Jun 16 01:36:02 anna-install: Installing dmraid-udeb
Jun 16 01:36:02 anna[15449]: DEBUG: resolver (libc6-udeb): package doesn't exist (ignored)
Jun 16 01:36:02 anna[15449]: DEBUG: retrieving dmraid-udeb 1.0.0.rc16-4.2ubuntu3
Jun 16 01:36:02 anna[15449]: DEBUG: retrieving libdmraid1.0.0.rc16-udeb 1.0.0.rc16-4.2ubuntu3
Jun 16 01:36:02 anna[15449]: DEBUG: retrieving kpartx-udeb 0.5.0+git1.656f8865-5ubuntu2.3
Jun 16 01:36:02 disk-detect: No Serial ATA RAID disks detected
Jun 16 01:36:03 check-missing-firmware: looking at dmesg again, restarting from \[   40.708454\]
Jun 16 01:36:03 check-missing-firmware: timestamp found, truncating dmesg accordingly
Jun 16 01:36:03 check-missing-firmware: saving timestamp for a later use: [   43.160079]
Jun 16 01:36:03 check-missing-firmware: /dev/.udev/firmware-missing does not exist, skipping
Jun 16 01:36:03 check-missing-firmware: /run/udev/firmware-missing does not exist, skipping
Jun 16 01:36:03 check-missing-firmware: no missing firmware in loaded kernel modules
Jun 16 01:36:03 main-menu[265]: INFO: Falling back to the package description for brltty-udeb
Jun 16 01:36:03 main-menu[265]: INFO: Falling back to the package description for brltty-udeb
Jun 16 01:36:03 main-menu[265]: INFO: Menu item 'partman-base' selected
Jun 16 01:36:03 kernel: [   44.957499] Btrfs loaded
Jun 16 01:36:03 kernel: [   44.971092] JFS: nTxBlock = 8192, nTxLock = 65536
Jun 16 01:36:03 kernel: [   44.993873] SGI XFS with ACLs, security attributes, realtime, no debug enabled
Jun 16 01:36:04 kernel: [   45.128086] blk_update_request: I/O error, dev fd0, sector 0
Jun 16 01:36:04 kernel: [   45.128090] floppy: error -5 while reading block 0
Jun 16 01:36:04 kernel: [   45.196103] blk_update_request: I/O error, dev fd0, sector 0
Jun 16 01:36:04 kernel: [   45.196107] floppy: error -5 while reading block 0
Jun 16 01:36:04 md-devices: mdadm: No arrays found in config file or automatically
Jun 16 01:36:04 partman:   No matching physical volumes found
Jun 16 01:36:04 partman:   Reading all physical volumes.  This may take a while...
Jun 16 01:36:06 kernel: [   47.486880] Adding 4194300k swap on /dev/vda2.  Priority:-1 extents:1 across:4194300k FS
Jun 16 01:36:06 partman: mke2fs 1.42.13 (17-May-2015)
Jun 16 01:36:07 kernel: [   48.564274] EXT4-fs (vda3): mounted filesystem with ordered data mode. Opts: errors=remount-ro
Jun 16 01:36:07 apt-install: Queueing package e2fsprogs for later installation
Jun 16 01:36:08 main-menu[265]: INFO: Falling back to the package description for brltty-udeb
Jun 16 01:36:08 main-menu[265]: INFO: Falling back to the package description for brltty-udeb
Jun 16 01:36:08 main-menu[265]: INFO: Menu item 'live-installer' selected
Jun 16 01:36:08 base-installer: info: Using squashfs support for /cdrom/install/filesystem.squashfs
Jun 16 01:36:08 anna-install: Installing squashfs-modules
Jun 16 01:36:11 live-installer: WARNING: no live-config script matching /target/lib/live/config/*-ssl-cert !
Jun 16 01:36:12 apt-install: Queueing package keyboard-configuration for later installation
Jun 16 01:36:12 apt-install: Queueing package console-setup for later installation
Jun 16 01:36:12 base-installer: Using CD-ROM mount point /media/cdrom/
Jun 16 01:36:12 base-installer: Identifying... 
Jun 16 01:36:12 base-installer: [baf52e5369ed154366c2a297e784a7e4-2]
Jun 16 01:36:12 base-installer: Scanning disc for index files...
Jun 16 01:36:12 base-installer: Found 2 package indexes, 0 source indexes, 0 translation indexes and 1 signatures
Jun 16 01:36:12 base-installer: Found label 'Ubuntu-Server 16.04.2 LTS _Xenial Xerus_ - Release amd64 (20170215.8)'
Jun 16 01:36:12 base-installer: This disc is called: 
Jun 16 01:36:12 base-installer: 'Ubuntu-Server 16.04.2 LTS _Xenial Xerus_ - Release amd64 (20170215.8)'
Jun 16 01:36:12 base-installer: Copying package lists...
Jun 16 01:36:12 base-installer: gpgv: Signature made Wed Feb 15 20:36:12 2017 UTC using RSA key ID EFE21092
Jun 16 01:36:12 base-installer: gpgv: Good signature from "Ubuntu CD Image Automatic Signing Key (2012) <cdimage@ubuntu.com>"
Jun 16 01:36:12 base-installer: ^MReading Package Indexes... 0%^M
Jun 16 01:36:12 base-installer: ^MReading Package Indexes... Done^M
Jun 16 01:36:12 base-installer: Writing new source list
Jun 16 01:36:12 base-installer: Source list entries for this disc are:
Jun 16 01:36:12 base-installer: deb cdrom:[Ubuntu-Server 16.04.2 LTS _Xenial Xerus_ - Release amd64 (20170215.8)]/ xenial main restricted
Jun 16 01:36:12 base-installer: Repeat this process for the rest of the CDs in your set.
Jun 16 01:36:12 base-installer: Ign:1 cdrom://Ubuntu-Server 16.04.2 LTS _Xenial Xerus_ - Release amd64 (20170215.8) xenial InRelease
Jun 16 01:36:12 base-installer: Hit:2 cdrom://Ubuntu-Server 16.04.2 LTS _Xenial Xerus_ - Release amd64 (20170215.8) xenial Release
Jun 16 01:36:12 base-installer: Reading package lists...
Jun 16 01:36:12 base-installer: 
Jun 16 01:36:12 in-target: Reading package lists...
Jun 16 01:36:12 in-target: 
Jun 16 01:36:12 in-target: Building dependency tree...
Jun 16 01:36:12 in-target: 
Jun 16 01:36:12 in-target: Reading state information...
Jun 16 01:36:12 in-target: 
Jun 16 01:36:12 in-target: locales is already the newest version (2.23-0ubuntu5).
Jun 16 01:36:12 in-target: 0 upgraded, 0 newly installed, 0 to remove and 0 not upgraded.
Jun 16 01:36:12 localechooser: Generating locales (this might take a while)...
Jun 16 01:36:12 localechooser:   en_US.UTF-8
Jun 16 01:36:12 localechooser: ...
Jun 16 01:36:13 localechooser:  done
Jun 16 01:36:13 localechooser: Generation complete.
Jun 16 01:36:13 localechooser: Generating locales (this might take a while)...
Jun 16 01:36:13 localechooser:   en_US.UTF-8
Jun 16 01:36:13 localechooser: ...
Jun 16 01:36:14 localechooser:  done
Jun 16 01:36:14 localechooser: Generation complete.
Jun 16 01:36:15 live-installer: update-rc.d: warning: start and stop actions are no longer supported; falling back to defaults
Jun 16 01:36:15 live-installer: update-rc.d: warning: start and stop actions are no longer supported; falling back to defaults
Jun 16 01:36:15 live-installer: update-initramfs: deferring update (trigger activated)
Jun 16 01:36:15 live-installer: Processing triggers for initramfs-tools (0.122ubuntu8.8) ...
Jun 16 01:36:16 live-installer: update-initramfs: deferring update (trigger activated)
Jun 16 01:36:16 live-installer: Processing triggers for initramfs-tools (0.122ubuntu8.8) ...
Jun 16 01:36:17 base-installer: info: kernel linux-signed-generic usable on amd64
Jun 16 01:36:17 base-installer: info: kernel linux-generic-hwe-16.04 usable on amd64
Jun 16 01:36:17 base-installer: info: kernel linux-generic usable on amd64
Jun 16 01:36:17 base-installer: info: kernel linux-virtual usable on amd64
Jun 16 01:36:17 base-installer: info: kernel linux-signed-image-generic usable on amd64
Jun 16 01:36:17 base-installer: info: kernel linux-image-extra-4.8.0-36-generic usable on amd64
Jun 16 01:36:17 base-installer: info: kernel linux-image-extra-4.4.0-62-generic usable on amd64
Jun 16 01:36:17 base-installer: info: kernel linux-image-generic-hwe-16.04 usable on amd64
Jun 16 01:36:17 base-installer: info: kernel linux-image-generic usable on amd64
Jun 16 01:36:17 base-installer: info: kernel linux-image-virtual usable on amd64
Jun 16 01:36:17 base-installer: info: kernel linux-signed-image-4.4.0-62-generic usable on amd64
Jun 16 01:36:17 base-installer: info: kernel linux-image-4.8.0-36-generic usable on amd64
Jun 16 01:36:17 base-installer: info: kernel linux-image-4.4.0-62-generic usable on amd64
Jun 16 01:36:17 base-installer: warning: Kernel override 'linux-server' not present
Jun 16 01:36:17 base-installer: info: Found kernels 'linux-signed-generic,linux-generic-hwe-16.04,linux-generic,linux-virtual,linux-signed-image-generic,linux-image-extra-4.8.0-36-generic,linux-image-extra-4.4.0-62-generic,linux-image-generic-hwe-16.04,linux-image-generic,linux-image-virtual,linux-signed-image-4.4.0-62-generic,linux-image-4.8.0-36-generic,linux-image-4.4.0-62-generic'
Jun 16 01:36:17 base-installer: info: arch_kernel candidates: linux-generic linux-image-generic linux-server linux-image-server linux-virtual linux-image-virtual linux-xen linux-image-xen linux-preempt linux-image-preempt linux-rt linux-image-rt
Jun 16 01:36:17 base-installer: info: arch_kernel: linux-generic (present)
Jun 16 01:36:17 base-installer: info: Using kernel 'linux-generic'
Jun 16 01:36:17 base-installer: warning: Failed to get debconf answer 'base-installer/kernel/linux/initrd'.
Jun 16 01:36:17 base-installer: info: Setting do_initrd='yes'.
Jun 16 01:36:17 base-installer: info: Setting link_in_boot='no'.
Jun 16 01:36:17 in-target: Reading package lists...
Jun 16 01:36:17 in-target: 
Jun 16 01:36:17 in-target: Building dependency tree...
Jun 16 01:36:17 in-target: 
Jun 16 01:36:17 in-target: Reading state information...
Jun 16 01:36:17 in-target: 
Jun 16 01:36:17 in-target: busybox-initramfs is already the newest version (1:1.22.0-15ubuntu1).
Jun 16 01:36:17 in-target: 0 upgraded, 0 newly installed, 0 to remove and 0 not upgraded.
Jun 16 01:36:18 in-target: Reading package lists...
Jun 16 01:36:18 in-target: 
Jun 16 01:36:18 in-target: Building dependency tree...
Jun 16 01:36:18 in-target: 
Jun 16 01:36:18 in-target: Reading state information...
Jun 16 01:36:18 in-target: 
Jun 16 01:36:18 in-target: initramfs-tools is already the newest version (0.122ubuntu8.8).
Jun 16 01:36:18 in-target: 0 upgraded, 0 newly installed, 0 to remove and 0 not upgraded.
Jun 16 01:36:18 in-target: Reading package lists...
Jun 16 01:36:18 in-target: 
Jun 16 01:36:18 in-target: Building dependency tree...
Jun 16 01:36:18 in-target: 
Jun 16 01:36:18 in-target: Reading state information...
Jun 16 01:36:18 in-target: The following additional packages will be installed:
Jun 16 01:36:18 in-target:   crda iw libnl-3-200 libnl-genl-3-200 linux-firmware linux-headers-4.4.0-62
Jun 16 01:36:18 in-target:   linux-headers-4.4.0-62-generic linux-headers-generic
Jun 16 01:36:18 in-target:   linux-image-4.4.0-62-generic linux-image-extra-4.4.0-62-generic
Jun 16 01:36:18 in-target:   linux-image-generic wireless-regdb
Jun 16 01:36:18 in-target: Suggested packages:
Jun 16 01:36:18 in-target:   fdutils linux-doc-4.4.0 | linux-source-4.4.0 linux-tools
Jun 16 01:36:18 in-target: Recommended packages:
Jun 16 01:36:18 in-target:   grub-pc | grub-efi-amd64 | grub-efi-ia32 | grub | lilo thermald
Jun 16 01:36:18 in-target: The following NEW packages will be installed:
Jun 16 01:36:18 in-target:   crda iw libnl-3-200 libnl-genl-3-200 linux-firmware linux-generic
Jun 16 01:36:18 in-target:   linux-headers-4.4.0-62 linux-headers-4.4.0-62-generic linux-headers-generic
Jun 16 01:36:18 in-target:   linux-image-4.4.0-62-generic linux-image-extra-4.4.0-62-generic
Jun 16 01:36:18 in-target:   linux-image-generic wireless-regdb
Jun 16 01:36:18 in-target: 0 upgraded, 13 newly installed, 0 to remove and 0 not upgraded.
Jun 16 01:36:18 in-target: Need to get 0 B/106 MB of archives.
Jun 16 01:36:18 in-target: After this operation, 453 MB of additional disk space will be used.
Jun 16 01:36:18 in-target: Get:1 cdrom://Ubuntu-Server 16.04.2 LTS _Xenial Xerus_ - Release amd64 (20170215.8) xenial/main amd64 libnl-3-200 amd64 3.2.27-1 [52.1 kB]
Jun 16 01:36:18 in-target: Get:2 cdrom://Ubuntu-Server 16.04.2 LTS _Xenial Xerus_ - Release amd64 (20170215.8) xenial/main amd64 libnl-genl-3-200 amd64 3.2.27-1 [11.2 kB]
Jun 16 01:36:18 in-target: Get:3 cdrom://Ubuntu-Server 16.04.2 LTS _Xenial Xerus_ - Release amd64 (20170215.8) xenial/main amd64 wireless-regdb all 2015.07.20-1ubuntu1 [9,058 B]
Jun 16 01:36:18 in-target: Get:4 cdrom://Ubuntu-Server 16.04.2 LTS _Xenial Xerus_ - Release amd64 (20170215.8) xenial/main amd64 iw amd64 3.17-1 [63.5 kB]
Jun 16 01:36:18 in-target: Get:5 cdrom://Ubuntu-Server 16.04.2 LTS _Xenial Xerus_ - Release amd64 (20170215.8) xenial/main amd64 crda amd64 3.13-1 [60.5 kB]
Jun 16 01:36:18 in-target: Get:6 cdrom://Ubuntu-Server 16.04.2 LTS _Xenial Xerus_ - Release amd64 (20170215.8) xenial/main amd64 linux-firmware all 1.157.8 [37.7 MB]
Jun 16 01:36:19 in-target: Get:7 cdrom://Ubuntu-Server 16.04.2 LTS _Xenial Xerus_ - Release amd64 (20170215.8) xenial/main amd64 linux-image-4.4.0-62-generic amd64 4.4.0-62.83 [21.3 MB]
Jun 16 01:36:19 in-target: Get:8 cdrom://Ubuntu-Server 16.04.2 LTS _Xenial Xerus_ - Release amd64 (20170215.8) xenial/main amd64 linux-image-extra-4.4.0-62-generic amd64 4.4.0-62.83 [36.3 MB]
Jun 16 01:36:20 in-target: Get:9 cdrom://Ubuntu-Server 16.04.2 LTS _Xenial Xerus_ - Release amd64 (20170215.8) xenial/main amd64 linux-image-generic amd64 4.4.0.62.65 [2,290 B]
Jun 16 01:36:20 in-target: Get:10 cdrom://Ubuntu-Server 16.04.2 LTS _Xenial Xerus_ - Release amd64 (20170215.8) xenial/main amd64 linux-headers-4.4.0-62 all 4.4.0-62.83 [9,907 kB]
Jun 16 01:36:20 in-target: Get:11 cdrom://Ubuntu-Server 16.04.2 LTS _Xenial Xerus_ - Release amd64 (20170215.8) xenial/main amd64 linux-headers-4.4.0-62-generic amd64 4.4.0-62.83 [773 kB]
Jun 16 01:36:20 in-target: Get:12 cdrom://Ubuntu-Server 16.04.2 LTS _Xenial Xerus_ - Release amd64 (20170215.8) xenial/main amd64 linux-headers-generic amd64 4.4.0.62.65 [2,256 B]
Jun 16 01:36:20 in-target: Get:13 cdrom://Ubuntu-Server 16.04.2 LTS _Xenial Xerus_ - Release amd64 (20170215.8) xenial/main amd64 linux-generic amd64 4.4.0.62.65 [1,784 B]
Jun 16 01:36:20 in-target: Selecting previously unselected package libnl-3-200:amd64.^M
Jun 16 01:36:20 in-target: (Reading database ... ^M
Jun 16 01:36:20 in-target: (Reading database ... 5%^M
Jun 16 01:36:20 in-target: (Reading database ... 10%^M
Jun 16 01:36:20 in-target: (Reading database ... 15%^M
Jun 16 01:36:20 in-target: (Reading database ... 20%^M
Jun 16 01:36:20 in-target: (Reading database ... 25%^M
Jun 16 01:36:20 in-target: (Reading database ... 30%^M
Jun 16 01:36:20 in-target: (Reading database ... 35%^M
Jun 16 01:36:20 in-target: (Reading database ... 40%^M
Jun 16 01:36:20 in-target: (Reading database ... 45%^M
Jun 16 01:36:20 in-target: (Reading database ... 50%^M
Jun 16 01:36:20 in-target: (Reading database ... 55%^M
Jun 16 01:36:20 in-target: (Reading database ... 60%^M
Jun 16 01:36:20 in-target: (Reading database ... 65%^M
Jun 16 01:36:20 in-target: (Reading database ... 70%^M
Jun 16 01:36:20 in-target: (Reading database ... 75%^M
Jun 16 01:36:20 in-target: (Reading database ... 80%^M
Jun 16 01:36:20 in-target: (Reading database ... 85%^M
Jun 16 01:36:20 in-target: (Reading database ... 90%^M
Jun 16 01:36:20 in-target: (Reading database ... 95%^M
Jun 16 01:36:20 in-target: (Reading database ... 100%^M(Reading database ... 10458 files and directories currently installed.)^M
Jun 16 01:36:20 in-target: Preparing to unpack .../libnl-3-200_3.2.27-1_amd64.deb ...^M
Jun 16 01:36:20 in-target: Unpacking libnl-3-200:amd64 (3.2.27-1) ...^M
Jun 16 01:36:20 in-target: Selecting previously unselected package libnl-genl-3-200:amd64.^M
Jun 16 01:36:20 in-target: Preparing to unpack .../libnl-genl-3-200_3.2.27-1_amd64.deb ...^M
Jun 16 01:36:20 in-target: Unpacking libnl-genl-3-200:amd64 (3.2.27-1) ...^M
Jun 16 01:36:20 in-target: Selecting previously unselected package wireless-regdb.^M
Jun 16 01:36:20 in-target: Preparing to unpack .../wireless-regdb_2015.07.20-1ubuntu1_all.deb ...^M
Jun 16 01:36:20 in-target: Unpacking wireless-regdb (2015.07.20-1ubuntu1) ...^M
Jun 16 01:36:20 in-target: Selecting previously unselected package iw.^M
Jun 16 01:36:20 in-target: Preparing to unpack .../main/i/iw/iw_3.17-1_amd64.deb ...^M
Jun 16 01:36:20 in-target: Unpacking iw (3.17-1) ...^M
Jun 16 01:36:21 in-target: Selecting previously unselected package crda.^M
Jun 16 01:36:21 in-target: Preparing to unpack .../c/crda/crda_3.13-1_amd64.deb ...^M
Jun 16 01:36:21 in-target: Unpacking crda (3.13-1) ...^M
Jun 16 01:36:21 in-target: Selecting previously unselected package linux-firmware.^M
Jun 16 01:36:21 in-target: Preparing to unpack .../linux-firmware_1.157.8_all.deb ...^M
Jun 16 01:36:21 in-target: Unpacking linux-firmware (1.157.8) ...^M
Jun 16 01:36:25 in-target: Selecting previously unselected package linux-image-4.4.0-62-generic.^M
Jun 16 01:36:25 in-target: Preparing to unpack .../linux-image-4.4.0-62-generic_4.4.0-62.83_amd64.deb ...^M
Jun 16 01:36:25 in-target: Done.^M
Jun 16 01:36:25 in-target: Unpacking linux-image-4.4.0-62-generic (4.4.0-62.83) ...^M
Jun 16 01:36:28 in-target: Selecting previously unselected package linux-image-extra-4.4.0-62-generic.^M
Jun 16 01:36:28 in-target: Preparing to unpack .../linux-image-extra-4.4.0-62-generic_4.4.0-62.83_amd64.deb ...^M
Jun 16 01:36:28 in-target: Unpacking linux-image-extra-4.4.0-62-generic (4.4.0-62.83) ...^M
Jun 16 01:36:36 in-target: Selecting previously unselected package linux-image-generic.
Jun 16 01:36:36 in-target: ^M
Jun 16 01:36:36 in-target: Preparing to unpack .../linux-image-generic_4.4.0.62.65_amd64.deb ...
Jun 16 01:36:36 in-target: ^M
Jun 16 01:36:36 in-target: Unpacking linux-image-generic (4.4.0.62.65) ...
Jun 16 01:36:36 in-target: ^M
Jun 16 01:36:36 in-target: Selecting previously unselected package linux-headers-4.4.0-62.
Jun 16 01:36:36 in-target: ^M
Jun 16 01:36:36 in-target: Preparing to unpack .../linux-headers-4.4.0-62_4.4.0-62.83_all.deb ...
Jun 16 01:36:36 in-target: ^M
Jun 16 01:36:36 in-target: Unpacking linux-headers-4.4.0-62 (4.4.0-62.83) ...
Jun 16 01:36:36 in-target: ^M
Jun 16 01:36:55 in-target: Selecting previously unselected package linux-headers-4.4.0-62-generic.
Jun 16 01:36:55 in-target: ^M
Jun 16 01:36:55 in-target: Preparing to unpack .../linux-headers-4.4.0-62-generic_4.4.0-62.83_amd64.deb ...
Jun 16 01:36:55 in-target: ^M
Jun 16 01:36:55 in-target: Unpacking linux-headers-4.4.0-62-generic (4.4.0-62.83) ...^M
Jun 16 01:36:56 in-target: Selecting previously unselected package linux-headers-generic.
Jun 16 01:36:56 in-target: ^M
Jun 16 01:36:56 in-target: Preparing to unpack .../linux-headers-generic_4.4.0.62.65_amd64.deb ...
Jun 16 01:36:56 in-target: ^M
Jun 16 01:36:56 in-target: Unpacking linux-headers-generic (4.4.0.62.65) ...
Jun 16 01:36:56 in-target: ^M
Jun 16 01:36:56 in-target: Selecting previously unselected package linux-generic.^M
Jun 16 01:36:56 in-target: Preparing to unpack .../linux-generic_4.4.0.62.65_amd64.deb ...^M
Jun 16 01:36:56 in-target: Unpacking linux-generic (4.4.0.62.65) ...^M
Jun 16 01:36:56 in-target: Processing triggers for libc-bin (2.23-0ubuntu5) ...^M
Jun 16 01:36:56 in-target: Setting up libnl-3-200:amd64 (3.2.27-1) ...
Jun 16 01:36:56 in-target: ^M
Jun 16 01:36:56 in-target: Setting up libnl-genl-3-200:amd64 (3.2.27-1) ...
Jun 16 01:36:56 in-target: ^M
Jun 16 01:36:56 in-target: Setting up wireless-regdb (2015.07.20-1ubuntu1) ...
Jun 16 01:36:56 in-target: ^M
Jun 16 01:36:56 in-target: Setting up iw (3.17-1) ...
Jun 16 01:36:56 in-target: ^M
Jun 16 01:36:56 in-target: Setting up crda (3.13-1) ...
Jun 16 01:36:56 in-target: ^M
Jun 16 01:36:56 in-target: Setting up linux-firmware (1.157.8) ...
Jun 16 01:36:56 in-target: ^M
Jun 16 01:36:56 in-target: Setting up linux-image-4.4.0-62-generic (4.4.0-62.83) ...
Jun 16 01:36:56 in-target: ^M
Jun 16 01:36:57 in-target: Running depmod.
Jun 16 01:36:57 in-target: ^M
Jun 16 01:36:57 in-target: update-initramfs: deferring update (hook will be called later)
Jun 16 01:36:57 in-target: ^M
Jun 16 01:36:57 in-target: Examining /etc/kernel/postinst.d.
Jun 16 01:36:57 in-target: ^M
Jun 16 01:36:57 in-target: run-parts: executing /etc/kernel/postinst.d/apt-auto-removal
Jun 16 01:36:57 in-target:  4.4.0-62-generic
Jun 16 01:36:57 in-target:  /boot/vmlinuz-4.4.0-62-generic
Jun 16 01:36:57 in-target: ^M
Jun 16 01:36:57 in-target: run-parts: executing /etc/kernel/postinst.d/initramfs-tools
Jun 16 01:36:57 in-target:  4.4.0-62-generic
Jun 16 01:36:57 in-target:  /boot/vmlinuz-4.4.0-62-generic
Jun 16 01:36:57 in-target: ^M
Jun 16 01:36:57 in-target: update-initramfs: Generating /boot/initrd.img-4.4.0-62-generic
Jun 16 01:36:57 in-target: ^M
Jun 16 01:37:05 in-target: Setting up linux-image-extra-4.4.0-62-generic (4.4.0-62.83) ...
Jun 16 01:37:05 in-target: ^M
Jun 16 01:37:06 in-target: run-parts: executing /etc/kernel/postinst.d/apt-auto-removal 4.4.0-62-generic /boot/vmlinuz-4.4.0-62-generic^M
Jun 16 01:37:06 in-target: run-parts: executing /etc/kernel/postinst.d/initramfs-tools 4.4.0-62-generic /boot/vmlinuz-4.4.0-62-generic^M
Jun 16 01:37:06 in-target: update-initramfs: Generating /boot/initrd.img-4.4.0-62-generic^M
Jun 16 01:37:14 in-target: Setting up linux-image-generic (4.4.0.62.65) ...
Jun 16 01:37:14 in-target: ^M
Jun 16 01:37:14 in-target: Setting up linux-headers-4.4.0-62 (4.4.0-62.83) ...
Jun 16 01:37:14 in-target: ^M
Jun 16 01:37:14 in-target: Setting up linux-headers-4.4.0-62-generic (4.4.0-62.83) ...
Jun 16 01:37:14 in-target: ^M
Jun 16 01:37:14 in-target: Setting up linux-headers-generic (4.4.0.62.65) ...
Jun 16 01:37:14 in-target: ^M
Jun 16 01:37:14 in-target: Setting up linux-generic (4.4.0.62.65) ...^M
Jun 16 01:37:14 in-target: Processing triggers for libc-bin (2.23-0ubuntu5) ...^M
Jun 16 01:37:14 in-target: Reading package lists...
Jun 16 01:37:14 in-target: 
Jun 16 01:37:14 in-target: Building dependency tree...
Jun 16 01:37:14 in-target: 
Jun 16 01:37:14 in-target: Reading state information...
Jun 16 01:37:14 in-target: linux-headers-generic is already the newest version (4.4.0.62.65).
Jun 16 01:37:14 in-target: linux-headers-generic set to manually installed.
Jun 16 01:37:14 in-target: 0 upgraded, 0 newly installed, 0 to remove and 0 not upgraded.
Jun 16 01:37:14 base-installer: info: Installing queued packages into /target/.
Jun 16 01:37:15 in-target: Reading package lists...
Jun 16 01:37:15 in-target: 
Jun 16 01:37:15 in-target: Building dependency tree...
Jun 16 01:37:15 in-target: 
Jun 16 01:37:15 in-target: Reading state information...
Jun 16 01:37:15 in-target: 
Jun 16 01:37:15 in-target: udev is already the newest version (229-4ubuntu16).
Jun 16 01:37:15 in-target: 0 upgraded, 0 newly installed, 0 to remove and 0 not upgraded.
Jun 16 01:37:15 in-target: Reading package lists...
Jun 16 01:37:15 in-target: 
Jun 16 01:37:15 in-target: Building dependency tree...
Jun 16 01:37:15 in-target: 
Jun 16 01:37:15 in-target: Reading state information...
Jun 16 01:37:15 in-target: 
Jun 16 01:37:15 in-target: The following additional packages will be installed:
Jun 16 01:37:15 in-target:   libpci3
Jun 16 01:37:15 in-target: Suggested packages:
Jun 16 01:37:15 in-target:   wget | curl | lynx-cur
Jun 16 01:37:15 in-target: The following NEW packages will be installed:
Jun 16 01:37:15 in-target:   libpci3 pciutils
Jun 16 01:37:15 in-target: 0 upgraded, 2 newly installed, 0 to remove and 0 not upgraded.
Jun 16 01:37:15 in-target: Need to get 0 B/258 kB of archives.
Jun 16 01:37:15 in-target: After this operation, 1,288 kB of additional disk space will be used.
Jun 16 01:37:15 in-target: Get:1 cdrom://Ubuntu-Server 16.04.2 LTS _Xenial Xerus_ - Release amd64 (20170215.8) xenial/main amd64 libpci3 amd64 1:3.3.1-1.1ubuntu1 [24.3 kB]
Jun 16 01:37:15 in-target: Get:2 cdrom://Ubuntu-Server 16.04.2 LTS _Xenial Xerus_ - Release amd64 (20170215.8) xenial/main amd64 pciutils amd64 1:3.3.1-1.1ubuntu1 [234 kB]
Jun 16 01:37:15 in-target: Selecting previously unselected package libpci3:amd64.^M
Jun 16 01:37:15 in-target: (Reading database ... ^M
Jun 16 01:37:15 in-target: (Reading database ... 5%^M(Reading database ... 10%^M(Reading database ... 15%^M(Reading database ... 20%^M(Reading database ... 25%^M(Reading database ... 30%^M(Reading database ... 35%^M(Reading database ... 40%^M(Reading database ... 45%^M(Reading database ... 50%^M(Reading database ... 55%^M
Jun 16 01:37:15 in-target: (Reading database ... 60%^M(Reading database ... 65%^M(Reading database ... 70%^M
Jun 16 01:37:15 in-target: (Reading database ... 75%^M
Jun 16 01:37:15 in-target: (Reading database ... 80%^M
Jun 16 01:37:15 in-target: (Reading database ... 85%^M
Jun 16 01:37:15 in-target: (Reading database ... 90%^M
Jun 16 01:37:15 in-target: (Reading database ... 95%^M
Jun 16 01:37:15 in-target: (Reading database ... 100%^M(Reading database ... 
Jun 16 01:37:15 in-target: 44204 files and directories currently installed.)^M
Jun 16 01:37:15 in-target: Preparing to unpack .../libpci3_3.3.1-1.1ubuntu1_amd64.deb ...^M
Jun 16 01:37:15 in-target: Unpacking libpci3:amd64 (1:3.3.1-1.1ubuntu1) ...^M
Jun 16 01:37:15 in-target: Selecting previously unselected package pciutils.^M
Jun 16 01:37:15 in-target: Preparing to unpack .../pciutils_3.3.1-1.1ubuntu1_amd64.deb ...^M
Jun 16 01:37:15 in-target: Unpacking pciutils (1:3.3.1-1.1ubuntu1) ...^M
Jun 16 01:37:15 in-target: Processing triggers for libc-bin (2.23-0ubuntu5) ...^M
Jun 16 01:37:15 in-target: Setting up libpci3:amd64 (1:3.3.1-1.1ubuntu1) ...
Jun 16 01:37:15 in-target: ^M
Jun 16 01:37:15 in-target: Setting up pciutils (1:3.3.1-1.1ubuntu1) ...
Jun 16 01:37:15 in-target: ^M
Jun 16 01:37:15 in-target: Processing triggers for libc-bin (2.23-0ubuntu5) ...
Jun 16 01:37:15 in-target: ^M
Jun 16 01:37:16 in-target: Reading package lists...
Jun 16 01:37:16 in-target: 
Jun 16 01:37:16 in-target: Building dependency tree...
Jun 16 01:37:16 in-target: 
Jun 16 01:37:16 in-target: Reading state information...
Jun 16 01:37:16 in-target: 
Jun 16 01:37:16 in-target: The following additional packages will be installed:
Jun 16 01:37:16 in-target:   libusb-1.0-0
Jun 16 01:37:16 in-target: Suggested packages:
Jun 16 01:37:16 in-target:   wget | lynx-cur
Jun 16 01:37:16 in-target: The following NEW packages will be installed:
Jun 16 01:37:16 in-target:   libusb-1.0-0 usbutils
Jun 16 01:37:16 in-target: 0 upgraded, 2 newly installed, 0 to remove and 0 not upgraded.
Jun 16 01:37:16 in-target: Need to get 0 B/249 kB of archives.
Jun 16 01:37:16 in-target: After this operation, 846 kB of additional disk space will be used.
Jun 16 01:37:16 in-target: Get:1 cdrom://Ubuntu-Server 16.04.2 LTS _Xenial Xerus_ - Release amd64 (20170215.8) xenial/main amd64 libusb-1.0-0 amd64 2:1.0.20-1 [42.9 kB]
Jun 16 01:37:16 in-target: Get:2 cdrom://Ubuntu-Server 16.04.2 LTS _Xenial Xerus_ - Release amd64 (20170215.8) xenial/main amd64 usbutils amd64 1:007-4 [206 kB]
Jun 16 01:37:16 in-target: Selecting previously unselected package libusb-1.0-0:amd64.^M
Jun 16 01:37:16 in-target: (Reading database ... ^M
Jun 16 01:37:16 in-target: (Reading database ... 5%^M(Reading database ... 10%^M(Reading database ... 15%^M(Reading database ... 20%^M(Reading database ... 25%^M(Reading database ... 30%^M(Reading database ... 35%^M(Reading database ... 40%^M
Jun 16 01:37:16 in-target: (Reading database ... 45%^M
Jun 16 01:37:16 in-target: (Reading database ... 50%^M(Reading database ... 55%^M
Jun 16 01:37:16 in-target: (Reading database ... 60%^M
Jun 16 01:37:16 in-target: (Reading database ... 65%^M(Reading database ... 70%^M
Jun 16 01:37:16 in-target: (Reading database ... 75%^M
Jun 16 01:37:16 in-target: (Reading database ... 80%^M
Jun 16 01:37:16 in-target: (Reading database ... 85%^M
Jun 16 01:37:16 in-target: (Reading database ... 90%^M
Jun 16 01:37:16 in-target: (Reading database ... 95%^M
Jun 16 01:37:16 in-target: (Reading database ... 100%^M(Reading database ... 
Jun 16 01:37:16 in-target: 44226 files and directories currently installed.)
Jun 16 01:37:16 in-target: ^M
Jun 16 01:37:16 in-target: Preparing to unpack .../libusb-1.0-0_1.0.20-1_amd64.deb ...^M
Jun 16 01:37:16 in-target: Unpacking libusb-1.0-0:amd64 (2:1.0.20-1) ...^M
Jun 16 01:37:16 in-target: Selecting previously unselected package usbutils.^M
